159.65.172.77 - - [05/May/2021:01:37:26 -0300] "GET / HTTP/1.0" 200 386 "-" "Mozilla/5.0 (compatible; NetcraftSurveyAgent/1.0; +info@netcraft.com)"
167.99.127.198 - - [05/May/2021:01:17:29 -0300] "GET / HTTP/1.0" 200 10020 "-" "Mozilla/5.0 (compatible; NetcraftSurveyAgent/1.0; +info@netcraft.com)"
159.65.172.77 - - [05/May/2021:01:37:26 -0300] "GET / HTTP/1.0" 200 10020 "-" "Mozilla/5.0 (compatible; NetcraftSurveyAgent/1.0; +info@netcraft.com)"
107.150.63.173 - - [06/May/2021:21:31:22 -0300] "GET / HTTP/1.0" 200 386 "http://www.google.com.hk" "Mozilla/5.0 (Windows NT 6.1; WOW64) AppleWebKit/537.36 (KHTML, like Gecko) Chrome/42.0.2311.90 Safari/537.36"
107.150.63.173 - - [06/May/2021:21:31:22 -0300] "GET / HTTP/1.1" 200 10020 "http://www.google.com.hk" "Mozilla/5.0 (Windows NT 6.1; WOW64) AppleWebKit/537.36 (KHTML, like Gecko) Chrome/42.0.2311.90 Safari/537.36"
52.146.43.17 - - [07/May/2021:11:23:13 -0300] "GET /.env HTTP/1.0" 404 1461 "-" "Mozilla/5.0 (X11; Linux x86_64) AppleWebKit/537.36 (KHTML, like Gecko) Chrome/81.0.4044.129 Safari/537.36"
52.146.43.17 - - [07/May/2021:11:23:16 -0300] "POST / HTTP/1.0" 200 10473 "-" "Mozilla/5.0 (X11; Linux x86_64) AppleWebKit/537.36 (KHTML, like Gecko) Chrome/81.0.4044.129 Safari/537.36"
143.244.35.73 - - [07/May/2021:19:42:33 -0300] "GET /.env HTTP/1.0" 404 1461 "-" "Mozilla/5.0 (X11; Linux x86_64) AppleWebKit/537.36 (KHTML, like Gecko) Chrome/81.0.4044.129 Safari/537.36"
143.244.35.73 - - [07/May/2021:19:42:54 -0300] "POST / HTTP/1.0" 200 10473 "-" "Mozilla/5.0 (X11; Linux x86_64) AppleWebKit/537.36 (KHTML, like Gecko) Chrome/81.0.4044.129 Safari/537.36"
192.151.156.189 - - [10/May/2021:05:00:12 -0300] "GET / HTTP/1.0" 200 386 "http://www.google.com.hk" "Mozilla/5.0 (Windows NT 6.1; WOW64) AppleWebKit/537.36 (KHTML, like Gecko) Chrome/42.0.2311.90 Safari/537.36"
3.129.44.77 - - [10/May/2021:09:06:18 -0300] "GET / HTTP/1.0" 200 386 "-" "Mozilla/5.0 (Windows NT 10.0; Win64; x64) AppleWebKit/537.36 (KHTML, like Gecko) Chrome/72.0.3626.119 Safari/537.36"
198.204.240.245 - - [10/May/2021:21:42:12 -0300] "GET / HTTP/1.0" 200 386 "http://www.google.com.hk" "Mozilla/5.0 (Windows NT 6.1; WOW64) AppleWebKit/537.36 (KHTML, like Gecko) Chrome/42.0.2311.90 Safari/537.36"
192.151.156.189 - - [10/May/2021:05:00:12 -0300] "GET / HTTP/1.1" 200 10020 "http://www.google.com.hk" "Mozilla/5.0 (Windows NT 6.1; WOW64) AppleWebKit/537.36 (KHTML, like Gecko) Chrome/42.0.2311.90 Safari/537.36"
3.129.44.77 - - [10/May/2021:09:06:18 -0300] "GET / HTTP/1.1" 200 10020 "-" "Mozilla/5.0 (Windows NT 10.0; Win64; x64) AppleWebKit/537.36 (KHTML, like Gecko) Chrome/72.0.3626.119 Safari/537.36"
198.204.240.245 - - [10/May/2021:21:42:12 -0300] "GET / HTTP/1.1" 200 10020 "http://www.google.com.hk" "Mozilla/5.0 (Windows NT 6.1; WOW64) AppleWebKit/537.36 (KHTML, like Gecko) Chrome/42.0.2311.90 Safari/537.36"
107.150.63.174 - - [12/May/2021:00:47:30 -0300] "GET / HTTP/1.0" 200 386 "http://www.google.com.hk" "Mozilla/5.0 (Windows NT 6.1; WOW64) AppleWebKit/537.36 (KHTML, like Gecko) Chrome/42.0.2311.90 Safari/537.36"
54.194.67.11 - - [12/May/2021:00:49:36 -0300] "GET /robots.txt HTTP/1.0" 404 1461 "-" "PleskBot"
54.194.67.11 - - [12/May/2021:00:49:38 -0300] "GET / HTTP/1.0" 200 386 "-" "PleskBot"
192.151.156.187 - - [13/May/2021:00:02:28 -0300] "GET // HTTP/1.0" 200 386 "http://www.google.com.hk" "Mozilla/5.0 (Windows NT 6.1; WOW64) AppleWebKit/537.36 (KHTML, like Gecko) Chrome/42.0.2311.90 Safari/537.36"
107.150.63.174 - - [12/May/2021:00:47:30 -0300] "GET / HTTP/1.1" 200 10020 "http://www.google.com.hk" "Mozilla/5.0 (Windows NT 6.1; WOW64) AppleWebKit/537.36 (KHTML, like Gecko) Chrome/42.0.2311.90 Safari/537.36"
54.194.67.11 - - [12/May/2021:00:49:38 -0300] "GET / HTTP/1.1" 200 10020 "-" "PleskBot"
192.151.156.187 - - [13/May/2021:00:02:28 -0300] "GET // HTTP/1.1" 200 10020 "http://www.google.com.hk" "Mozilla/5.0 (Windows NT 6.1; WOW64) AppleWebKit/537.36 (KHTML, like Gecko) Chrome/42.0.2311.90 Safari/537.36"
177.143.22.218 - - [16/May/2021:13:04:55 -0300] "GET /fundamental-I/wgc_media/photos/02.jpg HTTP/1.0" 200 414 "https://www.google.com/" "Mozilla/5.0 (Windows NT 10.0; Win64; x64) AppleWebKit/537.36 (KHTML, like Gecko) Chrome/90.0.4430.212 Safari/537.36"
177.143.22.218 - - [16/May/2021:13:04:55 -0300] "GET /infantil/wgc_media/photos/02.jpg HTTP/1.0" 200 409 "https://www.google.com/" "Mozilla/5.0 (Windows NT 10.0; Win64; x64) AppleWebKit/537.36 (KHTML, like Gecko) Chrome/90.0.4430.212 Safari/537.36"
177.143.22.218 - - [16/May/2021:13:04:55 -0300] "GET /fundamental-I/wgc_media/photos/02.jpg HTTP/1.1" 200 36747 "https://www.google.com/" "Mozilla/5.0 (Windows NT 10.0; Win64; x64) AppleWebKit/537.36 (KHTML, like Gecko) Chrome/90.0.4430.212 Safari/537.36"
177.143.22.218 - - [16/May/2021:13:04:56 -0300] "GET /infantil/wgc_media/photos/02.jpg HTTP/1.1" 200 41208 "https://www.google.com/" "Mozilla/5.0 (Windows NT 10.0; Win64; x64) AppleWebKit/537.36 (KHTML, like Gecko) Chrome/90.0.4430.212 Safari/537.36"
173.208.246.46 - - [18/May/2021:05:57:56 -0300] "GET / HTTP/1.0" 200 386 "http://www.google.com.hk" "Mozilla/5.0 (Windows NT 6.1; WOW64) AppleWebKit/537.36 (KHTML, like Gecko) Chrome/42.0.2311.90 Safari/537.36"
173.208.246.46 - - [18/May/2021:05:57:56 -0300] "GET / HTTP/1.1" 200 10020 "http://www.google.com.hk" "Mozilla/5.0 (Windows NT 6.1; WOW64) AppleWebKit/537.36 (KHTML, like Gecko) Chrome/42.0.2311.90 Safari/537.36"
52.14.40.179 - - [18/May/2021:23:46:15 -0300] "HEAD / HTTP/1.0" 200 137 "-" "Mozilla/5.0 (Windows NT 10.0; Win64; x64) AppleWebKit/537.36 (KHTML, like Gecko) Chrome/74.0.3729.157 Safari/537.36"
51.158.66.83 - - [19/May/2021:03:34:02 -0300] "GET / HTTP/1.0" 200 386 "-" "-"
51.158.66.83 - - [19/May/2021:03:34:02 -0300] "GET / HTTP/1.1" 200 10020 "-" "-"
107.150.59.243 - - [19/May/2021:21:41:32 -0300] "GET // HTTP/1.0" 200 386 "http://www.google.com.hk" "Mozilla/5.0 (Windows NT 6.1; WOW64) AppleWebKit/537.36 (KHTML, like Gecko) Chrome/42.0.2311.90 Safari/537.36"
51.158.98.24 - - [19/May/2021:22:49:18 -0300] "GET / HTTP/1.0" 200 386 "-" "-"
54.194.190.150 - - [20/May/2021:00:37:46 -0300] "GET /robots.txt HTTP/1.0" 404 1461 "-" "PleskBot"
54.194.190.150 - - [20/May/2021:00:37:47 -0300] "GET / HTTP/1.0" 200 386 "-" "PleskBot"
107.150.59.243 - - [19/May/2021:21:41:32 -0300] "GET // HTTP/1.1" 200 10020 "http://www.google.com.hk" "Mozilla/5.0 (Windows NT 6.1; WOW64) AppleWebKit/537.36 (KHTML, like Gecko) Chrome/42.0.2311.90 Safari/537.36"
51.158.98.24 - - [19/May/2021:22:49:18 -0300] "GET / HTTP/1.1" 200 10020 "-" "-"
54.194.190.150 - - [20/May/2021:00:37:47 -0300] "GET / HTTP/1.1" 200 10020 "-" "PleskBot"
54.242.254.51 - - [20/May/2021:23:57:40 -0300] "GET / HTTP/1.0" 200 386 "-" "Mozilla/5.0 (Windows NT 6.1; Win64; x64) AppleWebKit/537.36 (KHTML, like Gecko) Chrome/74.0.3729.131 Safari/537.36"
54.242.254.51 - - [20/May/2021:23:57:40 -0300] "GET / HTTP/1.1" 200 10020 "-" "Mozilla/5.0 (Windows NT 6.1; Win64; x64) AppleWebKit/537.36 (KHTML, like Gecko) Chrome/74.0.3729.131 Safari/537.36"
82.165.117.55 - - [23/May/2021:03:32:32 -0300] "POST /wp-content/db-cache.php HTTP/1.0" 404 1461 "-" "python-requests/2.25.1"
179.152.206.90 - - [25/May/2021:15:59:36 -0300] "GET /fundamental-I/wgc_media/photos/02.jpg HTTP/1.0" 200 414 "https://www.google.com/" "Mozilla/5.0 (Windows NT 10.0; Win64; x64) AppleWebKit/537.36 (KHTML, like Gecko) Chrome/90.0.4430.212 Safari/537.36"
179.152.206.90 - - [25/May/2021:15:59:36 -0300] "GET /infantil/wgc_media/photos/02.jpg HTTP/1.0" 200 409 "https://www.google.com/" "Mozilla/5.0 (Windows NT 10.0; Win64; x64) AppleWebKit/537.36 (KHTML, like Gecko) Chrome/90.0.4430.212 Safari/537.36"
179.152.206.90 - - [25/May/2021:15:59:36 -0300] "GET /fundamental-I/wgc_media/photos/02.jpg HTTP/1.1" 200 36747 "https://www.google.com/" "Mozilla/5.0 (Windows NT 10.0; Win64; x64) AppleWebKit/537.36 (KHTML, like Gecko) Chrome/90.0.4430.212 Safari/537.36"
179.152.206.90 - - [25/May/2021:15:59:36 -0300] "GET /infantil/wgc_media/photos/02.jpg HTTP/1.1" 200 41208 "https://www.google.com/" "Mozilla/5.0 (Windows NT 10.0; Win64; x64) AppleWebKit/537.36 (KHTML, like Gecko) Chrome/90.0.4430.212 Safari/537.36"
107.150.46.52 - - [27/May/2021:09:53:17 -0300] "GET // HTTP/1.0" 200 386 "http://www.google.com.hk" "Mozilla/5.0 (Windows NT 6.1; WOW64) AppleWebKit/537.36 (KHTML, like Gecko) Chrome/42.0.2311.90 Safari/537.36"
54.195.61.142 - - [28/May/2021:00:53:07 -0300] "GET /robots.txt HTTP/1.0" 404 1461 "-" "PleskBot"
54.195.61.142 - - [28/May/2021:00:53:08 -0300] "GET / HTTP/1.0" 200 386 "-" "PleskBot"
107.150.46.52 - - [27/May/2021:09:53:17 -0300] "GET // HTTP/1.1" 200 10020 "http://www.google.com.hk" "Mozilla/5.0 (Windows NT 6.1; WOW64) AppleWebKit/537.36 (KHTML, like Gecko) Chrome/42.0.2311.90 Safari/537.36"
54.195.61.142 - - [28/May/2021:00:53:08 -0300] "GET / HTTP/1.1" 200 10020 "-" "PleskBot"
152.250.190.40 - - [30/May/2021:13:02:00 -0300] "GET /infantil/wgc_media/photos/01.jpg HTTP/1.0" 200 409 "https://www.google.com/" "Mozilla/5.0 (Windows NT 10.0; Win64; x64) AppleWebKit/537.36 (KHTML, like Gecko) Chrome/90.0.4430.212 Safari/537.36"
152.250.190.40 - - [30/May/2021:13:02:00 -0300] "GET /infantil/wgc_media/photos/01.jpg HTTP/1.1" 200 38033 "https://www.google.com/" "Mozilla/5.0 (Windows NT 10.0; Win64; x64) AppleWebKit/537.36 (KHTML, like Gecko) Chrome/90.0.4430.212 Safari/537.36"
168.63.248.225 - - [01/Jun/2021:08:48:41 -0300] "GET /.env HTTP/1.0" 404 1461 "-" "Mozilla/5.0 (X11; Linux x86_64) AppleWebKit/537.36 (KHTML, like Gecko) Chrome/81.0.4044.129 Safari/537.36"
168.63.248.225 - - [01/Jun/2021:08:48:44 -0300] "GET /vendor/.env HTTP/1.0" 404 1461 "-" "Mozilla/5.0 (X11; Linux x86_64) AppleWebKit/537.36 (KHTML, like Gecko) Chrome/81.0.4044.129 Safari/537.36"
168.63.248.225 - - [01/Jun/2021:08:48:47 -0300] "GET /storage/.env HTTP/1.0" 404 1461 "-" "Mozilla/5.0 (X11; Linux x86_64) AppleWebKit/537.36 (KHTML, like Gecko) Chrome/81.0.4044.129 Safari/537.36"
168.63.248.225 - - [01/Jun/2021:08:48:49 -0300] "GET /public/.env HTTP/1.0" 404 1461 "-" "Mozilla/5.0 (X11; Linux x86_64) AppleWebKit/537.36 (KHTML, like Gecko) Chrome/81.0.4044.129 Safari/537.36"
168.63.248.225 - - [01/Jun/2021:08:48:51 -0300] "POST / HTTP/1.0" 200 10473 "-" "Mozilla/5.0 (X11; Linux x86_64) AppleWebKit/537.36 (KHTML, like Gecko) Chrome/81.0.4044.129 Safari/537.36"
69.197.185.132 - - [01/Jun/2021:16:48:59 -0300] "GET / HTTP/1.0" 200 386 "http://www.google.com.hk" "Mozilla/5.0 (Windows NT 6.1; WOW64) AppleWebKit/537.36 (KHTML, like Gecko) Chrome/42.0.2311.90 Safari/537.36"
69.197.185.132 - - [01/Jun/2021:16:48:59 -0300] "GET / HTTP/1.1" 200 10020 "http://www.google.com.hk" "Mozilla/5.0 (Windows NT 6.1; WOW64) AppleWebKit/537.36 (KHTML, like Gecko) Chrome/42.0.2311.90 Safari/537.36"
134.122.5.199 - - [03/Jun/2021:15:08:02 -0300] "GET / HTTP/1.0" 200 386 "-" "Mozilla/5.0 (compatible; NetcraftSurveyAgent/1.0; +info@netcraft.com)"
104.131.59.78 - - [03/Jun/2021:15:57:04 -0300] "GET / HTTP/1.0" 200 386 "-" "Mozilla/5.0 (compatible; NetcraftSurveyAgent/1.0; +info@netcraft.com)"
134.122.5.199 - - [03/Jun/2021:15:08:02 -0300] "GET / HTTP/1.0" 200 10020 "-" "Mozilla/5.0 (compatible; NetcraftSurveyAgent/1.0; +info@netcraft.com)"
104.131.59.78 - - [03/Jun/2021:15:57:04 -0300] "GET / HTTP/1.0" 200 10020 "-" "Mozilla/5.0 (compatible; NetcraftSurveyAgent/1.0; +info@netcraft.com)"
3.139.96.67 - - [04/Jun/2021:08:38:54 -0300] "GET / HTTP/1.0" 200 386 "-" "Mozilla/5.0 (Windows NT 10.0; Win64; x64) AppleWebKit/537.36 (KHTML, like Gecko) Chrome/72.0.3626.119 Safari/537.36"
3.8.19.21 - - [04/Jun/2021:09:55:25 -0300] "HEAD / HTTP/1.0" 200 137 "-" "Mozilla/5.0 (Macintosh; Intel Mac OS X 10_14_4) AppleWebKit/605.1.15 (KHTML, like Gecko) Version/12.1 Safari/605.1.15"
191.101.174.8 - - [04/Jun/2021:10:25:43 -0300] "GET /.env HTTP/1.0" 404 1461 "-" "Mozilla/5.0 (X11; Linux x86_64) AppleWebKit/537.36 (KHTML, like Gecko) Chrome/81.0.4044.129 Safari/537.36"
191.101.174.8 - - [04/Jun/2021:10:26:57 -0300] "POST / HTTP/1.0" 200 10473 "-" "Mozilla/5.0 (X11; Linux x86_64) AppleWebKit/537.36 (KHTML, like Gecko) Chrome/81.0.4044.129 Safari/537.36"
54.155.240.33 - - [05/Jun/2021:00:05:10 -0300] "GET /robots.txt HTTP/1.0" 404 1461 "-" "PleskBot"
54.155.240.33 - - [05/Jun/2021:00:05:11 -0300] "GET / HTTP/1.0" 200 386 "-" "PleskBot"
3.139.96.67 - - [04/Jun/2021:08:38:54 -0300] "GET / HTTP/1.1" 200 10020 "-" "Mozilla/5.0 (Windows NT 10.0; Win64; x64) AppleWebKit/537.36 (KHTML, like Gecko) Chrome/72.0.3626.119 Safari/537.36"
54.155.240.33 - - [05/Jun/2021:00:05:11 -0300] "GET / HTTP/1.1" 200 10020 "-" "PleskBot"
179.43.169.181 - - [05/Jun/2021:06:42:45 -0300] "GET / HTTP/1.0" 200 386 "-" "Mozilla/5.0 (X11; Linux i686; rv:10.0) Gecko/20100101 Firefox/10.0"
69.4.89.106 - - [05/Jun/2021:06:50:59 -0300] "GET / HTTP/1.0" 200 386 "-" "Mozilla/5.0 (Macintosh; Intel Mac OS X 10.13; rv:58.0) Gecko/20100101 Firefox/58.0"
69.4.89.106 - - [05/Jun/2021:06:50:59 -0300] "GET / HTTP/1.0" 200 386 "-" "Mozilla/5.0 (Macintosh; Intel Mac OS X 10_12_6) AppleWebKit/537.36 (KHTML, like Gecko) Chrome/64.0.3282.186 Safari/537.36"
69.4.87.74 - - [05/Jun/2021:08:42:08 -0300] "GET / HTTP/1.0" 200 386 "-" "Mozilla/5.0 (Linux; Android 7.0; SM-G930V Build/NRD90M) AppleWebKit/537.36 (KHTML, like Gecko) Chrome/59.0.3071.125 Mobile Safari/537.36"
69.4.87.74 - - [05/Jun/2021:08:42:08 -0300] "GET / HTTP/1.0" 200 386 "-" "Mozilla/5.0 (Linux; Android 7.0; SM-G930V Build/NRD90M) AppleWebKit/537.36 (KHTML, like Gecko) Chrome/59.0.3071.125 Mobile Safari/537.36"
93.119.227.34 - - [05/Jun/2021:15:52:28 -0300] "GET / HTTP/1.0" 200 386 "-" "Mozilla/5.0 (Linux; U; Android 4.4.2; en-us; SCH-I535 Build/KOT49H) AppleWebKit/534.30 (KHTML, like Gecko) Version/4.0 Mobile Safari/534.30"
93.119.227.34 - - [05/Jun/2021:15:52:28 -0300] "GET / HTTP/1.0" 200 386 "-" "Mozilla/5.0 (iPhone; CPU iPhone OS 10_3_1 like Mac OS X) AppleWebKit/603.1.30 (KHTML, like Gecko) Version/10.0 Mobile/14E304 Safari/602.1"
179.43.169.181 - - [05/Jun/2021:06:42:45 -0300] "GET / HTTP/1.1" 200 10020 "-" "Mozilla/5.0 (X11; Linux i686; rv:10.0) Gecko/20100101 Firefox/10.0"
69.4.89.106 - - [05/Jun/2021:06:50:59 -0300] "GET / HTTP/1.1" 200 10020 "-" "Mozilla/5.0 (Macintosh; Intel Mac OS X 10.13; rv:58.0) Gecko/20100101 Firefox/58.0"
69.4.89.106 - - [05/Jun/2021:06:50:59 -0300] "GET / HTTP/1.1" 200 10020 "-" "Mozilla/5.0 (Macintosh; Intel Mac OS X 10_12_6) AppleWebKit/537.36 (KHTML, like Gecko) Chrome/64.0.3282.186 Safari/537.36"
69.4.87.74 - - [05/Jun/2021:08:42:08 -0300] "GET / HTTP/1.1" 200 10020 "-" "Mozilla/5.0 (Linux; Android 7.0; SM-G930V Build/NRD90M) AppleWebKit/537.36 (KHTML, like Gecko) Chrome/59.0.3071.125 Mobile Safari/537.36"
69.4.87.74 - - [05/Jun/2021:08:42:08 -0300] "GET / HTTP/1.1" 200 10020 "-" "Mozilla/5.0 (Linux; Android 7.0; SM-G930V Build/NRD90M) AppleWebKit/537.36 (KHTML, like Gecko) Chrome/59.0.3071.125 Mobile Safari/537.36"
93.119.227.34 - - [05/Jun/2021:15:52:28 -0300] "GET / HTTP/1.1" 200 10020 "-" "Mozilla/5.0 (Linux; U; Android 4.4.2; en-us; SCH-I535 Build/KOT49H) AppleWebKit/534.30 (KHTML, like Gecko) Version/4.0 Mobile Safari/534.30"
93.119.227.34 - - [05/Jun/2021:15:52:28 -0300] "GET / HTTP/1.1" 200 10020 "-" "Mozilla/5.0 (iPhone; CPU iPhone OS 10_3_1 like Mac OS X) AppleWebKit/603.1.30 (KHTML, like Gecko) Version/10.0 Mobile/14E304 Safari/602.1"
212.83.146.233 - - [06/Jun/2021:06:19:39 -0300] "GET / HTTP/1.0" 200 386 "-" "Mozilla/5.0 (X11; Ubuntu; Linux x86_64; rv:58.0) Gecko/20100101 Firefox/58.0"
13.86.152.126 - - [06/Jun/2021:16:48:53 -0300] "GET //.env HTTP/1.0" 404 1461 "-" "python-requests/2.25.1"
13.86.152.126 - - [06/Jun/2021:16:49:11 -0300] "GET //vendor/phpunit/phpunit/src/Util/PHP/eval-stdin.php HTTP/1.0" 404 1461 "-" "python-requests/2.25.1"
13.86.152.126 - - [06/Jun/2021:19:51:14 -0300] "GET /.env HTTP/1.0" 404 1461 "-" "Mozilla/5.0 (X11; Linux x86_64) AppleWebKit/537.36 (KHTML, like Gecko) Chrome/81.0.4044.129 Safari/537.36"
13.86.152.126 - - [06/Jun/2021:19:51:18 -0300] "POST / HTTP/1.0" 200 10473 "-" "Mozilla/5.0 (X11; Linux x86_64) AppleWebKit/537.36 (KHTML, like Gecko) Chrome/81.0.4044.129 Safari/537.36"
212.83.146.233 - - [06/Jun/2021:06:19:39 -0300] "GET / HTTP/1.1" 200 10020 "-" "Mozilla/5.0 (X11; Ubuntu; Linux x86_64; rv:58.0) Gecko/20100101 Firefox/58.0"
93.119.227.19 - - [07/Jun/2021:07:05:47 -0300] "GET / HTTP/1.0" 200 386 "-" "Mozilla/5.0 (Linux; U; Android 4.4.2; en-us; SCH-I535 Build/KOT49H) AppleWebKit/534.30 (KHTML, like Gecko) Version/4.0 Mobile Safari/534.30"
93.119.227.19 - - [07/Jun/2021:07:05:47 -0300] "GET / HTTP/1.0" 200 386 "-" "Mozilla/5.0 (Windows NT 10.0; Win64; x64; rv:58.0) Gecko/20100101 Firefox/58.0"
93.119.227.91 - - [07/Jun/2021:17:58:41 -0300] "GET / HTTP/1.0" 200 386 "-" "Mozilla/5.0 (Macintosh; Intel Mac OS X 10.13; rv:58.0) Gecko/20100101 Firefox/58.0"
93.119.227.91 - - [07/Jun/2021:17:58:42 -0300] "GET / HTTP/1.0" 200 386 "-" "Mozilla/5.0 (Windows NT 6.1; Win64; x64) AppleWebKit/537.36 (KHTML, like Gecko) Chrome/64.0.3282.186 Safari/537.36"
93.119.227.19 - - [07/Jun/2021:07:05:47 -0300] "GET / HTTP/1.1" 200 10020 "-" "Mozilla/5.0 (Linux; U; Android 4.4.2; en-us; SCH-I535 Build/KOT49H) AppleWebKit/534.30 (KHTML, like Gecko) Version/4.0 Mobile Safari/534.30"
93.119.227.19 - - [07/Jun/2021:07:05:47 -0300] "GET / HTTP/1.1" 200 10020 "-" "Mozilla/5.0 (Windows NT 10.0; Win64; x64; rv:58.0) Gecko/20100101 Firefox/58.0"
93.119.227.91 - - [07/Jun/2021:17:58:41 -0300] "GET / HTTP/1.1" 200 10020 "-" "Mozilla/5.0 (Macintosh; Intel Mac OS X 10.13; rv:58.0) Gecko/20100101 Firefox/58.0"
93.119.227.91 - - [07/Jun/2021:17:58:42 -0300] "GET / HTTP/1.1" 200 10020 "-" "Mozilla/5.0 (Windows NT 6.1; Win64; x64) AppleWebKit/537.36 (KHTML, like Gecko) Chrome/64.0.3282.186 Safari/537.36"
18.135.6.56 - - [08/Jun/2021:09:10:40 -0300] "GET / HTTP/1.0" 200 386 "-" "Mozilla/5.0 (Windows NT 10.0; Win64; x64) AppleWebKit/537.36 (KHTML, like Gecko) Chrome/74.0.3729.157 Safari/537.36"
18.135.6.56 - - [08/Jun/2021:09:10:40 -0300] "GET / HTTP/1.1" 200 10020 "-" "Mozilla/5.0 (Windows NT 10.0; Win64; x64) AppleWebKit/537.36 (KHTML, like Gecko) Chrome/74.0.3729.157 Safari/537.36"
92.118.160.57 - - [11/Jun/2021:20:44:03 -0300] "GET / HTTP/1.0" 200 386 "-" "NetSystemsResearch studies the availability of various services across the internet. Our website is netsystemsresearch.com"
92.118.160.57 - - [11/Jun/2021:20:44:03 -0300] "GET / HTTP/1.1" 200 10020 "-" "NetSystemsResearch studies the availability of various services across the internet. Our website is netsystemsresearch.com"
34.77.162.12 - - [12/Jun/2021:07:34:40 -0300] "GET / HTTP/1.0" 200 386 "-" "Expanse, a Palo Alto Networks company, searches across the global IPv4 space multiple times per day to identify customers&#39; presences on the Internet. If you would like to be excluded from our scans, please send IP addresses/domains to: scaninfo@paloaltonetworks.com"
34.77.162.3 - - [12/Jun/2021:18:52:53 -0300] "GET / HTTP/1.0" 200 386 "-" "Expanse, a Palo Alto Networks company, searches across the global IPv4 space multiple times per day to identify customers&#39; presences on the Internet. If you would like to be excluded from our scans, please send IP addresses/domains to: scaninfo@paloaltonetworks.com"
3.249.16.202 - - [12/Jun/2021:23:33:50 -0300] "GET /robots.txt HTTP/1.0" 404 1461 "-" "PleskBot"
3.249.16.202 - - [12/Jun/2021:23:33:51 -0300] "GET / HTTP/1.0" 200 386 "-" "PleskBot"
34.77.162.12 - - [12/Jun/2021:07:34:40 -0300] "GET / HTTP/1.1" 200 10020 "-" "Expanse, a Palo Alto Networks company, searches across the global IPv4 space multiple times per day to identify customers&#39; presences on the Internet. If you would like to be excluded from our scans, please send IP addresses/domains to: scaninfo@paloaltonetworks.com"
34.77.162.3 - - [12/Jun/2021:18:52:53 -0300] "GET / HTTP/1.1" 200 10020 "-" "Expanse, a Palo Alto Networks company, searches across the global IPv4 space multiple times per day to identify customers&#39; presences on the Internet. If you would like to be excluded from our scans, please send IP addresses/domains to: scaninfo@paloaltonetworks.com"
3.249.16.202 - - [12/Jun/2021:23:33:51 -0300] "GET / HTTP/1.1" 200 10020 "-" "PleskBot"
92.118.160.13 - - [14/Jun/2021:18:18:08 -0300] "GET / HTTP/1.0" 200 386 "-" "NetSystemsResearch studies the availability of various services across the internet. Our website is netsystemsresearch.com"
34.77.162.2 - - [14/Jun/2021:22:16:47 -0300] "GET / HTTP/1.0" 200 386 "-" "Expanse, a Palo Alto Networks company, searches across the global IPv4 space multiple times per day to identify customers&#39; presences on the Internet. If you would like to be excluded from our scans, please send IP addresses/domains to: scaninfo@paloaltonetworks.com"
34.77.162.15 - - [15/Jun/2021:00:51:34 -0300] "GET / HTTP/1.0" 200 386 "-" "Expanse, a Palo Alto Networks company, searches across the global IPv4 space multiple times per day to identify customers&#39; presences on the Internet. If you would like to be excluded from our scans, please send IP addresses/domains to: scaninfo@paloaltonetworks.com"
92.118.160.13 - - [14/Jun/2021:18:18:08 -0300] "GET / HTTP/1.1" 200 10020 "-" "NetSystemsResearch studies the availability of various services across the internet. Our website is netsystemsresearch.com"
34.77.162.2 - - [14/Jun/2021:22:16:47 -0300] "GET / HTTP/1.1" 200 10020 "-" "Expanse, a Palo Alto Networks company, searches across the global IPv4 space multiple times per day to identify customers&#39; presences on the Internet. If you would like to be excluded from our scans, please send IP addresses/domains to: scaninfo@paloaltonetworks.com"
34.77.162.15 - - [15/Jun/2021:00:51:34 -0300] "GET / HTTP/1.1" 200 10020 "-" "Expanse, a Palo Alto Networks company, searches across the global IPv4 space multiple times per day to identify customers&#39; presences on the Internet. If you would like to be excluded from our scans, please send IP addresses/domains to: scaninfo@paloaltonetworks.com"
171.13.14.56 - - [15/Jun/2021:17:17:14 -0300] "GET / HTTP/1.0" 200 386 "-" "Mozilla/5.0 (iPhone; CPU iPhone OS 11_0 like Mac OS X) AppleWebKit/604.1.38 (KHTML, like Gecko) Version/11.0 Mobile/15A372 Safari/604.1"
171.13.14.56 - - [15/Jun/2021:17:17:14 -0300] "GET /css/style.css HTTP/1.0" 200 388 "https://colegiove.com.br/" "Mozilla/5.0 (iPhone; CPU iPhone OS 11_0 like Mac OS X) AppleWebKit/604.1.38 (KHTML, like Gecko) Version/11.0 Mobile/15A372 Safari/604.1"
171.13.14.53 - - [15/Jun/2021:17:17:15 -0300] "GET /css/grid.css HTTP/1.0" 200 387 "https://colegiove.com.br/css/style.css" "Mozilla/5.0 (iPhone; CPU iPhone OS 11_0 like Mac OS X) AppleWebKit/604.1.38 (KHTML, like Gecko) Version/11.0 Mobile/15A372 Safari/604.1"
171.13.14.56 - - [15/Jun/2021:17:17:15 -0300] "GET /css/reset.css HTTP/1.0" 200 1355 "https://colegiove.com.br/css/style.css" "Mozilla/5.0 (iPhone; CPU iPhone OS 11_0 like Mac OS X) AppleWebKit/604.1.38 (KHTML, like Gecko) Version/11.0 Mobile/15A372 Safari/604.1"
171.13.14.53 - - [15/Jun/2021:17:17:15 -0300] "GET /css/forms.css HTTP/1.0" 200 388 "https://colegiove.com.br/css/style.css" "Mozilla/5.0 (iPhone; CPU iPhone OS 11_0 like Mac OS X) AppleWebKit/604.1.38 (KHTML, like Gecko) Version/11.0 Mobile/15A372 Safari/604.1"
171.13.14.56 - - [15/Jun/2021:17:17:15 -0300] "GET /js/jquery-1.7.1.min.js HTTP/1.0" 200 411 "https://colegiove.com.br/" "Mozilla/5.0 (iPhone; CPU iPhone OS 11_0 like Mac OS X) AppleWebKit/604.1.38 (KHTML, like Gecko) Version/11.0 Mobile/15A372 Safari/604.1"
171.13.14.53 - - [15/Jun/2021:17:17:16 -0300] "GET /js/jquery.easing.1.3.js HTTP/1.0" 200 412 "https://colegiove.com.br/" "Mozilla/5.0 (iPhone; CPU iPhone OS 11_0 like Mac OS X) AppleWebKit/604.1.38 (KHTML, like Gecko) Version/11.0 Mobile/15A372 Safari/604.1"
171.13.14.52 - - [15/Jun/2021:17:17:16 -0300] "GET /js/superfish.js HTTP/1.0" 200 404 "https://colegiove.com.br/" "Mozilla/5.0 (iPhone; CPU iPhone OS 11_0 like Mac OS X) AppleWebKit/604.1.38 (KHTML, like Gecko) Version/11.0 Mobile/15A372 Safari/604.1"
171.13.14.48 - - [15/Jun/2021:17:17:16 -0300] "GET /js/tms-0.4.1.js HTTP/1.0" 200 404 "https://colegiove.com.br/" "Mozilla/5.0 (iPhone; CPU iPhone OS 11_0 like Mac OS X) AppleWebKit/604.1.38 (KHTML, like Gecko) Version/11.0 Mobile/15A372 Safari/604.1"
171.13.14.84 - - [15/Jun/2021:17:17:16 -0300] "GET /js/slider.js HTTP/1.0" 200 1021 "https://colegiove.com.br/" "Mozilla/5.0 (iPhone; CPU iPhone OS 11_0 like Mac OS X) AppleWebKit/604.1.38 (KHTML, like Gecko) Version/11.0 Mobile/15A372 Safari/604.1"
171.13.14.48 - - [15/Jun/2021:17:17:17 -0300] "GET /images/slide-1.jpg HTTP/1.0" 200 395 "https://colegiove.com.br/" "Mozilla/5.0 (iPhone; CPU iPhone OS 11_0 like Mac OS X) AppleWebKit/604.1.38 (KHTML, like Gecko) Version/11.0 Mobile/15A372 Safari/604.1"
171.13.14.84 - - [15/Jun/2021:17:17:17 -0300] "GET /images/slide-2.jpg HTTP/1.0" 200 395 "https://colegiove.com.br/" "Mozilla/5.0 (iPhone; CPU iPhone OS 11_0 like Mac OS X) AppleWebKit/604.1.38 (KHTML, like Gecko) Version/11.0 Mobile/15A372 Safari/604.1"
171.13.14.83 - - [15/Jun/2021:17:17:23 -0300] "GET / HTTP/1.0" 200 386 "-" "Mozilla/5.0 (Windows NT 10.0; Win64; x64) AppleWebKit/537.36 (KHTML, like Gecko) Chrome/78.0.3904.87 Safari/537.36"
171.13.14.83 - - [15/Jun/2021:17:17:23 -0300] "GET /css/style.css HTTP/1.0" 200 388 "https://colegiove.com.br/" "Mozilla/5.0 (Windows NT 10.0; Win64; x64) AppleWebKit/537.36 (KHTML, like Gecko) Chrome/78.0.3904.87 Safari/537.36"
171.13.14.83 - - [15/Jun/2021:17:17:23 -0300] "GET /js/jquery-1.7.1.min.js HTTP/1.0" 200 411 "https://colegiove.com.br/" "Mozilla/5.0 (Windows NT 10.0; Win64; x64) AppleWebKit/537.36 (KHTML, like Gecko) Chrome/78.0.3904.87 Safari/537.36"
171.13.14.84 - - [15/Jun/2021:17:17:24 -0300] "GET /css/reset.css HTTP/1.0" 200 1355 "https://colegiove.com.br/css/style.css" "Mozilla/5.0 (Windows NT 10.0; Win64; x64) AppleWebKit/537.36 (KHTML, like Gecko) Chrome/78.0.3904.87 Safari/537.36"
171.13.14.52 - - [15/Jun/2021:17:17:24 -0300] "GET /css/grid.css HTTP/1.0" 200 387 "https://colegiove.com.br/css/style.css" "Mozilla/5.0 (Windows NT 10.0; Win64; x64) AppleWebKit/537.36 (KHTML, like Gecko) Chrome/78.0.3904.87 Safari/537.36"
171.13.14.43 - - [15/Jun/2021:17:17:24 -0300] "GET /js/jquery.easing.1.3.js HTTP/1.0" 200 412 "https://colegiove.com.br/" "Mozilla/5.0 (Windows NT 10.0; Win64; x64) AppleWebKit/537.36 (KHTML, like Gecko) Chrome/78.0.3904.87 Safari/537.36"
171.13.14.84 - - [15/Jun/2021:17:17:24 -0300] "GET /js/superfish.js HTTP/1.0" 200 404 "https://colegiove.com.br/" "Mozilla/5.0 (Windows NT 10.0; Win64; x64) AppleWebKit/537.36 (KHTML, like Gecko) Chrome/78.0.3904.87 Safari/537.36"
171.13.14.51 - - [15/Jun/2021:17:17:24 -0300] "GET /css/forms.css HTTP/1.0" 200 388 "https://colegiove.com.br/css/style.css" "Mozilla/5.0 (Windows NT 10.0; Win64; x64) AppleWebKit/537.36 (KHTML, like Gecko) Chrome/78.0.3904.87 Safari/537.36"
171.13.14.52 - - [15/Jun/2021:17:17:24 -0300] "GET /js/slider.js HTTP/1.0" 200 1021 "https://colegiove.com.br/" "Mozilla/5.0 (Windows NT 10.0; Win64; x64) AppleWebKit/537.36 (KHTML, like Gecko) Chrome/78.0.3904.87 Safari/537.36"
171.13.14.84 - - [15/Jun/2021:17:17:24 -0300] "GET /js/tms-0.4.1.js HTTP/1.0" 200 404 "https://colegiove.com.br/" "Mozilla/5.0 (Windows NT 10.0; Win64; x64) AppleWebKit/537.36 (KHTML, like Gecko) Chrome/78.0.3904.87 Safari/537.36"
171.13.14.84 - - [15/Jun/2021:17:17:27 -0300] "GET /images/slide-1.jpg HTTP/1.0" 200 395 "https://colegiove.com.br/" "Mozilla/5.0 (Windows NT 10.0; Win64; x64) AppleWebKit/537.36 (KHTML, like Gecko) Chrome/78.0.3904.87 Safari/537.36"
171.13.14.52 - - [15/Jun/2021:17:17:27 -0300] "GET /images/body-bg.gif HTTP/1.0" 200 394 "https://colegiove.com.br/css/style.css" "Mozilla/5.0 (Windows NT 10.0; Win64; x64) AppleWebKit/537.36 (KHTML, like Gecko) Chrome/78.0.3904.87 Safari/537.36"
171.13.14.83 - - [15/Jun/2021:17:17:27 -0300] "GET /images/slide-2.jpg HTTP/1.0" 200 395 "https://colegiove.com.br/" "Mozilla/5.0 (Windows NT 10.0; Win64; x64) AppleWebKit/537.36 (KHTML, like Gecko) Chrome/78.0.3904.87 Safari/537.36"
171.13.14.43 - - [15/Jun/2021:17:17:27 -0300] "GET /images/slide-3.jpg HTTP/1.0" 200 395 "https://colegiove.com.br/" "Mozilla/5.0 (Windows NT 10.0; Win64; x64) AppleWebKit/537.36 (KHTML, like Gecko) Chrome/78.0.3904.87 Safari/537.36"
171.13.14.84 - - [15/Jun/2021:17:17:27 -0300] "GET /images/page1-img1.jpg HTTP/1.0" 200 398 "https://colegiove.com.br/" "Mozilla/5.0 (Windows NT 10.0; Win64; x64) AppleWebKit/537.36 (KHTML, like Gecko) Chrome/78.0.3904.87 Safari/537.36"
171.13.14.51 - - [15/Jun/2021:17:17:27 -0300] "GET /images/page2-img1.jpg HTTP/1.0" 200 398 "https://colegiove.com.br/" "Mozilla/5.0 (Windows NT 10.0; Win64; x64) AppleWebKit/537.36 (KHTML, like Gecko) Chrome/78.0.3904.87 Safari/537.36"
171.13.14.52 - - [15/Jun/2021:17:17:28 -0300] "GET /images/page3-img1.jpg HTTP/1.0" 200 398 "https://colegiove.com.br/" "Mozilla/5.0 (Windows NT 10.0; Win64; x64) AppleWebKit/537.36 (KHTML, like Gecko) Chrome/78.0.3904.87 Safari/537.36"
171.13.14.84 - - [15/Jun/2021:17:17:28 -0300] "GET /images/header-bg.png HTTP/1.0" 200 396 "https://colegiove.com.br/css/style.css" "Mozilla/5.0 (Windows NT 10.0; Win64; x64) AppleWebKit/537.36 (KHTML, like Gecko) Chrome/78.0.3904.87 Safari/537.36"
171.13.14.51 - - [15/Jun/2021:17:17:28 -0300] "GET /images/box-1-bg.gif HTTP/1.0" 200 395 "https://colegiove.com.br/css/style.css" "Mozilla/5.0 (Windows NT 10.0; Win64; x64) AppleWebKit/537.36 (KHTML, like Gecko) Chrome/78.0.3904.87 Safari/537.36"
171.13.14.84 - - [15/Jun/2021:17:17:28 -0300] "GET /images/logo.png HTTP/1.0" 200 391 "https://colegiove.com.br/css/style.css" "Mozilla/5.0 (Windows NT 10.0; Win64; x64) AppleWebKit/537.36 (KHTML, like Gecko) Chrome/78.0.3904.87 Safari/537.36"
171.13.14.52 - - [15/Jun/2021:17:17:29 -0300] "GET /images/page4-img1.jpg HTTP/1.0" 200 398 "https://colegiove.com.br/" "Mozilla/5.0 (Windows NT 10.0; Win64; x64) AppleWebKit/537.36 (KHTML, like Gecko) Chrome/78.0.3904.87 Safari/537.36"
171.13.14.51 - - [15/Jun/2021:17:17:29 -0300] "GET /images/slider-pagination.png HTTP/1.0" 200 404 "https://colegiove.com.br/css/style.css" "Mozilla/5.0 (Windows NT 10.0; Win64; x64) AppleWebKit/537.36 (KHTML, like Gecko) Chrome/78.0.3904.87 Safari/537.36"
171.13.14.52 - - [15/Jun/2021:17:17:30 -0300] "GET /images/facebook-icon.png HTTP/1.0" 200 400 "https://colegiove.com.br/" "Mozilla/5.0 (Windows NT 10.0; Win64; x64) AppleWebKit/537.36 (KHTML, like Gecko) Chrome/78.0.3904.87 Safari/537.36"
171.13.14.84 - - [15/Jun/2021:17:17:30 -0300] "GET /images/list-1-border.gif HTTP/1.0" 200 491 "https://colegiove.com.br/css/style.css" "Mozilla/5.0 (Windows NT 10.0; Win64; x64) AppleWebKit/537.36 (KHTML, like Gecko) Chrome/78.0.3904.87 Safari/537.36"
171.13.14.56 - - [15/Jun/2021:17:17:14 -0300] "GET / HTTP/1.1" 200 2714 "-" "Mozilla/5.0 (iPhone; CPU iPhone OS 11_0 like Mac OS X) AppleWebKit/604.1.38 (KHTML, like Gecko) Version/11.0 Mobile/15A372 Safari/604.1"
171.13.14.56 - - [15/Jun/2021:17:17:14 -0300] "GET /css/style.css HTTP/1.1" 200 2752 "https://colegiove.com.br/" "Mozilla/5.0 (iPhone; CPU iPhone OS 11_0 like Mac OS X) AppleWebKit/604.1.38 (KHTML, like Gecko) Version/11.0 Mobile/15A372 Safari/604.1"
171.13.14.53 - - [15/Jun/2021:17:17:15 -0300] "GET /css/grid.css HTTP/1.1" 200 708 "https://colegiove.com.br/css/style.css" "Mozilla/5.0 (iPhone; CPU iPhone OS 11_0 like Mac OS X) AppleWebKit/604.1.38 (KHTML, like Gecko) Version/11.0 Mobile/15A372 Safari/604.1"
171.13.14.53 - - [15/Jun/2021:17:17:15 -0300] "GET /css/forms.css HTTP/1.1" 200 514 "https://colegiove.com.br/css/style.css" "Mozilla/5.0 (iPhone; CPU iPhone OS 11_0 like Mac OS X) AppleWebKit/604.1.38 (KHTML, like Gecko) Version/11.0 Mobile/15A372 Safari/604.1"
171.13.14.56 - - [15/Jun/2021:17:17:15 -0300] "GET /js/jquery-1.7.1.min.js HTTP/1.1" 200 30697 "https://colegiove.com.br/" "Mozilla/5.0 (iPhone; CPU iPhone OS 11_0 like Mac OS X) AppleWebKit/604.1.38 (KHTML, like Gecko) Version/11.0 Mobile/15A372 Safari/604.1"
171.13.14.53 - - [15/Jun/2021:17:17:16 -0300] "GET /js/jquery.easing.1.3.js HTTP/1.1" 200 806 "https://colegiove.com.br/" "Mozilla/5.0 (iPhone; CPU iPhone OS 11_0 like Mac OS X) AppleWebKit/604.1.38 (KHTML, like Gecko) Version/11.0 Mobile/15A372 Safari/604.1"
171.13.14.52 - - [15/Jun/2021:17:17:16 -0300] "GET /js/superfish.js HTTP/1.1" 200 1398 "https://colegiove.com.br/" "Mozilla/5.0 (iPhone; CPU iPhone OS 11_0 like Mac OS X) AppleWebKit/604.1.38 (KHTML, like Gecko) Version/11.0 Mobile/15A372 Safari/604.1"
171.13.14.48 - - [15/Jun/2021:17:17:16 -0300] "GET /js/tms-0.4.1.js HTTP/1.1" 200 6481 "https://colegiove.com.br/" "Mozilla/5.0 (iPhone; CPU iPhone OS 11_0 like Mac OS X) AppleWebKit/604.1.38 (KHTML, like Gecko) Version/11.0 Mobile/15A372 Safari/604.1"
171.13.14.48 - - [15/Jun/2021:17:17:17 -0300] "GET /images/slide-1.jpg HTTP/1.1" 200 136842 "https://colegiove.com.br/" "Mozilla/5.0 (iPhone; CPU iPhone OS 11_0 like Mac OS X) AppleWebKit/604.1.38 (KHTML, like Gecko) Version/11.0 Mobile/15A372 Safari/604.1"
171.13.14.84 - - [15/Jun/2021:17:17:18 -0300] "GET /images/slide-2.jpg HTTP/1.1" 200 496283 "https://colegiove.com.br/" "Mozilla/5.0 (iPhone; CPU iPhone OS 11_0 like Mac OS X) AppleWebKit/604.1.38 (KHTML, like Gecko) Version/11.0 Mobile/15A372 Safari/604.1"
171.13.14.83 - - [15/Jun/2021:17:17:23 -0300] "GET / HTTP/1.1" 200 2714 "-" "Mozilla/5.0 (Windows NT 10.0; Win64; x64) AppleWebKit/537.36 (KHTML, like Gecko) Chrome/78.0.3904.87 Safari/537.36"
171.13.14.83 - - [15/Jun/2021:17:17:23 -0300] "GET /css/style.css HTTP/1.1" 200 2752 "https://colegiove.com.br/" "Mozilla/5.0 (Windows NT 10.0; Win64; x64) AppleWebKit/537.36 (KHTML, like Gecko) Chrome/78.0.3904.87 Safari/537.36"
171.13.14.83 - - [15/Jun/2021:17:17:23 -0300] "GET /js/jquery-1.7.1.min.js HTTP/1.1" 200 30697 "https://colegiove.com.br/" "Mozilla/5.0 (Windows NT 10.0; Win64; x64) AppleWebKit/537.36 (KHTML, like Gecko) Chrome/78.0.3904.87 Safari/537.36"
171.13.14.52 - - [15/Jun/2021:17:17:24 -0300] "GET /css/grid.css HTTP/1.1" 200 708 "https://colegiove.com.br/css/style.css" "Mozilla/5.0 (Windows NT 10.0; Win64; x64) AppleWebKit/537.36 (KHTML, like Gecko) Chrome/78.0.3904.87 Safari/537.36"
171.13.14.43 - - [15/Jun/2021:17:17:24 -0300] "GET /js/jquery.easing.1.3.js HTTP/1.1" 200 806 "https://colegiove.com.br/" "Mozilla/5.0 (Windows NT 10.0; Win64; x64) AppleWebKit/537.36 (KHTML, like Gecko) Chrome/78.0.3904.87 Safari/537.36"
171.13.14.84 - - [15/Jun/2021:17:17:24 -0300] "GET /js/superfish.js HTTP/1.1" 200 1398 "https://colegiove.com.br/" "Mozilla/5.0 (Windows NT 10.0; Win64; x64) AppleWebKit/537.36 (KHTML, like Gecko) Chrome/78.0.3904.87 Safari/537.36"
171.13.14.51 - - [15/Jun/2021:17:17:24 -0300] "GET /css/forms.css HTTP/1.1" 200 514 "https://colegiove.com.br/css/style.css" "Mozilla/5.0 (Windows NT 10.0; Win64; x64) AppleWebKit/537.36 (KHTML, like Gecko) Chrome/78.0.3904.87 Safari/537.36"
171.13.14.84 - - [15/Jun/2021:17:17:24 -0300] "GET /js/tms-0.4.1.js HTTP/1.1" 200 6481 "https://colegiove.com.br/" "Mozilla/5.0 (Windows NT 10.0; Win64; x64) AppleWebKit/537.36 (KHTML, like Gecko) Chrome/78.0.3904.87 Safari/537.36"
171.13.14.52 - - [15/Jun/2021:17:17:27 -0300] "GET /images/body-bg.gif HTTP/1.1" 200 3476 "https://colegiove.com.br/css/style.css" "Mozilla/5.0 (Windows NT 10.0; Win64; x64) AppleWebKit/537.36 (KHTML, like Gecko) Chrome/78.0.3904.87 Safari/537.36"
171.13.14.84 - - [15/Jun/2021:17:17:27 -0300] "GET /images/page1-img1.jpg HTTP/1.1" 200 23548 "https://colegiove.com.br/" "Mozilla/5.0 (Windows NT 10.0; Win64; x64) AppleWebKit/537.36 (KHTML, like Gecko) Chrome/78.0.3904.87 Safari/537.36"
171.13.14.51 - - [15/Jun/2021:17:17:27 -0300] "GET /images/page2-img1.jpg HTTP/1.1" 200 26226 "https://colegiove.com.br/" "Mozilla/5.0 (Windows NT 10.0; Win64; x64) AppleWebKit/537.36 (KHTML, like Gecko) Chrome/78.0.3904.87 Safari/537.36"
171.13.14.84 - - [15/Jun/2021:17:17:27 -0300] "GET /images/slide-1.jpg HTTP/1.1" 200 136842 "https://colegiove.com.br/" "Mozilla/5.0 (Windows NT 10.0; Win64; x64) AppleWebKit/537.36 (KHTML, like Gecko) Chrome/78.0.3904.87 Safari/537.36"
171.13.14.83 - - [15/Jun/2021:17:17:28 -0300] "GET /images/slide-2.jpg HTTP/1.1" 200 496283 "https://colegiove.com.br/" "Mozilla/5.0 (Windows NT 10.0; Win64; x64) AppleWebKit/537.36 (KHTML, like Gecko) Chrome/78.0.3904.87 Safari/537.36"
171.13.14.52 - - [15/Jun/2021:17:17:28 -0300] "GET /images/page3-img1.jpg HTTP/1.1" 200 24740 "https://colegiove.com.br/" "Mozilla/5.0 (Windows NT 10.0; Win64; x64) AppleWebKit/537.36 (KHTML, like Gecko) Chrome/78.0.3904.87 Safari/537.36"
171.13.14.43 - - [15/Jun/2021:17:17:28 -0300] "GET /images/slide-3.jpg HTTP/1.1" 200 313331 "https://colegiove.com.br/" "Mozilla/5.0 (Windows NT 10.0; Win64; x64) AppleWebKit/537.36 (KHTML, like Gecko) Chrome/78.0.3904.87 Safari/537.36"
171.13.14.51 - - [15/Jun/2021:17:17:28 -0300] "GET /images/box-1-bg.gif HTTP/1.1" 200 3506 "https://colegiove.com.br/css/style.css" "Mozilla/5.0 (Windows NT 10.0; Win64; x64) AppleWebKit/537.36 (KHTML, like Gecko) Chrome/78.0.3904.87 Safari/537.36"
171.13.14.84 - - [15/Jun/2021:17:17:28 -0300] "GET /images/logo.png HTTP/1.1" 200 74328 "https://colegiove.com.br/css/style.css" "Mozilla/5.0 (Windows NT 10.0; Win64; x64) AppleWebKit/537.36 (KHTML, like Gecko) Chrome/78.0.3904.87 Safari/537.36"
171.13.14.52 - - [15/Jun/2021:17:17:29 -0300] "GET /images/page4-img1.jpg HTTP/1.1" 200 38831 "https://colegiove.com.br/" "Mozilla/5.0 (Windows NT 10.0; Win64; x64) AppleWebKit/537.36 (KHTML, like Gecko) Chrome/78.0.3904.87 Safari/537.36"
171.13.14.51 - - [15/Jun/2021:17:17:29 -0300] "GET /images/slider-pagination.png HTTP/1.1" 200 50873 "https://colegiove.com.br/css/style.css" "Mozilla/5.0 (Windows NT 10.0; Win64; x64) AppleWebKit/537.36 (KHTML, like Gecko) Chrome/78.0.3904.87 Safari/537.36"
171.13.14.84 - - [15/Jun/2021:17:17:29 -0300] "GET /images/header-bg.png HTTP/1.1" 200 173339 "https://colegiove.com.br/css/style.css" "Mozilla/5.0 (Windows NT 10.0; Win64; x64) AppleWebKit/537.36 (KHTML, like Gecko) Chrome/78.0.3904.87 Safari/537.36"
171.13.14.52 - - [15/Jun/2021:17:17:30 -0300] "GET /images/facebook-icon.png HTTP/1.1" 200 109744 "https://colegiove.com.br/" "Mozilla/5.0 (Windows NT 10.0; Win64; x64) AppleWebKit/537.36 (KHTML, like Gecko) Chrome/78.0.3904.87 Safari/537.36"
34.86.35.16 - - [18/Jun/2021:00:14:00 -0300] "GET / HTTP/1.0" 200 386 "-" "Expanse, a Palo Alto Networks company, searches across the global IPv4 space multiple times per day to identify customers&#39; presences on the Internet. If you would like to be excluded from our scans, please send IP addresses/domains to: scaninfo@paloaltonetworks.com"
34.86.35.16 - - [18/Jun/2021:00:14:00 -0300] "GET / HTTP/1.1" 200 10020 "-" "Expanse, a Palo Alto Networks company, searches across the global IPv4 space multiple times per day to identify customers&#39; presences on the Internet. If you would like to be excluded from our scans, please send IP addresses/domains to: scaninfo@paloaltonetworks.com"
92.118.160.17 - - [18/Jun/2021:19:57:33 -0300] "GET / HTTP/1.0" 200 386 "-" "NetSystemsResearch studies the availability of various services across the internet. Our website is netsystemsresearch.com"
34.86.35.16 - - [19/Jun/2021:02:43:36 -0300] "GET / HTTP/1.0" 200 386 "-" "Expanse, a Palo Alto Networks company, searches across the global IPv4 space multiple times per day to identify customers&#39; presences on the Internet. If you would like to be excluded from our scans, please send IP addresses/domains to: scaninfo@paloaltonetworks.com"
92.118.160.17 - - [18/Jun/2021:19:57:33 -0300] "GET / HTTP/1.1" 200 10020 "-" "NetSystemsResearch studies the availability of various services across the internet. Our website is netsystemsresearch.com"
34.86.35.16 - - [19/Jun/2021:02:43:36 -0300] "GET / HTTP/1.1" 200 10020 "-" "Expanse, a Palo Alto Networks company, searches across the global IPv4 space multiple times per day to identify customers&#39; presences on the Internet. If you would like to be excluded from our scans, please send IP addresses/domains to: scaninfo@paloaltonetworks.com"
63.35.192.109 - - [20/Jun/2021:23:45:29 -0300] "GET /robots.txt HTTP/1.0" 404 1461 "-" "PleskBot"
63.35.192.109 - - [20/Jun/2021:23:45:30 -0300] "GET / HTTP/1.0" 200 386 "-" "PleskBot"
63.35.192.109 - - [20/Jun/2021:23:45:30 -0300] "GET / HTTP/1.1" 200 10020 "-" "PleskBot"
92.118.160.13 - - [21/Jun/2021:20:12:42 -0300] "GET / HTTP/1.0" 200 386 "-" "NetSystemsResearch studies the availability of various services across the internet. Our website is netsystemsresearch.com"
54.215.189.248 - - [22/Jun/2021:00:54:05 -0300] "POST / HTTP/1.0" 200 10473 "-" "curl/7.47.0"
54.215.189.248 - - [22/Jun/2021:00:54:06 -0300] "GET /.env HTTP/1.0" 404 1461 "-" "curl/7.47.0"
54.215.189.248 - - [22/Jun/2021:00:54:06 -0300] "GET /vendor/phpunit/phpunit/phpunit.xml HTTP/1.0" 404 1461 "-" "curl/7.47.0"
54.215.189.248 - - [22/Jun/2021:00:54:07 -0300] "POST /_ignition/execute-solution HTTP/1.0" 404 1461 "-" "curl/7.47.0"
34.86.35.30 - - [22/Jun/2021:00:56:59 -0300] "GET / HTTP/1.0" 200 386 "-" "Expanse, a Palo Alto Networks company, searches across the global IPv4 space multiple times per day to identify customers&#39; presences on the Internet. If you would like to be excluded from our scans, please send IP addresses/domains to: scaninfo@paloaltonetworks.com"
92.118.160.13 - - [21/Jun/2021:20:12:42 -0300] "GET / HTTP/1.1" 200 10020 "-" "NetSystemsResearch studies the availability of various services across the internet. Our website is netsystemsresearch.com"
34.86.35.30 - - [22/Jun/2021:00:56:59 -0300] "GET / HTTP/1.1" 200 10020 "-" "Expanse, a Palo Alto Networks company, searches across the global IPv4 space multiple times per day to identify customers&#39; presences on the Internet. If you would like to be excluded from our scans, please send IP addresses/domains to: scaninfo@paloaltonetworks.com"
82.165.187.17 - - [22/Jun/2021:08:00:00 -0300] "GET /wp-content/plugins/fancy-product-designer/inc/custom-image-handler.php HTTP/1.0" 404 1461 "www.google.com" "Mozlila/5.0 (Linux; Android 7.0; SM-G892A Bulid/NRD90M; wv) AppleWebKit/537.36 (KHTML, like Gecko) Version/4.0 Chrome/60.0.3112.107 Moblie Safari/537.36"
34.86.35.13 - - [22/Jun/2021:08:19:46 -0300] "GET / HTTP/1.0" 200 386 "-" "Expanse, a Palo Alto Networks company, searches across the global IPv4 space multiple times per day to identify customers&#39; presences on the Internet. If you would like to be excluded from our scans, please send IP addresses/domains to: scaninfo@paloaltonetworks.com"
34.86.35.13 - - [22/Jun/2021:08:19:46 -0300] "GET / HTTP/1.1" 200 10020 "-" "Expanse, a Palo Alto Networks company, searches across the global IPv4 space multiple times per day to identify customers&#39; presences on the Internet. If you would like to be excluded from our scans, please send IP addresses/domains to: scaninfo@paloaltonetworks.com"
34.216.21.154 - - [22/Jun/2021:11:38:45 -0300] "" 400 0 "-" "-"
34.77.162.33 - - [24/Jun/2021:21:03:24 -0300] "GET / HTTP/1.0" 200 386 "-" "Expanse, a Palo Alto Networks company, searches across the global IPv4 space multiple times per day to identify customers&#39; presences on the Internet. If you would like to be excluded from our scans, please send IP addresses/domains to: scaninfo@paloaltonetworks.com"
34.77.162.33 - - [24/Jun/2021:21:03:24 -0300] "GET / HTTP/1.1" 200 10020 "-" "Expanse, a Palo Alto Networks company, searches across the global IPv4 space multiple times per day to identify customers&#39; presences on the Internet. If you would like to be excluded from our scans, please send IP addresses/domains to: scaninfo@paloaltonetworks.com"
92.118.160.57 - - [25/Jun/2021:17:38:55 -0300] "GET / HTTP/1.0" 200 386 "-" "NetSystemsResearch studies the availability of various services across the internet. Our website is netsystemsresearch.com"
92.118.160.57 - - [25/Jun/2021:17:38:55 -0300] "GET / HTTP/1.1" 200 10020 "-" "NetSystemsResearch studies the availability of various services across the internet. Our website is netsystemsresearch.com"
217.160.195.176 - - [27/Jun/2021:23:49:21 -0300] "GET /wp-content/plugins/fancy-product-designer/inc/custom-image-handler.php HTTP/1.0" 404 1461 "www.google.com" "Mozlila/5.0 (Linux; Android 7.0; SM-G892A Bulid/NRD90M; wv) AppleWebKit/537.36 (KHTML, like Gecko) Version/4.0 Chrome/60.0.3112.107 Moblie Safari/537.36"
82.165.187.17 - - [28/Jun/2021:01:41:28 -0300] "GET /wp-content/plugins/fancy-product-designer/inc/custom-image-handler.php HTTP/1.0" 404 1461 "www.google.com" "Mozlila/5.0 (Linux; Android 7.0; SM-G892A Bulid/NRD90M; wv) AppleWebKit/537.36 (KHTML, like Gecko) Version/4.0 Chrome/60.0.3112.107 Moblie Safari/537.36"
69.30.225.101 - - [28/Jun/2021:08:05:33 -0300] "GET // HTTP/1.0" 200 386 "http://www.google.com.hk" "Mozilla/5.0 (Windows NT 6.1; WOW64) AppleWebKit/537.36 (KHTML, like Gecko) Chrome/42.0.2311.90 Safari/537.36"
54.154.166.153 - - [29/Jun/2021:00:25:56 -0300] "GET /robots.txt HTTP/1.0" 404 1461 "-" "PleskBot"
54.154.166.153 - - [29/Jun/2021:00:26:00 -0300] "GET / HTTP/1.0" 200 386 "-" "PleskBot"
69.30.225.101 - - [28/Jun/2021:08:05:33 -0300] "GET // HTTP/1.1" 200 10020 "http://www.google.com.hk" "Mozilla/5.0 (Windows NT 6.1; WOW64) AppleWebKit/537.36 (KHTML, like Gecko) Chrome/42.0.2311.90 Safari/537.36"
54.154.166.153 - - [29/Jun/2021:00:26:00 -0300] "GET / HTTP/1.1" 200 10020 "-" "PleskBot"
34.77.162.25 - - [29/Jun/2021:13:53:58 -0300] "GET / HTTP/1.0" 200 386 "-" "Expanse, a Palo Alto Networks company, searches across the global IPv4 space multiple times per day to identify customers&#39; presences on the Internet. If you would like to be excluded from our scans, please send IP addresses/domains to: scaninfo@paloaltonetworks.com"
34.77.162.25 - - [29/Jun/2021:13:53:58 -0300] "GET / HTTP/1.1" 200 10020 "-" "Expanse, a Palo Alto Networks company, searches across the global IPv4 space multiple times per day to identify customers&#39; presences on the Internet. If you would like to be excluded from our scans, please send IP addresses/domains to: scaninfo@paloaltonetworks.com"
177.143.99.88 - - [30/Jun/2021:16:11:53 -0300] "GET /images/slide-1.jpg HTTP/1.0" 200 395 "-" "Mozilla/5.0 (Windows NT 10.0; Win64; x64) AppleWebKit/537.36 (KHTML, like Gecko) Chrome/91.0.4472.124 Safari/537.36"
177.143.99.88 - - [30/Jun/2021:16:12:05 -0300] "GET /infantil/wgc_media/photos/01.jpg HTTP/1.0" 200 409 "-" "Mozilla/5.0 (Windows NT 10.0; Win64; x64) AppleWebKit/537.36 (KHTML, like Gecko) Chrome/91.0.4472.124 Safari/537.36"
177.143.99.88 - - [30/Jun/2021:16:12:05 -0300] "GET /fundamental-I/wgc_media/photos/02.jpg HTTP/1.0" 200 414 "-" "Mozilla/5.0 (Windows NT 10.0; Win64; x64) AppleWebKit/537.36 (KHTML, like Gecko) Chrome/91.0.4472.124 Safari/537.36"
177.143.99.88 - - [30/Jun/2021:16:12:12 -0300] "GET /infantil/wgc_media/photos/02.jpg HTTP/1.0" 200 409 "-" "Mozilla/5.0 (Windows NT 10.0; Win64; x64) AppleWebKit/537.36 (KHTML, like Gecko) Chrome/91.0.4472.124 Safari/537.36"
177.143.99.88 - - [30/Jun/2021:16:12:23 -0300] "GET /fundamental-I/wgc_media/photos/03.jpg HTTP/1.0" 200 414 "-" "Mozilla/5.0 (Windows NT 10.0; Win64; x64) AppleWebKit/537.36 (KHTML, like Gecko) Chrome/91.0.4472.124 Safari/537.36"
177.143.99.88 - - [30/Jun/2021:16:11:54 -0300] "GET /images/slide-1.jpg HTTP/1.1" 200 136842 "-" "Mozilla/5.0 (Windows NT 10.0; Win64; x64) AppleWebKit/537.36 (KHTML, like Gecko) Chrome/91.0.4472.124 Safari/537.36"
177.143.99.88 - - [30/Jun/2021:16:12:05 -0300] "GET /infantil/wgc_media/photos/01.jpg HTTP/1.1" 200 38033 "-" "Mozilla/5.0 (Windows NT 10.0; Win64; x64) AppleWebKit/537.36 (KHTML, like Gecko) Chrome/91.0.4472.124 Safari/537.36"
177.143.99.88 - - [30/Jun/2021:16:12:05 -0300] "GET /fundamental-I/wgc_media/photos/02.jpg HTTP/1.1" 200 36747 "-" "Mozilla/5.0 (Windows NT 10.0; Win64; x64) AppleWebKit/537.36 (KHTML, like Gecko) Chrome/91.0.4472.124 Safari/537.36"
177.143.99.88 - - [30/Jun/2021:16:12:12 -0300] "GET /infantil/wgc_media/photos/02.jpg HTTP/1.1" 200 41208 "-" "Mozilla/5.0 (Windows NT 10.0; Win64; x64) AppleWebKit/537.36 (KHTML, like Gecko) Chrome/91.0.4472.124 Safari/537.36"
177.143.99.88 - - [30/Jun/2021:16:12:23 -0300] "GET /fundamental-I/wgc_media/photos/03.jpg HTTP/1.1" 200 36736 "-" "Mozilla/5.0 (Windows NT 10.0; Win64; x64) AppleWebKit/537.36 (KHTML, like Gecko) Chrome/91.0.4472.124 Safari/537.36"
191.178.239.73 - - [01/Jul/2021:12:02:56 -0300] "GET /infantil/wgc_media/photos/02.jpg HTTP/1.0" 200 409 "https://www.google.com/" "Mozilla/5.0 (Linux; Android 10; moto e(7) plus Build/QPZS30.30-Q3-38-69-1; wv) AppleWebKit/537.36 (KHTML, like Gecko) Version/4.0 Chrome/91.0.4472.120 Mobile Safari/537.36 GSA/12.24.10.23.arm64"
107.150.63.171 - - [01/Jul/2021:15:43:54 -0300] "GET // HTTP/1.0" 200 386 "http://www.google.com.hk" "Mozilla/5.0 (Windows NT 6.1; WOW64) AppleWebKit/537.36 (KHTML, like Gecko) Chrome/42.0.2311.90 Safari/537.36"
69.30.225.102 - - [01/Jul/2021:22:47:23 -0300] "GET // HTTP/1.0" 200 386 "http://www.google.com.hk" "Mozilla/5.0 (Windows NT 6.1; WOW64) AppleWebKit/537.36 (KHTML, like Gecko) Chrome/42.0.2311.90 Safari/537.36"
69.30.225.102 - - [02/Jul/2021:00:48:38 -0300] "GET // HTTP/1.0" 200 386 "http://www.google.com.hk" "Mozilla/5.0 (Windows NT 6.1; WOW64) AppleWebKit/537.36 (KHTML, like Gecko) Chrome/42.0.2311.90 Safari/537.36"
191.178.239.73 - - [01/Jul/2021:12:02:56 -0300] "GET /infantil/wgc_media/photos/02.jpg HTTP/1.1" 200 41208 "https://www.google.com/" "Mozilla/5.0 (Linux; Android 10; moto e(7) plus Build/QPZS30.30-Q3-38-69-1; wv) AppleWebKit/537.36 (KHTML, like Gecko) Version/4.0 Chrome/91.0.4472.120 Mobile Safari/537.36 GSA/12.24.10.23.arm64"
107.150.63.171 - - [01/Jul/2021:15:43:54 -0300] "GET // HTTP/1.1" 200 10020 "http://www.google.com.hk" "Mozilla/5.0 (Windows NT 6.1; WOW64) AppleWebKit/537.36 (KHTML, like Gecko) Chrome/42.0.2311.90 Safari/537.36"
