191.95.173.59 - - [19/Mar/2021:18:20:15 -0300] "GET /infantil/wgc_media/photos/01.jpg HTTP/1.0" 200 409 "https://www.google.com/" "Mozilla/5.0 (Linux; Android 9; moto g(6) play) AppleWebKit/537.36 (KHTML, like Gecko) Chrome/89.0.4389.90 Mobile Safari/537.36"
191.95.173.59 - - [19/Mar/2021:18:20:30 -0300] "GET /infantil/wgc_media/photos/01.jpg HTTP/1.0" 200 409 "https://www.google.com/" "Mozilla/5.0 (Linux; Android 9; moto g(6) play) AppleWebKit/537.36 (KHTML, like Gecko) Chrome/89.0.4389.90 Mobile Safari/537.36"
191.95.173.59 - - [19/Mar/2021:18:20:15 -0300] "GET /infantil/wgc_media/photos/01.jpg HTTP/1.1" 200 38033 "https://www.google.com/" "Mozilla/5.0 (Linux; Android 9; moto g(6) play) AppleWebKit/537.36 (KHTML, like Gecko) Chrome/89.0.4389.90 Mobile Safari/537.36"
191.95.173.59 - - [19/Mar/2021:18:20:30 -0300] "GET /infantil/wgc_media/photos/01.jpg HTTP/1.1" 200 38033 "https://www.google.com/" "Mozilla/5.0 (Linux; Android 9; moto g(6) play) AppleWebKit/537.36 (KHTML, like Gecko) Chrome/89.0.4389.90 Mobile Safari/537.36"
3.135.201.119 - - [24/Mar/2021:16:33:44 -0300] "" 400 0 "-" "-"
177.35.178.58 - - [26/Mar/2021:11:07:43 -0300] "GET /fundamental-I/wgc_media/photos/03.jpg HTTP/1.0" 200 414 "https://www.google.com/" "Mozilla/5.0 (Linux; Android 8.0.0; SM-A520F Build/R16NW; wv) AppleWebKit/537.36 (KHTML, like Gecko) Version/4.0 Chrome/89.0.4389.105 Mobile Safari/537.36 GSA/12.10.7.23.arm64"
177.94.17.253 - - [26/Mar/2021:15:30:38 -0300] "GET / HTTP/1.0" 200 386 "-" "Mozilla/5.0 (Windows NT 10.0; Win64; x64) AppleWebKit/537.36 (KHTML, like Gecko) Chrome/42.0.2311.135 Safari/537.36 Edge/12.246"
177.94.17.253 - - [26/Mar/2021:15:30:39 -0300] "GET / HTTP/1.0" 200 386 "-" "Mozilla/5.0 (Windows NT 10.0; Win64; x64) AppleWebKit/537.36 (KHTML, like Gecko) Chrome/42.0.2311.135 Safari/537.36 Edge/12.246"
177.94.17.253 - - [26/Mar/2021:15:30:41 -0300] "GET /home.html HTTP/1.0" 404 1461 "-" "Mozilla/5.0 (Windows NT 10.0; Win64; x64) AppleWebKit/537.36 (KHTML, like Gecko) Chrome/42.0.2311.135 Safari/537.36 Edge/12.246"
177.94.17.253 - - [26/Mar/2021:15:30:42 -0300] "GET /index.html HTTP/1.0" 200 386 "-" "Mozilla/5.0 (Windows NT 10.0; Win64; x64) AppleWebKit/537.36 (KHTML, like Gecko) Chrome/42.0.2311.135 Safari/537.36 Edge/12.246"
177.94.17.253 - - [26/Mar/2021:15:30:44 -0300] "GET /empresa.html HTTP/1.0" 200 388 "-" "Mozilla/5.0 (Windows NT 10.0; Win64; x64) AppleWebKit/537.36 (KHTML, like Gecko) Chrome/42.0.2311.135 Safari/537.36 Edge/12.246"
177.94.17.253 - - [26/Mar/2021:15:30:46 -0300] "GET /infantil.html HTTP/1.0" 200 389 "-" "Mozilla/5.0 (Windows NT 10.0; Win64; x64) AppleWebKit/537.36 (KHTML, like Gecko) Chrome/42.0.2311.135 Safari/537.36 Edge/12.246"
177.94.17.253 - - [26/Mar/2021:15:30:48 -0300] "GET /fundamental1.html HTTP/1.0" 200 393 "-" "Mozilla/5.0 (Windows NT 10.0; Win64; x64) AppleWebKit/537.36 (KHTML, like Gecko) Chrome/42.0.2311.135 Safari/537.36 Edge/12.246"
177.94.17.253 - - [26/Mar/2021:15:30:50 -0300] "GET /fundamental2.html HTTP/1.0" 200 393 "-" "Mozilla/5.0 (Windows NT 10.0; Win64; x64) AppleWebKit/537.36 (KHTML, like Gecko) Chrome/42.0.2311.135 Safari/537.36 Edge/12.246"
177.94.17.253 - - [26/Mar/2021:15:30:54 -0300] "GET /ensinomedio.html HTTP/1.0" 200 392 "-" "Mozilla/5.0 (Windows NT 10.0; Win64; x64) AppleWebKit/537.36 (KHTML, like Gecko) Chrome/42.0.2311.135 Safari/537.36 Edge/12.246"
177.94.17.253 - - [26/Mar/2021:15:30:55 -0300] "GET /localizacao.html HTTP/1.0" 200 392 "-" "Mozilla/5.0 (Windows NT 10.0; Win64; x64) AppleWebKit/537.36 (KHTML, like Gecko) Chrome/42.0.2311.135 Safari/537.36 Edge/12.246"
177.94.17.253 - - [26/Mar/2021:15:30:57 -0300] "GET /contato.html HTTP/1.0" 200 388 "-" "Mozilla/5.0 (Windows NT 10.0; Win64; x64) AppleWebKit/537.36 (KHTML, like Gecko) Chrome/42.0.2311.135 Safari/537.36 Edge/12.246"
177.35.178.58 - - [26/Mar/2021:11:07:43 -0300] "GET /fundamental-I/wgc_media/photos/03.jpg HTTP/1.1" 200 36736 "https://www.google.com/" "Mozilla/5.0 (Linux; Android 8.0.0; SM-A520F Build/R16NW; wv) AppleWebKit/537.36 (KHTML, like Gecko) Version/4.0 Chrome/89.0.4389.105 Mobile Safari/537.36 GSA/12.10.7.23.arm64"
177.94.17.253 - - [26/Mar/2021:15:30:38 -0300] "GET / HTTP/1.1" 200 10020 "-" "Mozilla/5.0 (Windows NT 10.0; Win64; x64) AppleWebKit/537.36 (KHTML, like Gecko) Chrome/42.0.2311.135 Safari/537.36 Edge/12.246"
177.94.17.253 - - [26/Mar/2021:15:30:39 -0300] "GET / HTTP/1.1" 200 10020 "-" "Mozilla/5.0 (Windows NT 10.0; Win64; x64) AppleWebKit/537.36 (KHTML, like Gecko) Chrome/42.0.2311.135 Safari/537.36 Edge/12.246"
177.94.17.253 - - [26/Mar/2021:15:30:42 -0300] "GET /index.html HTTP/1.1" 200 10020 "-" "Mozilla/5.0 (Windows NT 10.0; Win64; x64) AppleWebKit/537.36 (KHTML, like Gecko) Chrome/42.0.2311.135 Safari/537.36 Edge/12.246"
177.94.17.253 - - [26/Mar/2021:15:30:44 -0300] "GET /empresa.html HTTP/1.1" 200 11070 "-" "Mozilla/5.0 (Windows NT 10.0; Win64; x64) AppleWebKit/537.36 (KHTML, like Gecko) Chrome/42.0.2311.135 Safari/537.36 Edge/12.246"
177.94.17.253 - - [26/Mar/2021:15:30:46 -0300] "GET /infantil.html HTTP/1.1" 200 12806 "-" "Mozilla/5.0 (Windows NT 10.0; Win64; x64) AppleWebKit/537.36 (KHTML, like Gecko) Chrome/42.0.2311.135 Safari/537.36 Edge/12.246"
177.94.17.253 - - [26/Mar/2021:15:30:48 -0300] "GET /fundamental1.html HTTP/1.1" 200 12013 "-" "Mozilla/5.0 (Windows NT 10.0; Win64; x64) AppleWebKit/537.36 (KHTML, like Gecko) Chrome/42.0.2311.135 Safari/537.36 Edge/12.246"
177.94.17.253 - - [26/Mar/2021:15:30:50 -0300] "GET /fundamental2.html HTTP/1.1" 200 11479 "-" "Mozilla/5.0 (Windows NT 10.0; Win64; x64) AppleWebKit/537.36 (KHTML, like Gecko) Chrome/42.0.2311.135 Safari/537.36 Edge/12.246"
177.94.17.253 - - [26/Mar/2021:15:30:54 -0300] "GET /ensinomedio.html HTTP/1.1" 200 12294 "-" "Mozilla/5.0 (Windows NT 10.0; Win64; x64) AppleWebKit/537.36 (KHTML, like Gecko) Chrome/42.0.2311.135 Safari/537.36 Edge/12.246"
177.94.17.253 - - [26/Mar/2021:15:30:55 -0300] "GET /localizacao.html HTTP/1.1" 200 11736 "-" "Mozilla/5.0 (Windows NT 10.0; Win64; x64) AppleWebKit/537.36 (KHTML, like Gecko) Chrome/42.0.2311.135 Safari/537.36 Edge/12.246"
177.94.17.253 - - [26/Mar/2021:15:30:57 -0300] "GET /contato.html HTTP/1.1" 200 12547 "-" "Mozilla/5.0 (Windows NT 10.0; Win64; x64) AppleWebKit/537.36 (KHTML, like Gecko) Chrome/42.0.2311.135 Safari/537.36 Edge/12.246"
201.26.28.8 - - [28/Mar/2021:21:34:00 -0300] "GET / HTTP/1.0" 200 386 "-" "Mozilla/5.0 (Windows NT 10.0; Win64; x64) AppleWebKit/537.36 (KHTML, like Gecko) Chrome/42.0.2311.135 Safari/537.36 Edge/12.246"
201.26.28.8 - - [28/Mar/2021:21:34:03 -0300] "GET / HTTP/1.0" 200 386 "-" "Mozilla/5.0 (Windows NT 10.0; Win64; x64) AppleWebKit/537.36 (KHTML, like Gecko) Chrome/42.0.2311.135 Safari/537.36 Edge/12.246"
201.26.28.8 - - [28/Mar/2021:21:34:08 -0300] "GET /home.html HTTP/1.0" 404 1461 "-" "Mozilla/5.0 (Windows NT 10.0; Win64; x64) AppleWebKit/537.36 (KHTML, like Gecko) Chrome/42.0.2311.135 Safari/537.36 Edge/12.246"
201.26.28.8 - - [28/Mar/2021:21:34:11 -0300] "GET /index.html HTTP/1.0" 200 386 "-" "Mozilla/5.0 (Windows NT 10.0; Win64; x64) AppleWebKit/537.36 (KHTML, like Gecko) Chrome/42.0.2311.135 Safari/537.36 Edge/12.246"
201.26.28.8 - - [28/Mar/2021:21:34:16 -0300] "GET /empresa.html HTTP/1.0" 200 388 "-" "Mozilla/5.0 (Windows NT 10.0; Win64; x64) AppleWebKit/537.36 (KHTML, like Gecko) Chrome/42.0.2311.135 Safari/537.36 Edge/12.246"
201.26.28.8 - - [28/Mar/2021:21:34:17 -0300] "GET /infantil.html HTTP/1.0" 200 389 "-" "Mozilla/5.0 (Windows NT 10.0; Win64; x64) AppleWebKit/537.36 (KHTML, like Gecko) Chrome/42.0.2311.135 Safari/537.36 Edge/12.246"
201.26.28.8 - - [28/Mar/2021:21:34:20 -0300] "GET /fundamental1.html HTTP/1.0" 200 393 "-" "Mozilla/5.0 (Windows NT 10.0; Win64; x64) AppleWebKit/537.36 (KHTML, like Gecko) Chrome/42.0.2311.135 Safari/537.36 Edge/12.246"
201.26.28.8 - - [28/Mar/2021:21:34:23 -0300] "GET /fundamental2.html HTTP/1.0" 200 393 "-" "Mozilla/5.0 (Windows NT 10.0; Win64; x64) AppleWebKit/537.36 (KHTML, like Gecko) Chrome/42.0.2311.135 Safari/537.36 Edge/12.246"
201.26.28.8 - - [28/Mar/2021:21:34:26 -0300] "GET /ensinomedio.html HTTP/1.0" 200 392 "-" "Mozilla/5.0 (Windows NT 10.0; Win64; x64) AppleWebKit/537.36 (KHTML, like Gecko) Chrome/42.0.2311.135 Safari/537.36 Edge/12.246"
201.26.28.8 - - [28/Mar/2021:21:34:33 -0300] "GET /localizacao.html HTTP/1.0" 200 392 "-" "Mozilla/5.0 (Windows NT 10.0; Win64; x64) AppleWebKit/537.36 (KHTML, like Gecko) Chrome/42.0.2311.135 Safari/537.36 Edge/12.246"
201.26.28.8 - - [28/Mar/2021:21:34:36 -0300] "GET /contato.html HTTP/1.0" 200 388 "-" "Mozilla/5.0 (Windows NT 10.0; Win64; x64) AppleWebKit/537.36 (KHTML, like Gecko) Chrome/42.0.2311.135 Safari/537.36 Edge/12.246"
201.26.28.8 - - [28/Mar/2021:21:34:00 -0300] "GET / HTTP/1.1" 200 10020 "-" "Mozilla/5.0 (Windows NT 10.0; Win64; x64) AppleWebKit/537.36 (KHTML, like Gecko) Chrome/42.0.2311.135 Safari/537.36 Edge/12.246"
201.26.28.8 - - [28/Mar/2021:21:34:03 -0300] "GET / HTTP/1.1" 200 10020 "-" "Mozilla/5.0 (Windows NT 10.0; Win64; x64) AppleWebKit/537.36 (KHTML, like Gecko) Chrome/42.0.2311.135 Safari/537.36 Edge/12.246"
201.26.28.8 - - [28/Mar/2021:21:34:11 -0300] "GET /index.html HTTP/1.1" 200 10020 "-" "Mozilla/5.0 (Windows NT 10.0; Win64; x64) AppleWebKit/537.36 (KHTML, like Gecko) Chrome/42.0.2311.135 Safari/537.36 Edge/12.246"
201.26.28.8 - - [28/Mar/2021:21:34:16 -0300] "GET /empresa.html HTTP/1.1" 200 11070 "-" "Mozilla/5.0 (Windows NT 10.0; Win64; x64) AppleWebKit/537.36 (KHTML, like Gecko) Chrome/42.0.2311.135 Safari/537.36 Edge/12.246"
201.26.28.8 - - [28/Mar/2021:21:34:17 -0300] "GET /infantil.html HTTP/1.1" 200 12806 "-" "Mozilla/5.0 (Windows NT 10.0; Win64; x64) AppleWebKit/537.36 (KHTML, like Gecko) Chrome/42.0.2311.135 Safari/537.36 Edge/12.246"
201.26.28.8 - - [28/Mar/2021:21:34:20 -0300] "GET /fundamental1.html HTTP/1.1" 200 12013 "-" "Mozilla/5.0 (Windows NT 10.0; Win64; x64) AppleWebKit/537.36 (KHTML, like Gecko) Chrome/42.0.2311.135 Safari/537.36 Edge/12.246"
201.26.28.8 - - [28/Mar/2021:21:34:23 -0300] "GET /fundamental2.html HTTP/1.1" 200 11479 "-" "Mozilla/5.0 (Windows NT 10.0; Win64; x64) AppleWebKit/537.36 (KHTML, like Gecko) Chrome/42.0.2311.135 Safari/537.36 Edge/12.246"
201.26.28.8 - - [28/Mar/2021:21:34:26 -0300] "GET /ensinomedio.html HTTP/1.1" 200 12294 "-" "Mozilla/5.0 (Windows NT 10.0; Win64; x64) AppleWebKit/537.36 (KHTML, like Gecko) Chrome/42.0.2311.135 Safari/537.36 Edge/12.246"
201.26.28.8 - - [28/Mar/2021:21:34:33 -0300] "GET /localizacao.html HTTP/1.1" 200 11736 "-" "Mozilla/5.0 (Windows NT 10.0; Win64; x64) AppleWebKit/537.36 (KHTML, like Gecko) Chrome/42.0.2311.135 Safari/537.36 Edge/12.246"
201.26.28.8 - - [28/Mar/2021:21:34:36 -0300] "GET /contato.html HTTP/1.1" 200 12547 "-" "Mozilla/5.0 (Windows NT 10.0; Win64; x64) AppleWebKit/537.36 (KHTML, like Gecko) Chrome/42.0.2311.135 Safari/537.36 Edge/12.246"
177.94.17.253 - - [30/Mar/2021:14:09:40 -0300] "GET / HTTP/1.0" 200 386 "-" "Mozilla/5.0 (Windows NT 10.0; Win64; x64) AppleWebKit/537.36 (KHTML, like Gecko) Chrome/42.0.2311.135 Safari/537.36 Edge/12.246"
177.94.17.253 - - [30/Mar/2021:14:09:43 -0300] "GET / HTTP/1.0" 200 386 "-" "Mozilla/5.0 (Windows NT 10.0; Win64; x64) AppleWebKit/537.36 (KHTML, like Gecko) Chrome/42.0.2311.135 Safari/537.36 Edge/12.246"
177.94.17.253 - - [30/Mar/2021:14:09:45 -0300] "GET /index.html HTTP/1.0" 200 386 "-" "Mozilla/5.0 (Windows NT 10.0; Win64; x64) AppleWebKit/537.36 (KHTML, like Gecko) Chrome/42.0.2311.135 Safari/537.36 Edge/12.246"
177.94.17.253 - - [30/Mar/2021:14:09:45 -0300] "GET /empresa.html HTTP/1.0" 200 388 "-" "Mozilla/5.0 (Windows NT 10.0; Win64; x64) AppleWebKit/537.36 (KHTML, like Gecko) Chrome/42.0.2311.135 Safari/537.36 Edge/12.246"
177.94.17.253 - - [30/Mar/2021:14:09:45 -0300] "GET /home.html HTTP/1.0" 404 1461 "-" "Mozilla/5.0 (Windows NT 10.0; Win64; x64) AppleWebKit/537.36 (KHTML, like Gecko) Chrome/42.0.2311.135 Safari/537.36 Edge/12.246"
177.94.17.253 - - [30/Mar/2021:14:09:45 -0300] "GET /fundamental1.html HTTP/1.0" 200 393 "-" "Mozilla/5.0 (Windows NT 10.0; Win64; x64) AppleWebKit/537.36 (KHTML, like Gecko) Chrome/42.0.2311.135 Safari/537.36 Edge/12.246"
177.94.17.253 - - [30/Mar/2021:14:09:45 -0300] "GET /fundamental2.html HTTP/1.0" 200 393 "-" "Mozilla/5.0 (Windows NT 10.0; Win64; x64) AppleWebKit/537.36 (KHTML, like Gecko) Chrome/42.0.2311.135 Safari/537.36 Edge/12.246"
177.94.17.253 - - [30/Mar/2021:14:09:45 -0300] "GET /ensinomedio.html HTTP/1.0" 200 392 "-" "Mozilla/5.0 (Windows NT 10.0; Win64; x64) AppleWebKit/537.36 (KHTML, like Gecko) Chrome/42.0.2311.135 Safari/537.36 Edge/12.246"
177.94.17.253 - - [30/Mar/2021:14:09:45 -0300] "GET /infantil.html HTTP/1.0" 200 389 "-" "Mozilla/5.0 (Windows NT 10.0; Win64; x64) AppleWebKit/537.36 (KHTML, like Gecko) Chrome/42.0.2311.135 Safari/537.36 Edge/12.246"
177.94.17.253 - - [30/Mar/2021:14:09:45 -0300] "GET /contato.html HTTP/1.0" 200 388 "-" "Mozilla/5.0 (Windows NT 10.0; Win64; x64) AppleWebKit/537.36 (KHTML, like Gecko) Chrome/42.0.2311.135 Safari/537.36 Edge/12.246"
177.94.17.253 - - [30/Mar/2021:14:09:45 -0300] "GET /localizacao.html HTTP/1.0" 200 392 "-" "Mozilla/5.0 (Windows NT 10.0; Win64; x64) AppleWebKit/537.36 (KHTML, like Gecko) Chrome/42.0.2311.135 Safari/537.36 Edge/12.246"
177.94.17.253 - - [30/Mar/2021:14:09:40 -0300] "GET / HTTP/1.1" 200 10020 "-" "Mozilla/5.0 (Windows NT 10.0; Win64; x64) AppleWebKit/537.36 (KHTML, like Gecko) Chrome/42.0.2311.135 Safari/537.36 Edge/12.246"
177.94.17.253 - - [30/Mar/2021:14:09:43 -0300] "GET / HTTP/1.1" 200 10020 "-" "Mozilla/5.0 (Windows NT 10.0; Win64; x64) AppleWebKit/537.36 (KHTML, like Gecko) Chrome/42.0.2311.135 Safari/537.36 Edge/12.246"
177.94.17.253 - - [30/Mar/2021:14:09:45 -0300] "GET /index.html HTTP/1.1" 200 10020 "-" "Mozilla/5.0 (Windows NT 10.0; Win64; x64) AppleWebKit/537.36 (KHTML, like Gecko) Chrome/42.0.2311.135 Safari/537.36 Edge/12.246"
177.94.17.253 - - [30/Mar/2021:14:09:45 -0300] "GET /empresa.html HTTP/1.1" 200 11070 "-" "Mozilla/5.0 (Windows NT 10.0; Win64; x64) AppleWebKit/537.36 (KHTML, like Gecko) Chrome/42.0.2311.135 Safari/537.36 Edge/12.246"
177.94.17.253 - - [30/Mar/2021:14:09:45 -0300] "GET /fundamental1.html HTTP/1.1" 200 12013 "-" "Mozilla/5.0 (Windows NT 10.0; Win64; x64) AppleWebKit/537.36 (KHTML, like Gecko) Chrome/42.0.2311.135 Safari/537.36 Edge/12.246"
177.94.17.253 - - [30/Mar/2021:14:09:45 -0300] "GET /fundamental2.html HTTP/1.1" 200 11479 "-" "Mozilla/5.0 (Windows NT 10.0; Win64; x64) AppleWebKit/537.36 (KHTML, like Gecko) Chrome/42.0.2311.135 Safari/537.36 Edge/12.246"
177.94.17.253 - - [30/Mar/2021:14:09:45 -0300] "GET /ensinomedio.html HTTP/1.1" 200 12294 "-" "Mozilla/5.0 (Windows NT 10.0; Win64; x64) AppleWebKit/537.36 (KHTML, like Gecko) Chrome/42.0.2311.135 Safari/537.36 Edge/12.246"
177.94.17.253 - - [30/Mar/2021:14:09:45 -0300] "GET /infantil.html HTTP/1.1" 200 12806 "-" "Mozilla/5.0 (Windows NT 10.0; Win64; x64) AppleWebKit/537.36 (KHTML, like Gecko) Chrome/42.0.2311.135 Safari/537.36 Edge/12.246"
177.94.17.253 - - [30/Mar/2021:14:09:45 -0300] "GET /contato.html HTTP/1.1" 200 12547 "-" "Mozilla/5.0 (Windows NT 10.0; Win64; x64) AppleWebKit/537.36 (KHTML, like Gecko) Chrome/42.0.2311.135 Safari/537.36 Edge/12.246"
177.94.17.253 - - [30/Mar/2021:14:09:45 -0300] "GET /localizacao.html HTTP/1.1" 200 11736 "-" "Mozilla/5.0 (Windows NT 10.0; Win64; x64) AppleWebKit/537.36 (KHTML, like Gecko) Chrome/42.0.2311.135 Safari/537.36 Edge/12.246"
177.94.17.253 - - [30/Mar/2021:19:06:12 -0300] "GET / HTTP/1.0" 200 386 "-" "Mozilla/5.0 (Windows NT 10.0; Win64; x64) AppleWebKit/537.36 (KHTML, like Gecko) Chrome/42.0.2311.135 Safari/537.36 Edge/12.246"
177.94.17.253 - - [30/Mar/2021:19:06:18 -0300] "GET / HTTP/1.0" 200 386 "-" "Mozilla/5.0 (Windows NT 10.0; Win64; x64) AppleWebKit/537.36 (KHTML, like Gecko) Chrome/42.0.2311.135 Safari/537.36 Edge/12.246"
177.94.17.253 - - [30/Mar/2021:19:06:37 -0300] "GET /empresa.html HTTP/1.0" 200 388 "-" "Mozilla/5.0 (Windows NT 10.0; Win64; x64) AppleWebKit/537.36 (KHTML, like Gecko) Chrome/42.0.2311.135 Safari/537.36 Edge/12.246"
177.94.17.253 - - [30/Mar/2021:19:06:37 -0300] "GET /index.html HTTP/1.0" 200 386 "-" "Mozilla/5.0 (Windows NT 10.0; Win64; x64) AppleWebKit/537.36 (KHTML, like Gecko) Chrome/42.0.2311.135 Safari/537.36 Edge/12.246"
177.94.17.253 - - [30/Mar/2021:19:06:37 -0300] "GET /home.html HTTP/1.0" 404 1461 "-" "Mozilla/5.0 (Windows NT 10.0; Win64; x64) AppleWebKit/537.36 (KHTML, like Gecko) Chrome/42.0.2311.135 Safari/537.36 Edge/12.246"
177.94.17.253 - - [30/Mar/2021:19:06:37 -0300] "GET /localizacao.html HTTP/1.0" 200 392 "-" "Mozilla/5.0 (Windows NT 10.0; Win64; x64) AppleWebKit/537.36 (KHTML, like Gecko) Chrome/42.0.2311.135 Safari/537.36 Edge/12.246"
177.94.17.253 - - [30/Mar/2021:19:06:37 -0300] "GET /ensinomedio.html HTTP/1.0" 200 392 "-" "Mozilla/5.0 (Windows NT 10.0; Win64; x64) AppleWebKit/537.36 (KHTML, like Gecko) Chrome/42.0.2311.135 Safari/537.36 Edge/12.246"
177.94.17.253 - - [30/Mar/2021:19:06:37 -0300] "GET /infantil.html HTTP/1.0" 200 389 "-" "Mozilla/5.0 (Windows NT 10.0; Win64; x64) AppleWebKit/537.36 (KHTML, like Gecko) Chrome/42.0.2311.135 Safari/537.36 Edge/12.246"
177.94.17.253 - - [30/Mar/2021:19:06:37 -0300] "GET /fundamental2.html HTTP/1.0" 200 393 "-" "Mozilla/5.0 (Windows NT 10.0; Win64; x64) AppleWebKit/537.36 (KHTML, like Gecko) Chrome/42.0.2311.135 Safari/537.36 Edge/12.246"
177.94.17.253 - - [30/Mar/2021:19:06:37 -0300] "GET /contato.html HTTP/1.0" 200 388 "-" "Mozilla/5.0 (Windows NT 10.0; Win64; x64) AppleWebKit/537.36 (KHTML, like Gecko) Chrome/42.0.2311.135 Safari/537.36 Edge/12.246"
177.94.17.253 - - [30/Mar/2021:19:06:37 -0300] "GET /fundamental1.html HTTP/1.0" 200 393 "-" "Mozilla/5.0 (Windows NT 10.0; Win64; x64) AppleWebKit/537.36 (KHTML, like Gecko) Chrome/42.0.2311.135 Safari/537.36 Edge/12.246"
177.94.17.253 - - [30/Mar/2021:19:06:12 -0300] "GET / HTTP/1.1" 200 10020 "-" "Mozilla/5.0 (Windows NT 10.0; Win64; x64) AppleWebKit/537.36 (KHTML, like Gecko) Chrome/42.0.2311.135 Safari/537.36 Edge/12.246"
177.94.17.253 - - [30/Mar/2021:19:06:18 -0300] "GET / HTTP/1.1" 200 10020 "-" "Mozilla/5.0 (Windows NT 10.0; Win64; x64) AppleWebKit/537.36 (KHTML, like Gecko) Chrome/42.0.2311.135 Safari/537.36 Edge/12.246"
177.94.17.253 - - [30/Mar/2021:19:06:37 -0300] "GET /empresa.html HTTP/1.1" 200 11070 "-" "Mozilla/5.0 (Windows NT 10.0; Win64; x64) AppleWebKit/537.36 (KHTML, like Gecko) Chrome/42.0.2311.135 Safari/537.36 Edge/12.246"
177.94.17.253 - - [30/Mar/2021:19:06:37 -0300] "GET /index.html HTTP/1.1" 200 10020 "-" "Mozilla/5.0 (Windows NT 10.0; Win64; x64) AppleWebKit/537.36 (KHTML, like Gecko) Chrome/42.0.2311.135 Safari/537.36 Edge/12.246"
177.94.17.253 - - [30/Mar/2021:19:06:37 -0300] "GET /ensinomedio.html HTTP/1.1" 200 12294 "-" "Mozilla/5.0 (Windows NT 10.0; Win64; x64) AppleWebKit/537.36 (KHTML, like Gecko) Chrome/42.0.2311.135 Safari/537.36 Edge/12.246"
177.94.17.253 - - [30/Mar/2021:19:06:37 -0300] "GET /localizacao.html HTTP/1.1" 200 11736 "-" "Mozilla/5.0 (Windows NT 10.0; Win64; x64) AppleWebKit/537.36 (KHTML, like Gecko) Chrome/42.0.2311.135 Safari/537.36 Edge/12.246"
177.94.17.253 - - [30/Mar/2021:19:06:37 -0300] "GET /fundamental2.html HTTP/1.1" 200 11479 "-" "Mozilla/5.0 (Windows NT 10.0; Win64; x64) AppleWebKit/537.36 (KHTML, like Gecko) Chrome/42.0.2311.135 Safari/537.36 Edge/12.246"
177.94.17.253 - - [30/Mar/2021:19:06:37 -0300] "GET /infantil.html HTTP/1.1" 200 12806 "-" "Mozilla/5.0 (Windows NT 10.0; Win64; x64) AppleWebKit/537.36 (KHTML, like Gecko) Chrome/42.0.2311.135 Safari/537.36 Edge/12.246"
177.94.17.253 - - [30/Mar/2021:19:06:38 -0300] "GET /contato.html HTTP/1.1" 200 12547 "-" "Mozilla/5.0 (Windows NT 10.0; Win64; x64) AppleWebKit/537.36 (KHTML, like Gecko) Chrome/42.0.2311.135 Safari/537.36 Edge/12.246"
177.94.17.253 - - [30/Mar/2021:19:06:38 -0300] "GET /fundamental1.html HTTP/1.1" 200 12013 "-" "Mozilla/5.0 (Windows NT 10.0; Win64; x64) AppleWebKit/537.36 (KHTML, like Gecko) Chrome/42.0.2311.135 Safari/537.36 Edge/12.246"
189.69.170.208 - - [30/Mar/2021:20:48:48 -0300] "GET /infantil/wgc_media/photos/05.jpg HTTP/1.0" 200 409 "https://www.google.com.br/" "Mozilla/5.0 (Windows NT 10.0; Win64; x64) AppleWebKit/537.36 (KHTML, like Gecko) Chrome/89.0.4389.90 Safari/537.36"
189.69.170.208 - - [30/Mar/2021:20:49:07 -0300] "GET /infantil/wgc_media/photos/01.jpg HTTP/1.0" 200 409 "https://www.google.com.br/" "Mozilla/5.0 (Windows NT 10.0; Win64; x64) AppleWebKit/537.36 (KHTML, like Gecko) Chrome/89.0.4389.90 Safari/537.36"
189.69.170.208 - - [30/Mar/2021:20:48:49 -0300] "GET /infantil/wgc_media/photos/05.jpg HTTP/1.1" 200 244387 "https://www.google.com.br/" "Mozilla/5.0 (Windows NT 10.0; Win64; x64) AppleWebKit/537.36 (KHTML, like Gecko) Chrome/89.0.4389.90 Safari/537.36"
189.69.170.208 - - [30/Mar/2021:20:49:07 -0300] "GET /infantil/wgc_media/photos/01.jpg HTTP/1.1" 200 38033 "https://www.google.com.br/" "Mozilla/5.0 (Windows NT 10.0; Win64; x64) AppleWebKit/537.36 (KHTML, like Gecko) Chrome/89.0.4389.90 Safari/537.36"
52.31.229.245 - - [01/Apr/2021:09:35:32 -0300] "GET /robots.txt HTTP/1.0" 404 1461 "-" "PleskBot"
52.31.229.245 - - [01/Apr/2021:09:35:46 -0300] "GET / HTTP/1.0" 200 386 "-" "PleskBot"
52.31.229.245 - - [01/Apr/2021:09:35:46 -0300] "GET / HTTP/1.1" 200 10020 "-" "PleskBot"
35.197.115.144 - - [05/Apr/2021:09:08:38 -0300] "HEAD / HTTP/1.0" 200 137 "-" "Mozilla/5.0 (Windows NT 6.1; WOW64) AppleWebKit/537.36 (KHTML, like Gecko) Chrome/41.0.2227.0 Safari/537.36"
34.83.130.0 - - [05/Apr/2021:09:08:38 -0300] "HEAD / HTTP/1.0" 200 137 "-" "Mozilla/5.0 (Windows NT 5.1) AppleWebKit/537.36 (KHTML, like Gecko) Chrome/36.0.1985.67 Safari/537.36"
165.227.127.62 - - [06/Apr/2021:07:32:03 -0300] "GET / HTTP/1.0" 200 386 "-" "Mozilla/5.0 (compatible; NetcraftSurveyAgent/1.0; +info@netcraft.com)"
195.146.37.241 - - [06/Apr/2021:07:38:45 -0300] "GET / HTTP/1.0" 200 386 "-" "Mozilla/5.0 (Windows NT 10.0; Win64; x64; rv:64.0) Gecko/20100101 Firefox/64.0"
165.227.72.17 - - [06/Apr/2021:07:41:56 -0300] "GET / HTTP/1.0" 200 386 "-" "Mozilla/5.0 (compatible; NetcraftSurveyAgent/1.0; +info@netcraft.com)"
93.119.227.91 - - [06/Apr/2021:08:26:04 -0300] "GET / HTTP/1.0" 200 386 "-" "Mozilla/5.0 (Windows NT 10.0; Win64; x64) AppleWebKit/537.36 (KHTML, like Gecko) Chrome/58.0.3029.110 Safari/537.36 Edge/16.16299"
93.119.227.91 - - [06/Apr/2021:08:26:04 -0300] "GET / HTTP/1.0" 200 386 "-" "Mozilla/5.0 (iPhone; CPU iPhone OS 10_3_1 like Mac OS X) AppleWebKit/603.1.30 (KHTML, like Gecko) Version/10.0 Mobile/14E304 Safari/602.1"
69.4.89.106 - - [06/Apr/2021:08:40:55 -0300] "GET / HTTP/1.0" 200 386 "-" "Mozilla/5.0 (Windows NT 10.0; Win64; x64) AppleWebKit/537.36 (KHTML, like Gecko) Chrome/58.0.3029.110 Safari/537.36 Edge/16.16299"
69.4.89.106 - - [06/Apr/2021:08:40:55 -0300] "GET / HTTP/1.0" 200 386 "-" "Mozilla/5.0 (Windows NT 10.0; Win64; x64; rv:58.0) Gecko/20100101 Firefox/58.0"
69.4.87.74 - - [06/Apr/2021:08:43:24 -0300] "GET / HTTP/1.0" 200 386 "-" "Mozilla/5.0 (Windows NT 10.0; Win64; x64) AppleWebKit/537.36 (KHTML, like Gecko) Chrome/64.0.3282.186 Safari/537.36"
69.4.87.74 - - [06/Apr/2021:08:43:24 -0300] "GET / HTTP/1.0" 200 386 "-" "Mozilla/5.0 (Linux; Android 7.0; SM-G930V Build/NRD90M) AppleWebKit/537.36 (KHTML, like Gecko) Chrome/59.0.3071.125 Mobile Safari/537.36"
93.119.227.19 - - [06/Apr/2021:08:45:55 -0300] "GET / HTTP/1.0" 200 386 "-" "Mozilla/5.0 (Macintosh; Intel Mac OS X 10_12_6) AppleWebKit/604.5.6 (KHTML, like Gecko) Version/11.0.3 Safari/604.5.6"
93.119.227.19 - - [06/Apr/2021:08:45:55 -0300] "GET / HTTP/1.0" 200 386 "-" "Mozilla/5.0 (Linux; U; Android 4.4.2; en-us; SCH-I535 Build/KOT49H) AppleWebKit/534.30 (KHTML, like Gecko) Version/4.0 Mobile Safari/534.30"
165.227.127.62 - - [06/Apr/2021:07:32:03 -0300] "GET / HTTP/1.0" 200 10020 "-" "Mozilla/5.0 (compatible; NetcraftSurveyAgent/1.0; +info@netcraft.com)"
195.146.37.241 - - [06/Apr/2021:07:38:45 -0300] "GET / HTTP/1.1" 200 10020 "-" "Mozilla/5.0 (Windows NT 10.0; Win64; x64; rv:64.0) Gecko/20100101 Firefox/64.0"
165.227.72.17 - - [06/Apr/2021:07:41:56 -0300] "GET / HTTP/1.0" 200 10020 "-" "Mozilla/5.0 (compatible; NetcraftSurveyAgent/1.0; +info@netcraft.com)"
93.119.227.91 - - [06/Apr/2021:08:26:04 -0300] "GET / HTTP/1.1" 200 10020 "-" "Mozilla/5.0 (Windows NT 10.0; Win64; x64) AppleWebKit/537.36 (KHTML, like Gecko) Chrome/58.0.3029.110 Safari/537.36 Edge/16.16299"
93.119.227.91 - - [06/Apr/2021:08:26:04 -0300] "GET / HTTP/1.1" 200 10020 "-" "Mozilla/5.0 (iPhone; CPU iPhone OS 10_3_1 like Mac OS X) AppleWebKit/603.1.30 (KHTML, like Gecko) Version/10.0 Mobile/14E304 Safari/602.1"
69.4.89.106 - - [06/Apr/2021:08:40:55 -0300] "GET / HTTP/1.1" 200 10020 "-" "Mozilla/5.0 (Windows NT 10.0; Win64; x64) AppleWebKit/537.36 (KHTML, like Gecko) Chrome/58.0.3029.110 Safari/537.36 Edge/16.16299"
69.4.89.106 - - [06/Apr/2021:08:40:55 -0300] "GET / HTTP/1.1" 200 10020 "-" "Mozilla/5.0 (Windows NT 10.0; Win64; x64; rv:58.0) Gecko/20100101 Firefox/58.0"
69.4.87.74 - - [06/Apr/2021:08:43:24 -0300] "GET / HTTP/1.1" 200 10020 "-" "Mozilla/5.0 (Windows NT 10.0; Win64; x64) AppleWebKit/537.36 (KHTML, like Gecko) Chrome/64.0.3282.186 Safari/537.36"
69.4.87.74 - - [06/Apr/2021:08:43:24 -0300] "GET / HTTP/1.1" 200 10020 "-" "Mozilla/5.0 (Linux; Android 7.0; SM-G930V Build/NRD90M) AppleWebKit/537.36 (KHTML, like Gecko) Chrome/59.0.3071.125 Mobile Safari/537.36"
93.119.227.19 - - [06/Apr/2021:08:45:55 -0300] "GET / HTTP/1.1" 200 10020 "-" "Mozilla/5.0 (Macintosh; Intel Mac OS X 10_12_6) AppleWebKit/604.5.6 (KHTML, like Gecko) Version/11.0.3 Safari/604.5.6"
93.119.227.19 - - [06/Apr/2021:08:45:55 -0300] "GET / HTTP/1.1" 200 10020 "-" "Mozilla/5.0 (Linux; U; Android 4.4.2; en-us; SCH-I535 Build/KOT49H) AppleWebKit/534.30 (KHTML, like Gecko) Version/4.0 Mobile Safari/534.30"
81.173.112.207 - - [07/Apr/2021:10:11:43 -0300] "GET / HTTP/1.0" 200 386 "-" "Mozilla/5.0 (Macintosh; Intel Mac OS X 10_10_5) AppleWebKit/603.3.8 (KHTML, like Gecko) Version/10.1.2 Safari/603.3.8"
81.173.112.207 - - [07/Apr/2021:10:11:43 -0300] "GET / HTTP/1.1" 200 10020 "-" "Mozilla/5.0 (Macintosh; Intel Mac OS X 10_10_5) AppleWebKit/603.3.8 (KHTML, like Gecko) Version/10.1.2 Safari/603.3.8"
71.19.144.106 - - [08/Apr/2021:17:55:41 -0300] "GET /.git/config HTTP/1.0" 404 1461 "-" "Go-http-client/1.1"
131.196.253.95 - - [08/Apr/2021:17:55:43 -0300] "GET /.git/config HTTP/1.0" 404 1461 "-" "Go-http-client/1.1"
52.47.209.102 - - [09/Apr/2021:09:04:34 -0300] "HEAD / HTTP/1.0" 200 137 "-" "Mozilla/5.0 (Windows NT 6.1; Win64; x64) AppleWebKit/537.36 (KHTML, like Gecko) Chrome/74.0.3729.131 Safari/537.36"
54.167.48.102 - - [09/Apr/2021:11:51:25 -0300] "GET / HTTP/1.0" 200 386 "-" "Mozilla/5.0 (Macintosh; Intel Mac OS X 10_11_5) AppleWebKit/537.36 (KHTML, like Gecko) Chrome/50.0.2661.102 Safari/537.36 Silktide"
54.196.206.250 - - [09/Apr/2021:11:51:25 -0300] "GET / HTTP/1.0" 200 386 "-" "Mozilla/5.0 (Macintosh; Intel Mac OS X 10_11_5) AppleWebKit/537.36 (KHTML, like Gecko) Chrome/50.0.2661.102 Safari/537.36 Silktide"
54.167.48.102 - - [09/Apr/2021:11:51:25 -0300] "GET / HTTP/1.0" 200 386 "-" "Mozilla/5.0 (Macintosh; Intel Mac OS X 10_11_5) AppleWebKit/537.36 (KHTML, like Gecko) Chrome/50.0.2661.102 Safari/537.36 Silktide"
54.196.206.250 - - [09/Apr/2021:11:51:25 -0300] "GET / HTTP/1.0" 200 386 "-" "Mozilla/5.0 (Macintosh; Intel Mac OS X 10_11_5) AppleWebKit/537.36 (KHTML, like Gecko) Chrome/50.0.2661.102 Safari/537.36 Silktide"
54.167.48.102 - - [09/Apr/2021:11:51:26 -0300] "GET / HTTP/1.0" 200 386 "-" "Mozilla/5.0 (Macintosh; Intel Mac OS X 10_11_5) AppleWebKit/537.36 (KHTML, like Gecko) Chrome/50.0.2661.102 Safari/537.36 Silktide"
34.254.64.251 - - [09/Apr/2021:15:33:45 -0300] "GET /robots.txt HTTP/1.0" 404 1461 "-" "PleskBot"
34.254.64.251 - - [09/Apr/2021:15:33:56 -0300] "GET / HTTP/1.0" 200 386 "-" "PleskBot"
54.167.48.102 - - [09/Apr/2021:11:51:25 -0300] "GET / HTTP/1.1" 200 10020 "-" "Mozilla/5.0 (Macintosh; Intel Mac OS X 10_11_5) AppleWebKit/537.36 (KHTML, like Gecko) Chrome/50.0.2661.102 Safari/537.36 Silktide"
54.196.206.250 - - [09/Apr/2021:11:51:25 -0300] "GET / HTTP/1.1" 200 10020 "-" "Mozilla/5.0 (Macintosh; Intel Mac OS X 10_11_5) AppleWebKit/537.36 (KHTML, like Gecko) Chrome/50.0.2661.102 Safari/537.36 Silktide"
54.167.48.102 - - [09/Apr/2021:11:51:25 -0300] "GET / HTTP/1.1" 200 10020 "-" "Mozilla/5.0 (Macintosh; Intel Mac OS X 10_11_5) AppleWebKit/537.36 (KHTML, like Gecko) Chrome/50.0.2661.102 Safari/537.36 Silktide"
54.196.206.250 - - [09/Apr/2021:11:51:25 -0300] "GET / HTTP/1.1" 200 10020 "-" "Mozilla/5.0 (Macintosh; Intel Mac OS X 10_11_5) AppleWebKit/537.36 (KHTML, like Gecko) Chrome/50.0.2661.102 Safari/537.36 Silktide"
54.167.48.102 - - [09/Apr/2021:11:51:26 -0300] "GET / HTTP/1.1" 200 10020 "-" "Mozilla/5.0 (Macintosh; Intel Mac OS X 10_11_5) AppleWebKit/537.36 (KHTML, like Gecko) Chrome/50.0.2661.102 Safari/537.36 Silktide"
34.254.64.251 - - [09/Apr/2021:15:33:56 -0300] "GET / HTTP/1.1" 200 10020 "-" "PleskBot"
107.150.52.196 - - [12/Apr/2021:01:29:22 -0300] "GET / HTTP/1.0" 200 386 "http://www.google.com.hk" "Mozilla/5.0 (Windows NT 6.1; WOW64) AppleWebKit/537.36 (KHTML, like Gecko) Chrome/42.0.2311.90 Safari/537.36"
107.150.52.196 - - [12/Apr/2021:01:29:22 -0300] "GET / HTTP/1.1" 200 10020 "http://www.google.com.hk" "Mozilla/5.0 (Windows NT 6.1; WOW64) AppleWebKit/537.36 (KHTML, like Gecko) Chrome/42.0.2311.90 Safari/537.36"
18.222.159.130 - - [12/Apr/2021:13:03:46 -0300] "GET / HTTP/1.0" 200 386 "-" "Mozilla/5.0 (Windows NT 10.0; Win64; x64) AppleWebKit/537.36 (KHTML, like Gecko) Chrome/72.0.3626.119 Safari/537.36"
18.222.159.130 - - [12/Apr/2021:13:03:46 -0300] "GET / HTTP/1.1" 200 10020 "-" "Mozilla/5.0 (Windows NT 10.0; Win64; x64) AppleWebKit/537.36 (KHTML, like Gecko) Chrome/72.0.3626.119 Safari/537.36"
34.77.162.24 - - [13/Apr/2021:05:13:31 -0300] "GET / HTTP/1.0" 200 386 "-" "Expanse, a Palo Alto Networks company, searches across the global IPv4 space multiple times per day to identify customers&#39; presences on the Internet. If you would like to be excluded from our scans, please send IP addresses/domains to: scaninfo@paloaltonetworks.com"
34.77.162.17 - - [13/Apr/2021:06:12:04 -0300] "GET / HTTP/1.0" 200 386 "-" "Expanse, a Palo Alto Networks company, searches across the global IPv4 space multiple times per day to identify customers&#39; presences on the Internet. If you would like to be excluded from our scans, please send IP addresses/domains to: scaninfo@paloaltonetworks.com"
34.77.162.24 - - [13/Apr/2021:05:13:31 -0300] "GET / HTTP/1.1" 200 10020 "-" "Expanse, a Palo Alto Networks company, searches across the global IPv4 space multiple times per day to identify customers&#39; presences on the Internet. If you would like to be excluded from our scans, please send IP addresses/domains to: scaninfo@paloaltonetworks.com"
34.77.162.17 - - [13/Apr/2021:06:12:04 -0300] "GET / HTTP/1.1" 200 10020 "-" "Expanse, a Palo Alto Networks company, searches across the global IPv4 space multiple times per day to identify customers&#39; presences on the Internet. If you would like to be excluded from our scans, please send IP addresses/domains to: scaninfo@paloaltonetworks.com"
208.110.85.68 - - [15/Apr/2021:02:56:34 -0300] "GET / HTTP/1.0" 200 386 "http://www.google.com.hk" "Mozilla/5.0 (Windows NT 6.1; WOW64) AppleWebKit/537.36 (KHTML, like Gecko) Chrome/42.0.2311.90 Safari/537.36"
208.110.85.68 - - [15/Apr/2021:02:56:34 -0300] "GET / HTTP/1.1" 200 10020 "http://www.google.com.hk" "Mozilla/5.0 (Windows NT 6.1; WOW64) AppleWebKit/537.36 (KHTML, like Gecko) Chrome/42.0.2311.90 Safari/537.36"
192.151.156.189 - - [15/Apr/2021:07:49:25 -0300] "GET / HTTP/1.0" 200 386 "http://www.google.com.hk" "Mozilla/5.0 (Windows NT 6.1; WOW64) AppleWebKit/537.36 (KHTML, like Gecko) Chrome/42.0.2311.90 Safari/537.36"
192.151.156.189 - - [15/Apr/2021:07:49:25 -0300] "GET / HTTP/1.1" 200 10020 "http://www.google.com.hk" "Mozilla/5.0 (Windows NT 6.1; WOW64) AppleWebKit/537.36 (KHTML, like Gecko) Chrome/42.0.2311.90 Safari/537.36"
34.96.130.20 - - [16/Apr/2021:07:07:19 -0300] "GET / HTTP/1.0" 200 386 "-" "Expanse, a Palo Alto Networks company, searches across the global IPv4 space multiple times per day to identify customers&#39; presences on the Internet. If you would like to be excluded from our scans, please send IP addresses/domains to: scaninfo@paloaltonetworks.com"
208.110.85.68 - - [16/Apr/2021:11:10:50 -0300] "GET / HTTP/1.0" 200 386 "http://www.google.com.hk" "Mozilla/5.0 (Windows NT 6.1; WOW64) AppleWebKit/537.36 (KHTML, like Gecko) Chrome/42.0.2311.90 Safari/537.36"
34.86.35.20 - - [17/Apr/2021:00:19:46 -0300] "GET / HTTP/1.0" 200 386 "-" "Expanse, a Palo Alto Networks company, searches across the global IPv4 space multiple times per day to identify customers&#39; presences on the Internet. If you would like to be excluded from our scans, please send IP addresses/domains to: scaninfo@paloaltonetworks.com"
34.96.130.5 - - [17/Apr/2021:03:40:53 -0300] "GET / HTTP/1.0" 200 386 "-" "Expanse, a Palo Alto Networks company, searches across the global IPv4 space multiple times per day to identify customers&#39; presences on the Internet. If you would like to be excluded from our scans, please send IP addresses/domains to: scaninfo@paloaltonetworks.com"
92.118.160.45 - - [17/Apr/2021:04:18:47 -0300] "GET / HTTP/1.0" 200 386 "-" "NetSystemsResearch studies the availability of various services across the internet. Our website is netsystemsresearch.com"
34.96.130.20 - - [16/Apr/2021:07:07:19 -0300] "GET / HTTP/1.1" 200 10020 "-" "Expanse, a Palo Alto Networks company, searches across the global IPv4 space multiple times per day to identify customers&#39; presences on the Internet. If you would like to be excluded from our scans, please send IP addresses/domains to: scaninfo@paloaltonetworks.com"
208.110.85.68 - - [16/Apr/2021:11:10:50 -0300] "GET / HTTP/1.1" 200 10020 "http://www.google.com.hk" "Mozilla/5.0 (Windows NT 6.1; WOW64) AppleWebKit/537.36 (KHTML, like Gecko) Chrome/42.0.2311.90 Safari/537.36"
34.86.35.20 - - [17/Apr/2021:00:19:46 -0300] "GET / HTTP/1.1" 200 10020 "-" "Expanse, a Palo Alto Networks company, searches across the global IPv4 space multiple times per day to identify customers&#39; presences on the Internet. If you would like to be excluded from our scans, please send IP addresses/domains to: scaninfo@paloaltonetworks.com"
34.96.130.5 - - [17/Apr/2021:03:40:53 -0300] "GET / HTTP/1.1" 200 10020 "-" "Expanse, a Palo Alto Networks company, searches across the global IPv4 space multiple times per day to identify customers&#39; presences on the Internet. If you would like to be excluded from our scans, please send IP addresses/domains to: scaninfo@paloaltonetworks.com"
92.118.160.45 - - [17/Apr/2021:04:18:47 -0300] "GET / HTTP/1.1" 200 10020 "-" "NetSystemsResearch studies the availability of various services across the internet. Our website is netsystemsresearch.com"
3.249.190.110 - - [17/Apr/2021:13:50:51 -0300] "GET /robots.txt HTTP/1.0" 404 1461 "-" "PleskBot"
3.249.190.110 - - [17/Apr/2021:13:51:03 -0300] "GET / HTTP/1.0" 200 386 "-" "PleskBot"
3.249.190.110 - - [17/Apr/2021:13:51:03 -0300] "GET / HTTP/1.1" 200 10020 "-" "PleskBot"
63.141.251.237 - - [18/Apr/2021:05:34:47 -0300] "GET / HTTP/1.0" 200 386 "http://www.google.com.hk" "Mozilla/5.0 (Windows NT 6.1; WOW64) AppleWebKit/537.36 (KHTML, like Gecko) Chrome/42.0.2311.90 Safari/537.36"
63.141.251.237 - - [18/Apr/2021:05:34:47 -0300] "GET / HTTP/1.1" 200 10020 "http://www.google.com.hk" "Mozilla/5.0 (Windows NT 6.1; WOW64) AppleWebKit/537.36 (KHTML, like Gecko) Chrome/42.0.2311.90 Safari/537.36"
177.206.76.28 - - [19/Apr/2021:08:06:42 -0300] "GET /infantil/wgc_media/photos/05.jpg HTTP/1.0" 200 409 "https://www.google.com/" "Mozilla/5.0 (Windows NT 10.0; Win64; x64) AppleWebKit/537.36 (KHTML, like Gecko) Chrome/89.0.4389.128 Safari/537.36"
187.123.240.158 - - [19/Apr/2021:11:56:29 -0300] "GET /images/slide-1.jpg HTTP/1.0" 200 395 "https://www.google.com.br/" "Mozilla/5.0 (Windows NT 6.1) AppleWebKit/537.36 (KHTML, like Gecko) Chrome/89.0.4389.128 Safari/537.36"
69.30.225.101 - - [20/Apr/2021:00:09:36 -0300] "GET / HTTP/1.0" 200 386 "-" "Mozilla/5.0 (Windows NT 10.0; Win64; x64; rv:64.0) Gecko/20100101 Firefox/64.0"
34.77.162.4 - - [20/Apr/2021:00:34:13 -0300] "GET / HTTP/1.0" 200 386 "-" "Expanse, a Palo Alto Networks company, searches across the global IPv4 space multiple times per day to identify customers&#39; presences on the Internet. If you would like to be excluded from our scans, please send IP addresses/domains to: scaninfo@paloaltonetworks.com"
34.77.162.11 - - [20/Apr/2021:00:55:26 -0300] "GET / HTTP/1.0" 200 386 "-" "Expanse, a Palo Alto Networks company, searches across the global IPv4 space multiple times per day to identify customers&#39; presences on the Internet. If you would like to be excluded from our scans, please send IP addresses/domains to: scaninfo@paloaltonetworks.com"
177.206.76.28 - - [19/Apr/2021:08:06:42 -0300] "GET /infantil/wgc_media/photos/05.jpg HTTP/1.1" 200 244387 "https://www.google.com/" "Mozilla/5.0 (Windows NT 10.0; Win64; x64) AppleWebKit/537.36 (KHTML, like Gecko) Chrome/89.0.4389.128 Safari/537.36"
187.123.240.158 - - [19/Apr/2021:11:56:30 -0300] "GET /images/slide-1.jpg HTTP/1.1" 200 136842 "https://www.google.com.br/" "Mozilla/5.0 (Windows NT 6.1) AppleWebKit/537.36 (KHTML, like Gecko) Chrome/89.0.4389.128 Safari/537.36"
69.30.225.101 - - [20/Apr/2021:00:09:36 -0300] "GET / HTTP/1.1" 200 10020 "-" "Mozilla/5.0 (Windows NT 10.0; Win64; x64; rv:64.0) Gecko/20100101 Firefox/64.0"
34.77.162.4 - - [20/Apr/2021:00:34:13 -0300] "GET / HTTP/1.1" 200 10020 "-" "Expanse, a Palo Alto Networks company, searches across the global IPv4 space multiple times per day to identify customers&#39; presences on the Internet. If you would like to be excluded from our scans, please send IP addresses/domains to: scaninfo@paloaltonetworks.com"
34.77.162.11 - - [20/Apr/2021:00:55:26 -0300] "GET / HTTP/1.1" 200 10020 "-" "Expanse, a Palo Alto Networks company, searches across the global IPv4 space multiple times per day to identify customers&#39; presences on the Internet. If you would like to be excluded from our scans, please send IP addresses/domains to: scaninfo@paloaltonetworks.com"
51.158.118.231 - - [20/Apr/2021:11:29:31 -0300] "GET / HTTP/1.0" 200 386 "-" "-"
51.158.118.231 - - [20/Apr/2021:11:29:31 -0300] "GET / HTTP/1.1" 200 10020 "-" "-"
51.158.108.61 - - [21/Apr/2021:12:05:37 -0300] "GET / HTTP/1.0" 200 386 "-" "-"
31.210.20.75 - - [21/Apr/2021:17:34:26 -0300] "GET /.env HTTP/1.0" 404 1461 "-" "python-requests/2.25.1"
51.158.108.61 - - [21/Apr/2021:12:05:37 -0300] "GET / HTTP/1.1" 200 10020 "-" "-"
34.77.162.24 - - [22/Apr/2021:19:22:31 -0300] "GET / HTTP/1.0" 200 386 "-" "Expanse, a Palo Alto Networks company, searches across the global IPv4 space multiple times per day to identify customers&#39; presences on the Internet. If you would like to be excluded from our scans, please send IP addresses/domains to: scaninfo@paloaltonetworks.com"
192.151.156.189 - - [22/Apr/2021:20:30:57 -0300] "GET / HTTP/1.0" 200 386 "http://www.google.com.hk" "Mozilla/5.0 (Windows NT 6.1; WOW64) AppleWebKit/537.36 (KHTML, like Gecko) Chrome/42.0.2311.90 Safari/537.36"
34.77.162.24 - - [22/Apr/2021:19:22:31 -0300] "GET / HTTP/1.1" 200 10020 "-" "Expanse, a Palo Alto Networks company, searches across the global IPv4 space multiple times per day to identify customers&#39; presences on the Internet. If you would like to be excluded from our scans, please send IP addresses/domains to: scaninfo@paloaltonetworks.com"
192.151.156.189 - - [22/Apr/2021:20:30:57 -0300] "GET / HTTP/1.1" 200 10020 "http://www.google.com.hk" "Mozilla/5.0 (Windows NT 6.1; WOW64) AppleWebKit/537.36 (KHTML, like Gecko) Chrome/42.0.2311.90 Safari/537.36"
52.146.43.17 - - [23/Apr/2021:13:33:36 -0300] "GET /.env HTTP/1.0" 404 1461 "-" "Mozilla/5.0 (X11; Linux x86_64) AppleWebKit/537.36 (KHTML, like Gecko) Chrome/81.0.4044.129 Safari/537.36"
52.146.43.17 - - [23/Apr/2021:13:33:38 -0300] "POST / HTTP/1.0" 200 10473 "-" "Mozilla/5.0 (X11; Linux x86_64) AppleWebKit/537.36 (KHTML, like Gecko) Chrome/81.0.4044.129 Safari/537.36"
34.77.162.22 - - [23/Apr/2021:23:02:41 -0300] "GET / HTTP/1.0" 200 386 "-" "Expanse, a Palo Alto Networks company, searches across the global IPv4 space multiple times per day to identify customers&#39; presences on the Internet. If you would like to be excluded from our scans, please send IP addresses/domains to: scaninfo@paloaltonetworks.com"
192.151.156.189 - - [24/Apr/2021:10:00:32 -0300] "GET / HTTP/1.0" 200 386 "http://www.google.com.hk" "Mozilla/5.0 (Windows NT 6.1; WOW64) AppleWebKit/537.36 (KHTML, like Gecko) Chrome/42.0.2311.90 Safari/537.36"
34.77.162.22 - - [23/Apr/2021:23:02:41 -0300] "GET / HTTP/1.1" 200 10020 "-" "Expanse, a Palo Alto Networks company, searches across the global IPv4 space multiple times per day to identify customers&#39; presences on the Internet. If you would like to be excluded from our scans, please send IP addresses/domains to: scaninfo@paloaltonetworks.com"
192.151.156.189 - - [24/Apr/2021:10:00:33 -0300] "GET / HTTP/1.1" 200 10020 "http://www.google.com.hk" "Mozilla/5.0 (Windows NT 6.1; WOW64) AppleWebKit/537.36 (KHTML, like Gecko) Chrome/42.0.2311.90 Safari/537.36"
194.48.199.121 - - [24/Apr/2021:21:49:46 -0300] "GET /_async/AsyncResponseService HTTP/1.0" 404 1461 "-" "Mozilla/5.0 (Windows NT 10.0; Win64; x64) AppleWebKit/537.36 (KHTML, like Gecko) Chrome/54.0.2840.99 Safari/537.36"
198.204.240.246 - - [25/Apr/2021:05:38:13 -0300] "GET / HTTP/1.0" 200 386 "http://www.google.com.hk" "Mozilla/5.0 (Windows NT 6.1; WOW64) AppleWebKit/537.36 (KHTML, like Gecko) Chrome/42.0.2311.90 Safari/537.36"
52.212.94.151 - - [25/Apr/2021:10:42:40 -0300] "GET /robots.txt HTTP/1.0" 404 1461 "-" "PleskBot"
52.212.94.151 - - [25/Apr/2021:10:42:50 -0300] "GET / HTTP/1.0" 200 386 "-" "PleskBot"
198.204.240.246 - - [25/Apr/2021:05:38:13 -0300] "GET / HTTP/1.1" 200 10020 "http://www.google.com.hk" "Mozilla/5.0 (Windows NT 6.1; WOW64) AppleWebKit/537.36 (KHTML, like Gecko) Chrome/42.0.2311.90 Safari/537.36"
52.212.94.151 - - [25/Apr/2021:10:42:50 -0300] "GET / HTTP/1.1" 200 10020 "-" "PleskBot"
161.97.114.94 - - [26/Apr/2021:18:18:19 -0300] "GET /.env HTTP/1.0" 404 1461 "-" "Mozilla/5.0 (X11; Linux x86_64) AppleWebKit/537.36 (KHTML, like Gecko) Chrome/81.0.4044.129 Safari/537.36"
161.97.114.94 - - [26/Apr/2021:18:18:20 -0300] "GET /vendor/.env HTTP/1.0" 404 1461 "-" "Mozilla/5.0 (X11; Linux x86_64) AppleWebKit/537.36 (KHTML, like Gecko) Chrome/81.0.4044.129 Safari/537.36"
161.97.114.94 - - [26/Apr/2021:18:18:20 -0300] "GET /storage/.env HTTP/1.0" 404 1461 "-" "Mozilla/5.0 (X11; Linux x86_64) AppleWebKit/537.36 (KHTML, like Gecko) Chrome/81.0.4044.129 Safari/537.36"
161.97.114.94 - - [26/Apr/2021:18:18:21 -0300] "GET /public/.env HTTP/1.0" 404 1461 "-" "Mozilla/5.0 (X11; Linux x86_64) AppleWebKit/537.36 (KHTML, like Gecko) Chrome/81.0.4044.129 Safari/537.36"
161.97.114.94 - - [26/Apr/2021:18:18:21 -0300] "POST / HTTP/1.0" 200 10473 "-" "Mozilla/5.0 (X11; Linux x86_64) AppleWebKit/537.36 (KHTML, like Gecko) Chrome/81.0.4044.129 Safari/537.36"
208.110.85.68 - - [27/Apr/2021:06:50:35 -0300] "GET / HTTP/1.0" 200 386 "http://www.google.com.hk" "Mozilla/5.0 (Windows NT 6.1; WOW64) AppleWebKit/537.36 (KHTML, like Gecko) Chrome/42.0.2311.90 Safari/537.36"
208.110.85.68 - - [27/Apr/2021:06:50:35 -0300] "GET / HTTP/1.1" 200 10020 "http://www.google.com.hk" "Mozilla/5.0 (Windows NT 6.1; WOW64) AppleWebKit/537.36 (KHTML, like Gecko) Chrome/42.0.2311.90 Safari/537.36"
107.150.59.245 - - [27/Apr/2021:18:56:59 -0300] "GET / HTTP/1.0" 200 386 "http://www.google.com.hk" "Mozilla/5.0 (Windows NT 6.1; WOW64) AppleWebKit/537.36 (KHTML, like Gecko) Chrome/42.0.2311.90 Safari/537.36"
34.96.130.6 - - [28/Apr/2021:03:19:51 -0300] "GET / HTTP/1.0" 200 386 "-" "Expanse, a Palo Alto Networks company, searches across the global IPv4 space multiple times per day to identify customers&#39; presences on the Internet. If you would like to be excluded from our scans, please send IP addresses/domains to: scaninfo@paloaltonetworks.com"
54.254.217.109 - - [28/Apr/2021:03:25:10 -0300] "GET /.env HTTP/1.0" 404 1461 "-" "Mozilla/5.0 (X11; Linux x86_64) AppleWebKit/537.36 (KHTML, like Gecko) Chrome/81.0.4044.129 Safari/537.36"
54.254.217.109 - - [28/Apr/2021:03:25:11 -0300] "GET /vendor/.env HTTP/1.0" 404 1461 "-" "Mozilla/5.0 (X11; Linux x86_64) AppleWebKit/537.36 (KHTML, like Gecko) Chrome/81.0.4044.129 Safari/537.36"
54.254.217.109 - - [28/Apr/2021:03:25:13 -0300] "GET /storage/.env HTTP/1.0" 404 1461 "-" "Mozilla/5.0 (X11; Linux x86_64) AppleWebKit/537.36 (KHTML, like Gecko) Chrome/81.0.4044.129 Safari/537.36"
54.254.217.109 - - [28/Apr/2021:03:25:14 -0300] "GET /public/.env HTTP/1.0" 404 1461 "-" "Mozilla/5.0 (X11; Linux x86_64) AppleWebKit/537.36 (KHTML, like Gecko) Chrome/81.0.4044.129 Safari/537.36"
54.254.217.109 - - [28/Apr/2021:03:25:14 -0300] "POST / HTTP/1.0" 200 10473 "-" "Mozilla/5.0 (X11; Linux x86_64) AppleWebKit/537.36 (KHTML, like Gecko) Chrome/81.0.4044.129 Safari/537.36"
34.77.162.16 - - [28/Apr/2021:03:37:46 -0300] "GET / HTTP/1.0" 200 386 "-" "Expanse, a Palo Alto Networks company, searches across the global IPv4 space multiple times per day to identify customers&#39; presences on the Internet. If you would like to be excluded from our scans, please send IP addresses/domains to: scaninfo@paloaltonetworks.com"
107.150.59.245 - - [27/Apr/2021:18:56:59 -0300] "GET / HTTP/1.1" 200 10020 "http://www.google.com.hk" "Mozilla/5.0 (Windows NT 6.1; WOW64) AppleWebKit/537.36 (KHTML, like Gecko) Chrome/42.0.2311.90 Safari/537.36"
34.96.130.6 - - [28/Apr/2021:03:19:51 -0300] "GET / HTTP/1.1" 200 10020 "-" "Expanse, a Palo Alto Networks company, searches across the global IPv4 space multiple times per day to identify customers&#39; presences on the Internet. If you would like to be excluded from our scans, please send IP addresses/domains to: scaninfo@paloaltonetworks.com"
34.77.162.16 - - [28/Apr/2021:03:37:46 -0300] "GET / HTTP/1.1" 200 10020 "-" "Expanse, a Palo Alto Networks company, searches across the global IPv4 space multiple times per day to identify customers&#39; presences on the Internet. If you would like to be excluded from our scans, please send IP addresses/domains to: scaninfo@paloaltonetworks.com"
18.133.184.150 - - [28/Apr/2021:18:05:28 -0300] "GET / HTTP/1.0" 200 386 "-" "fasthttp"
18.133.184.150 - - [28/Apr/2021:18:05:28 -0300] "GET / HTTP/1.1" 200 10020 "-" "fasthttp"
18.192.6.10 - - [29/Apr/2021:15:53:27 -0300] "" 400 0 "-" "-"
34.77.162.28 - - [30/Apr/2021:08:01:48 -0300] "GET / HTTP/1.0" 200 386 "-" "Expanse, a Palo Alto Networks company, searches across the global IPv4 space multiple times per day to identify customers&#39; presences on the Internet. If you would like to be excluded from our scans, please send IP addresses/domains to: scaninfo@paloaltonetworks.com"
34.77.162.8 - - [30/Apr/2021:09:52:42 -0300] "GET / HTTP/1.0" 200 386 "-" "Expanse, a Palo Alto Networks company, searches across the global IPv4 space multiple times per day to identify customers&#39; presences on the Internet. If you would like to be excluded from our scans, please send IP addresses/domains to: scaninfo@paloaltonetworks.com"
34.77.162.28 - - [30/Apr/2021:08:01:48 -0300] "GET / HTTP/1.1" 200 10020 "-" "Expanse, a Palo Alto Networks company, searches across the global IPv4 space multiple times per day to identify customers&#39; presences on the Internet. If you would like to be excluded from our scans, please send IP addresses/domains to: scaninfo@paloaltonetworks.com"
34.77.162.8 - - [30/Apr/2021:09:52:42 -0300] "GET / HTTP/1.1" 200 10020 "-" "Expanse, a Palo Alto Networks company, searches across the global IPv4 space multiple times per day to identify customers&#39; presences on the Internet. If you would like to be excluded from our scans, please send IP addresses/domains to: scaninfo@paloaltonetworks.com"
89.108.120.72 - - [01/May/2021:11:29:58 -0300] "GET /.env HTTP/1.0" 404 1461 "-" "Mozilla/5.0 (X11; Linux x86_64) AppleWebKit/537.36 (KHTML, like Gecko) Chrome/81.0.4044.129 Safari/537.36"
89.108.120.72 - - [01/May/2021:11:30:00 -0300] "GET /vendor/.env HTTP/1.0" 404 1461 "-" "Mozilla/5.0 (X11; Linux x86_64) AppleWebKit/537.36 (KHTML, like Gecko) Chrome/81.0.4044.129 Safari/537.36"
89.108.120.72 - - [01/May/2021:11:30:01 -0300] "GET /storage/.env HTTP/1.0" 404 1461 "-" "Mozilla/5.0 (X11; Linux x86_64) AppleWebKit/537.36 (KHTML, like Gecko) Chrome/81.0.4044.129 Safari/537.36"
89.108.120.72 - - [01/May/2021:11:30:01 -0300] "GET /public/.env HTTP/1.0" 404 1461 "-" "Mozilla/5.0 (X11; Linux x86_64) AppleWebKit/537.36 (KHTML, like Gecko) Chrome/81.0.4044.129 Safari/537.36"
89.108.120.72 - - [01/May/2021:11:30:02 -0300] "POST / HTTP/1.0" 200 10473 "-" "Mozilla/5.0 (X11; Linux x86_64) AppleWebKit/537.36 (KHTML, like Gecko) Chrome/81.0.4044.129 Safari/537.36"
63.33.45.74 - - [03/May/2021:12:47:35 -0300] "GET /robots.txt HTTP/1.0" 404 1461 "-" "PleskBot"
63.33.45.74 - - [03/May/2021:12:47:46 -0300] "GET / HTTP/1.0" 200 386 "-" "PleskBot"
63.33.45.74 - - [03/May/2021:12:47:46 -0300] "GET / HTTP/1.1" 200 10020 "-" "PleskBot"
34.219.8.160 - - [04/May/2021:13:15:02 -0300] "GET / HTTP/1.0" 200 386 "-" "Mozilla/5.0 (Windows NT 10.0; Win64; x64) AppleWebKit/537.36 (KHTML, like Gecko) Chrome/73.0.3683.103 Safari/537.36"
34.219.8.160 - - [04/May/2021:13:15:02 -0300] "GET / HTTP/1.1" 200 10020 "-" "Mozilla/5.0 (Windows NT 10.0; Win64; x64) AppleWebKit/537.36 (KHTML, like Gecko) Chrome/73.0.3683.103 Safari/537.36"
167.99.127.198 - - [05/May/2021:01:17:29 -0300] "GET / HTTP/1.0" 200 386 "-" "Mozilla/5.0 (compatible; NetcraftSurveyAgent/1.0; +info@netcraft.com)"
