176.53.43.49 - - [18/Apr/2020:02:46:07 -0300] "GET /js/jquery-1.7.1.min.js HTTP/1.1" 200 91668 "https://colegiove.com.br/" "\x22Mozilla/5.0 (Macintosh; Intel Mac OS X 10_12_5) AppleWebKit/537.36 (KHTML, like Gecko) Chrome/59.0.3071.115 Safari/537.36\x22"
176.53.43.49 - - [18/Apr/2020:02:46:07 -0300] "GET /js/jquery.easing.1.3.js HTTP/1.1" 200 3517 "https://colegiove.com.br/" "\x22Mozilla/5.0 (Macintosh; Intel Mac OS X 10_12_5) AppleWebKit/537.36 (KHTML, like Gecko) Chrome/59.0.3071.115 Safari/537.36\x22"
176.53.43.49 - - [18/Apr/2020:02:46:07 -0300] "GET /js/tms-0.4.1.js HTTP/1.1" 200 35400 "https://colegiove.com.br/" "\x22Mozilla/5.0 (Macintosh; Intel Mac OS X 10_12_5) AppleWebKit/537.36 (KHTML, like Gecko) Chrome/59.0.3071.115 Safari/537.36\x22"
176.53.43.49 - - [18/Apr/2020:02:46:07 -0300] "GET /images/page1-img1.jpg HTTP/1.1" 200 23548 "https://colegiove.com.br/" "\x22Mozilla/5.0 (Macintosh; Intel Mac OS X 10_12_5) AppleWebKit/537.36 (KHTML, like Gecko) Chrome/59.0.3071.115 Safari/537.36\x22"
176.53.43.49 - - [18/Apr/2020:02:46:07 -0300] "GET /images/page2-img1.jpg HTTP/1.1" 200 26226 "https://colegiove.com.br/" "\x22Mozilla/5.0 (Macintosh; Intel Mac OS X 10_12_5) AppleWebKit/537.36 (KHTML, like Gecko) Chrome/59.0.3071.115 Safari/537.36\x22"
176.53.43.49 - - [18/Apr/2020:02:46:08 -0300] "GET /images/page3-img1.jpg HTTP/1.1" 200 24740 "https://colegiove.com.br/" "\x22Mozilla/5.0 (Macintosh; Intel Mac OS X 10_12_5) AppleWebKit/537.36 (KHTML, like Gecko) Chrome/59.0.3071.115 Safari/537.36\x22"
176.53.43.49 - - [18/Apr/2020:02:46:08 -0300] "GET /images/slide-1.jpg HTTP/1.1" 200 136842 "https://colegiove.com.br/" "\x22Mozilla/5.0 (Macintosh; Intel Mac OS X 10_12_5) AppleWebKit/537.36 (KHTML, like Gecko) Chrome/59.0.3071.115 Safari/537.36\x22"
176.53.43.49 - - [18/Apr/2020:02:46:08 -0300] "GET /images/body-bg.gif HTTP/1.1" 200 3476 "https://colegiove.com.br/css/style.css" "\x22Mozilla/5.0 (Macintosh; Intel Mac OS X 10_12_5) AppleWebKit/537.36 (KHTML, like Gecko) Chrome/59.0.3071.115 Safari/537.36\x22"
176.53.43.49 - - [18/Apr/2020:02:46:08 -0300] "GET /images/box-1-bg.gif HTTP/1.1" 200 3506 "https://colegiove.com.br/css/style.css" "\x22Mozilla/5.0 (Macintosh; Intel Mac OS X 10_12_5) AppleWebKit/537.36 (KHTML, like Gecko) Chrome/59.0.3071.115 Safari/537.36\x22"
176.53.43.49 - - [18/Apr/2020:02:46:08 -0300] "GET /images/slide-3.jpg HTTP/1.1" 200 313331 "https://colegiove.com.br/" "\x22Mozilla/5.0 (Macintosh; Intel Mac OS X 10_12_5) AppleWebKit/537.36 (KHTML, like Gecko) Chrome/59.0.3071.115 Safari/537.36\x22"
176.53.43.49 - - [18/Apr/2020:02:46:08 -0300] "GET /images/page4-img1.jpg HTTP/1.1" 200 38831 "https://colegiove.com.br/" "\x22Mozilla/5.0 (Macintosh; Intel Mac OS X 10_12_5) AppleWebKit/537.36 (KHTML, like Gecko) Chrome/59.0.3071.115 Safari/537.36\x22"
176.53.43.49 - - [18/Apr/2020:02:46:08 -0300] "GET /images/header-bg.png HTTP/1.1" 200 173339 "https://colegiove.com.br/css/style.css" "\x22Mozilla/5.0 (Macintosh; Intel Mac OS X 10_12_5) AppleWebKit/537.36 (KHTML, like Gecko) Chrome/59.0.3071.115 Safari/537.36\x22"
176.53.43.49 - - [18/Apr/2020:02:46:08 -0300] "GET /images/slider-pagination.png HTTP/1.1" 200 50873 "https://colegiove.com.br/css/style.css" "\x22Mozilla/5.0 (Macintosh; Intel Mac OS X 10_12_5) AppleWebKit/537.36 (KHTML, like Gecko) Chrome/59.0.3071.115 Safari/537.36\x22"
176.53.43.49 - - [18/Apr/2020:02:46:08 -0300] "GET /images/logo.png HTTP/1.1" 200 74328 "https://colegiove.com.br/css/style.css" "\x22Mozilla/5.0 (Macintosh; Intel Mac OS X 10_12_5) AppleWebKit/537.36 (KHTML, like Gecko) Chrome/59.0.3071.115 Safari/537.36\x22"
176.53.43.49 - - [18/Apr/2020:02:46:08 -0300] "GET /images/slide-2.jpg HTTP/1.1" 200 496283 "https://colegiove.com.br/" "\x22Mozilla/5.0 (Macintosh; Intel Mac OS X 10_12_5) AppleWebKit/537.36 (KHTML, like Gecko) Chrome/59.0.3071.115 Safari/537.36\x22"
176.53.43.49 - - [18/Apr/2020:02:46:08 -0300] "GET /images/facebook-icon.png HTTP/1.1" 200 109744 "https://colegiove.com.br/" "\x22Mozilla/5.0 (Macintosh; Intel Mac OS X 10_12_5) AppleWebKit/537.36 (KHTML, like Gecko) Chrome/59.0.3071.115 Safari/537.36\x22"
176.53.43.49 - - [18/Apr/2020:02:46:09 -0300] "GET /images/page3-img1_on.jpg HTTP/1.1" 200 33572 "https://colegiove.com.br/" "\x22Mozilla/5.0 (Macintosh; Intel Mac OS X 10_12_5) AppleWebKit/537.36 (KHTML, like Gecko) Chrome/59.0.3071.115 Safari/537.36\x22"
176.53.43.49 - - [18/Apr/2020:02:46:09 -0300] "GET /images/page4-img1_on.jpg HTTP/1.1" 200 40728 "https://colegiove.com.br/" "\x22Mozilla/5.0 (Macintosh; Intel Mac OS X 10_12_5) AppleWebKit/537.36 (KHTML, like Gecko) Chrome/59.0.3071.115 Safari/537.36\x22"
176.53.43.49 - - [18/Apr/2020:02:46:09 -0300] "GET /images/page1-img1_on.jpg HTTP/1.1" 200 33716 "https://colegiove.com.br/" "\x22Mozilla/5.0 (Macintosh; Intel Mac OS X 10_12_5) AppleWebKit/537.36 (KHTML, like Gecko) Chrome/59.0.3071.115 Safari/537.36\x22"
176.53.43.49 - - [18/Apr/2020:02:46:09 -0300] "GET /images/page2-img1_on.jpg HTTP/1.1" 200 35545 "https://colegiove.com.br/" "\x22Mozilla/5.0 (Macintosh; Intel Mac OS X 10_12_5) AppleWebKit/537.36 (KHTML, like Gecko) Chrome/59.0.3071.115 Safari/537.36\x22"
39.104.97.19 - - [21/Apr/2020:00:44:31 -0300] "GET /console HTTP/1.0" 404 1461 "-" "Mozilla/5.0 (Windows NT 10.0; Win64; x64; rv:57.0) Gecko/20100101 Firefox/57.0"
39.104.97.19 - - [21/Apr/2020:00:44:34 -0300] "GET /cgi-bin/test-cgi HTTP/1.0" 404 1461 "-" "Mozilla/5.0 (Windows NT 10.0; Win64; x64; rv:57.0) Gecko/20100101 Firefox/57.0"
39.104.97.19 - - [21/Apr/2020:00:44:37 -0300] "GET / HTTP/1.0" 200 386 "-" "Mozilla/5.0 (Windows NT 10.0; Win64; x64; rv:57.0) Gecko/20100101 Firefox/57.0"
39.104.97.19 - - [21/Apr/2020:00:44:39 -0300] "GET /horde/imp/test.php HTTP/1.0" 404 1461 "-" "Mozilla/5.0 (Windows NT 10.0; Win64; x64; rv:57.0) Gecko/20100101 Firefox/57.0"
39.104.97.19 - - [21/Apr/2020:00:44:41 -0300] "GET /login.action HTTP/1.0" 404 1461 "-" "Mozilla/5.0 (Windows NT 10.0; Win64; x64; rv:57.0) Gecko/20100101 Firefox/57.0"
39.104.97.19 - - [21/Apr/2020:00:44:48 -0300] "GET /login?from=0.000000 HTTP/1.0" 404 1461 "-" "Mozilla/5.0 (Windows NT 10.0; Win64; x64; rv:57.0) Gecko/20100101 Firefox/57.0"
39.104.97.19 - - [21/Apr/2020:00:44:51 -0300] "GET /phpMyAdmin/scripts/setup.php HTTP/1.0" 404 1461 "-" "Mozilla/5.0 (Windows NT 10.0; Win64; x64; rv:57.0) Gecko/20100101 Firefox/57.0"
39.104.97.19 - - [21/Apr/2020:00:44:52 -0300] "GET /phpmyadmin/scripts/setup.php HTTP/1.0" 404 1461 "-" "Mozilla/5.0 (Windows NT 10.0; Win64; x64; rv:57.0) Gecko/20100101 Firefox/57.0"
39.104.97.19 - - [21/Apr/2020:00:44:56 -0300] "GET / HTTP/1.0" 200 386 "-" "Mozilla/5.0 (Windows NT 10.0; Win64; x64; rv:57.0) Gecko/20100101 Firefox/57.0"
39.104.97.19 - - [21/Apr/2020:00:44:58 -0300] "GET /atutor/index.php HTTP/1.0" 404 1461 "-" "Mozilla/5.0 (Windows NT 10.0; Win64; x64; rv:57.0) Gecko/20100101 Firefox/57.0"
129.213.104.90 - - [21/Apr/2020:03:17:23 -0300] "GET /console HTTP/1.0" 404 1461 "-" "Mozilla/5.0 (Windows NT 10.0; Win64; x64; rv:57.0) Gecko/20100101 Firefox/57.0"
129.213.104.90 - - [21/Apr/2020:03:17:23 -0300] "GET /cgi-bin/test-cgi HTTP/1.0" 404 1461 "-" "Mozilla/5.0 (Windows NT 10.0; Win64; x64; rv:57.0) Gecko/20100101 Firefox/57.0"
129.213.104.90 - - [21/Apr/2020:03:17:23 -0300] "GET / HTTP/1.0" 200 386 "-" "Mozilla/5.0 (Windows NT 10.0; Win64; x64; rv:57.0) Gecko/20100101 Firefox/57.0"
129.213.104.90 - - [21/Apr/2020:03:17:23 -0300] "GET /horde/imp/test.php HTTP/1.0" 404 1461 "-" "Mozilla/5.0 (Windows NT 10.0; Win64; x64; rv:57.0) Gecko/20100101 Firefox/57.0"
129.213.104.90 - - [21/Apr/2020:03:17:24 -0300] "GET /login.action HTTP/1.0" 404 1461 "-" "Mozilla/5.0 (Windows NT 10.0; Win64; x64; rv:57.0) Gecko/20100101 Firefox/57.0"
129.213.104.90 - - [21/Apr/2020:03:17:24 -0300] "GET /login?from=0.000000 HTTP/1.0" 404 1461 "-" "Mozilla/5.0 (Windows NT 10.0; Win64; x64; rv:57.0) Gecko/20100101 Firefox/57.0"
129.213.104.90 - - [21/Apr/2020:03:17:24 -0300] "GET /phpMyAdmin/scripts/setup.php HTTP/1.0" 404 1461 "-" "Mozilla/5.0 (Windows NT 10.0; Win64; x64; rv:57.0) Gecko/20100101 Firefox/57.0"
129.213.104.90 - - [21/Apr/2020:03:17:24 -0300] "GET /phpmyadmin/scripts/setup.php HTTP/1.0" 404 1461 "-" "Mozilla/5.0 (Windows NT 10.0; Win64; x64; rv:57.0) Gecko/20100101 Firefox/57.0"
129.213.104.90 - - [21/Apr/2020:03:17:24 -0300] "GET / HTTP/1.0" 200 386 "-" "Mozilla/5.0 (Windows NT 10.0; Win64; x64; rv:57.0) Gecko/20100101 Firefox/57.0"
129.213.104.90 - - [21/Apr/2020:03:17:24 -0300] "GET /atutor/index.php HTTP/1.0" 404 1461 "-" "Mozilla/5.0 (Windows NT 10.0; Win64; x64; rv:57.0) Gecko/20100101 Firefox/57.0"
39.104.97.19 - - [21/Apr/2020:00:44:37 -0300] "GET / HTTP/1.1" 200 10020 "-" "Mozilla/5.0 (Windows NT 10.0; Win64; x64; rv:57.0) Gecko/20100101 Firefox/57.0"
39.104.97.19 - - [21/Apr/2020:00:44:56 -0300] "GET / HTTP/1.1" 200 10020 "-" "Mozilla/5.0 (Windows NT 10.0; Win64; x64; rv:57.0) Gecko/20100101 Firefox/57.0"
129.213.104.90 - - [21/Apr/2020:03:17:23 -0300] "GET / HTTP/1.1" 200 10020 "-" "Mozilla/5.0 (Windows NT 10.0; Win64; x64; rv:57.0) Gecko/20100101 Firefox/57.0"
129.213.104.90 - - [21/Apr/2020:03:17:24 -0300] "GET / HTTP/1.1" 200 10020 "-" "Mozilla/5.0 (Windows NT 10.0; Win64; x64; rv:57.0) Gecko/20100101 Firefox/57.0"
34.244.219.209 - - [21/Apr/2020:04:33:25 -0300] "GET /robots.txt HTTP/1.0" 404 1461 "-" "PleskBot"
34.244.219.209 - - [21/Apr/2020:04:33:26 -0300] "GET / HTTP/1.0" 200 386 "-" "PleskBot"
209.17.97.90 - - [21/Apr/2020:09:31:30 -0300] "GET / HTTP/1.0" 200 386 "-" "Mozilla/5.0 (compatible; Nimbostratus-Bot/v1.3.2; http://cloudsystemnetworks.com)"
209.17.96.162 - - [22/Apr/2020:03:20:10 -0300] "GET / HTTP/1.0" 200 386 "-" "Mozilla/5.0 (compatible; Nimbostratus-Bot/v1.3.2; http://cloudsystemnetworks.com)"
34.244.219.209 - - [21/Apr/2020:04:33:26 -0300] "GET / HTTP/1.1" 200 10020 "-" "PleskBot"
209.17.97.90 - - [21/Apr/2020:09:31:30 -0300] "GET / HTTP/1.1" 200 10020 "-" "Mozilla/5.0 (compatible; Nimbostratus-Bot/v1.3.2; http://cloudsystemnetworks.com)"
209.17.96.162 - - [22/Apr/2020:03:20:10 -0300] "GET / HTTP/1.1" 200 10020 "-" "Mozilla/5.0 (compatible; Nimbostratus-Bot/v1.3.2; http://cloudsystemnetworks.com)"
138.246.253.15 - - [23/Apr/2020:18:22:42 -0300] "HEAD / HTTP/1.0" 200 137 "-" "Mozilla/5.0 (Windows NT 6.1; Win64; x64) AppleWebKit/537.36 (KHTML, like Gecko) Chrome/40.0.2214.85 Safari/537.36"
209.17.96.74 - - [24/Apr/2020:11:12:35 -0300] "GET / HTTP/1.0" 200 386 "-" "Mozilla/5.0 (compatible; Nimbostratus-Bot/v1.3.2; http://cloudsystemnetworks.com)"
138.246.253.15 - - [25/Apr/2020:00:18:11 -0300] "HEAD / HTTP/1.0" 200 137 "-" "Mozilla/5.0 (Windows NT 6.1; Win64; x64) AppleWebKit/537.36 (KHTML, like Gecko) Chrome/40.0.2214.85 Safari/537.36"
209.17.96.74 - - [24/Apr/2020:11:12:35 -0300] "GET / HTTP/1.1" 200 10020 "-" "Mozilla/5.0 (compatible; Nimbostratus-Bot/v1.3.2; http://cloudsystemnetworks.com)"
209.17.97.58 - - [25/Apr/2020:07:12:45 -0300] "GET / HTTP/1.0" 200 386 "-" "Mozilla/5.0 (compatible; Nimbostratus-Bot/v1.3.2; http://cloudsystemnetworks.com)"
209.17.97.58 - - [25/Apr/2020:07:12:45 -0300] "GET / HTTP/1.1" 200 10020 "-" "Mozilla/5.0 (compatible; Nimbostratus-Bot/v1.3.2; http://cloudsystemnetworks.com)"
34.244.106.209 - - [28/Apr/2020:01:51:24 -0300] "GET /robots.txt HTTP/1.0" 404 1461 "-" "PleskBot"
34.244.106.209 - - [28/Apr/2020:01:51:25 -0300] "GET / HTTP/1.0" 200 386 "-" "PleskBot"
34.244.106.209 - - [28/Apr/2020:01:51:25 -0300] "GET / HTTP/1.1" 200 10020 "-" "PleskBot"
209.17.97.42 - - [28/Apr/2020:20:08:17 -0300] "GET / HTTP/1.0" 200 386 "-" "Mozilla/5.0 (compatible; Nimbostratus-Bot/v1.3.2; http://cloudsystemnetworks.com)"
209.17.97.42 - - [28/Apr/2020:20:08:17 -0300] "GET / HTTP/1.1" 200 10020 "-" "Mozilla/5.0 (compatible; Nimbostratus-Bot/v1.3.2; http://cloudsystemnetworks.com)"
209.17.96.154 - - [29/Apr/2020:06:47:01 -0300] "GET / HTTP/1.0" 200 386 "-" "Mozilla/5.0 (compatible; Nimbostratus-Bot/v1.3.2; http://cloudsystemnetworks.com)"
209.17.96.154 - - [29/Apr/2020:06:47:01 -0300] "GET / HTTP/1.1" 200 10020 "-" "Mozilla/5.0 (compatible; Nimbostratus-Bot/v1.3.2; http://cloudsystemnetworks.com)"
209.17.97.82 - - [01/May/2020:09:06:16 -0300] "GET / HTTP/1.0" 200 386 "-" "Mozilla/5.0 (compatible; Nimbostratus-Bot/v1.3.2; http://cloudsystemnetworks.com)"
209.17.96.82 - - [01/May/2020:13:09:16 -0300] "GET / HTTP/1.0" 200 386 "-" "Mozilla/5.0 (compatible; Nimbostratus-Bot/v1.3.2; http://cloudsystemnetworks.com)"
209.17.97.82 - - [01/May/2020:09:06:16 -0300] "GET / HTTP/1.1" 200 10020 "-" "Mozilla/5.0 (compatible; Nimbostratus-Bot/v1.3.2; http://cloudsystemnetworks.com)"
209.17.96.82 - - [01/May/2020:13:09:16 -0300] "GET / HTTP/1.1" 200 10020 "-" "Mozilla/5.0 (compatible; Nimbostratus-Bot/v1.3.2; http://cloudsystemnetworks.com)"
138.246.253.15 - - [02/May/2020:15:19:51 -0300] "HEAD / HTTP/1.0" 200 137 "-" "Mozilla/5.0 (Windows NT 6.1; Win64; x64) AppleWebKit/537.36 (KHTML, like Gecko) Chrome/40.0.2214.85 Safari/537.36"
200.168.3.113 - - [04/May/2020:12:53:44 -0300] "GET / HTTP/1.0" 200 386 "-" "Mozilla/5.0 (Windows NT 6.1; WOW64) AppleWebKit/537.36 (KHTML, like Gecko) Chrome/51.0.2704.103 Safari/537.36"
200.168.3.113 - - [04/May/2020:12:53:44 -0300] "GET / HTTP/1.0" 200 386 "-" "Mozilla/5.0 (Windows NT 6.1; WOW64) AppleWebKit/537.36 (KHTML, like Gecko) Chrome/51.0.2704.103 Safari/537.36"
200.168.3.113 - - [04/May/2020:12:53:44 -0300] "GET / HTTP/1.0" 200 386 "-" "Mozilla/5.0 (Windows NT 6.1; WOW64) AppleWebKit/537.36 (KHTML, like Gecko) Chrome/51.0.2704.103 Safari/537.36"
138.246.253.15 - - [04/May/2020:14:10:19 -0300] "HEAD / HTTP/1.0" 200 137 "-" "Mozilla/5.0 (Windows NT 6.1; Win64; x64) AppleWebKit/537.36 (KHTML, like Gecko) Chrome/40.0.2214.85 Safari/537.36"
200.168.3.113 - - [04/May/2020:12:53:44 -0300] "GET / HTTP/1.1" 200 10020 "-" "Mozilla/5.0 (Windows NT 6.1; WOW64) AppleWebKit/537.36 (KHTML, like Gecko) Chrome/51.0.2704.103 Safari/537.36"
200.168.3.113 - - [04/May/2020:12:53:44 -0300] "GET / HTTP/1.1" 200 10020 "-" "Mozilla/5.0 (Windows NT 6.1; WOW64) AppleWebKit/537.36 (KHTML, like Gecko) Chrome/51.0.2704.103 Safari/537.36"
200.168.3.113 - - [04/May/2020:12:53:44 -0300] "GET / HTTP/1.1" 200 10020 "-" "Mozilla/5.0 (Windows NT 6.1; WOW64) AppleWebKit/537.36 (KHTML, like Gecko) Chrome/51.0.2704.103 Safari/537.36"
34.244.106.209 - - [05/May/2020:05:01:14 -0300] "GET /robots.txt HTTP/1.0" 404 1461 "-" "PleskBot"
34.244.106.209 - - [05/May/2020:05:01:15 -0300] "GET / HTTP/1.0" 200 386 "-" "PleskBot"
142.93.179.134 - - [05/May/2020:13:02:23 -0300] "GET / HTTP/1.0" 200 386 "-" "Mozilla/5.0 (compatible; NetcraftSurveyAgent/1.0; +info@netcraft.com)"
209.17.96.106 - - [05/May/2020:13:25:06 -0300] "GET / HTTP/1.0" 200 386 "-" "Mozilla/5.0 (compatible; Nimbostratus-Bot/v1.3.2; http://cloudsystemnetworks.com)"
167.172.247.205 - - [05/May/2020:15:14:01 -0300] "GET / HTTP/1.0" 200 386 "-" "Mozilla/5.0 (compatible; NetcraftSurveyAgent/1.0; +info@netcraft.com)"
34.244.106.209 - - [05/May/2020:05:01:15 -0300] "GET / HTTP/1.1" 200 10020 "-" "PleskBot"
142.93.179.134 - - [05/May/2020:13:02:23 -0300] "GET / HTTP/1.0" 200 10020 "-" "Mozilla/5.0 (compatible; NetcraftSurveyAgent/1.0; +info@netcraft.com)"
209.17.96.106 - - [05/May/2020:13:25:06 -0300] "GET / HTTP/1.1" 200 10020 "-" "Mozilla/5.0 (compatible; Nimbostratus-Bot/v1.3.2; http://cloudsystemnetworks.com)"
167.172.247.205 - - [05/May/2020:15:14:01 -0300] "GET / HTTP/1.0" 200 10020 "-" "Mozilla/5.0 (compatible; NetcraftSurveyAgent/1.0; +info@netcraft.com)"
209.17.96.34 - - [06/May/2020:08:36:59 -0300] "GET / HTTP/1.0" 200 386 "-" "Mozilla/5.0 (compatible; Nimbostratus-Bot/v1.3.2; http://cloudsystemnetworks.com)"
209.17.96.34 - - [06/May/2020:08:36:59 -0300] "GET / HTTP/1.1" 200 10020 "-" "Mozilla/5.0 (compatible; Nimbostratus-Bot/v1.3.2; http://cloudsystemnetworks.com)"
209.17.97.82 - - [07/May/2020:21:45:57 -0300] "GET / HTTP/1.0" 200 386 "-" "Mozilla/5.0 (compatible; Nimbostratus-Bot/v1.3.2; http://cloudsystemnetworks.com)"
209.17.97.82 - - [07/May/2020:21:45:57 -0300] "GET / HTTP/1.1" 200 10020 "-" "Mozilla/5.0 (compatible; Nimbostratus-Bot/v1.3.2; http://cloudsystemnetworks.com)"
138.246.253.15 - - [11/May/2020:17:11:47 -0300] "HEAD / HTTP/1.0" 200 137 "-" "Mozilla/5.0 (Windows NT 6.1; Win64; x64) AppleWebKit/537.36 (KHTML, like Gecko) Chrome/40.0.2214.85 Safari/537.36"
3.250.61.1 - - [12/May/2020:03:25:17 -0300] "GET /robots.txt HTTP/1.0" 404 1461 "-" "PleskBot"
3.250.61.1 - - [12/May/2020:03:25:18 -0300] "GET / HTTP/1.0" 200 386 "-" "PleskBot"
3.250.61.1 - - [12/May/2020:03:25:18 -0300] "GET / HTTP/1.1" 200 10020 "-" "PleskBot"
138.246.253.15 - - [12/May/2020:07:17:37 -0300] "HEAD / HTTP/1.0" 200 137 "-" "Mozilla/5.0 (Windows NT 6.1; Win64; x64) AppleWebKit/537.36 (KHTML, like Gecko) Chrome/40.0.2214.85 Safari/537.36"
209.17.97.2 - - [12/May/2020:19:53:09 -0300] "GET / HTTP/1.0" 200 386 "-" "Mozilla/5.0 (compatible; Nimbostratus-Bot/v1.3.2; http://cloudsystemnetworks.com)"
209.17.97.2 - - [12/May/2020:19:53:09 -0300] "GET / HTTP/1.1" 200 10020 "-" "Mozilla/5.0 (compatible; Nimbostratus-Bot/v1.3.2; http://cloudsystemnetworks.com)"
46.105.99.163 - - [13/May/2020:12:19:11 -0300] "GET /wp-login.php HTTP/1.0" 404 375 "-" "Mozilla/5.0 (Windows NT 10.0; WOW64) AppleWebKit/537.36 (KHTML, like Gecko) Chrome/46.0.2490.80 Safari/537.36"
46.105.99.163 - - [13/May/2020:12:19:42 -0300] "GET /robots.txt HTTP/1.0" 404 1461 "-" "Mozilla/5.0 (Windows NT 10.0; WOW64) AppleWebKit/537.36 (KHTML, like Gecko) Chrome/46.0.2490.80 Safari/537.36"
209.17.97.26 - - [13/May/2020:22:05:20 -0300] "GET / HTTP/1.0" 200 386 "-" "Mozilla/5.0 (compatible; Nimbostratus-Bot/v1.3.2; http://cloudsystemnetworks.com)"
112.137.138.4 - - [13/May/2020:23:51:32 -0300] "GET / HTTP/1.0" 200 386 "-" "Mozilla/5.0 (Windows NT 10.0; Win64; x64; rv:57.0) Gecko/20100101 Firefox/57.0"
112.137.138.4 - - [13/May/2020:23:51:34 -0300] "GET /cgi-bin/test-cgi HTTP/1.0" 404 1461 "-" "Mozilla/5.0 (Windows NT 10.0; Win64; x64; rv:57.0) Gecko/20100101 Firefox/57.0"
112.137.138.4 - - [13/May/2020:23:51:37 -0300] "GET /horde/imp/test.php HTTP/1.0" 404 1461 "-" "Mozilla/5.0 (Windows NT 10.0; Win64; x64; rv:57.0) Gecko/20100101 Firefox/57.0"
112.137.138.4 - - [13/May/2020:23:51:39 -0300] "GET /login?from=0.000000 HTTP/1.0" 404 1461 "-" "Mozilla/5.0 (Windows NT 10.0; Win64; x64; rv:57.0) Gecko/20100101 Firefox/57.0"
112.137.138.4 - - [13/May/2020:23:51:42 -0300] "GET /phpMyAdmin/scripts/setup.php HTTP/1.0" 404 1461 "-" "Mozilla/5.0 (Windows NT 10.0; Win64; x64; rv:57.0) Gecko/20100101 Firefox/57.0"
112.137.138.4 - - [13/May/2020:23:51:45 -0300] "GET /phpmyadmin/scripts/setup.php HTTP/1.0" 404 1461 "-" "Mozilla/5.0 (Windows NT 10.0; Win64; x64; rv:57.0) Gecko/20100101 Firefox/57.0"
209.17.97.26 - - [13/May/2020:22:05:20 -0300] "GET / HTTP/1.1" 200 10020 "-" "Mozilla/5.0 (compatible; Nimbostratus-Bot/v1.3.2; http://cloudsystemnetworks.com)"
112.137.138.4 - - [13/May/2020:23:51:32 -0300] "GET / HTTP/1.1" 200 10020 "-" "Mozilla/5.0 (Windows NT 10.0; Win64; x64; rv:57.0) Gecko/20100101 Firefox/57.0"
3.12.163.115 - - [15/May/2020:22:13:14 -0300] "GET / HTTP/1.0" 200 386 "-" "Mozilla/5.0 (Windows NT 10.0; Win64; x64) AppleWebKit/537.36 (KHTML, like Gecko) Chrome/72.0.3626.119 Safari/537.36"
209.17.96.98 - - [15/May/2020:23:41:41 -0300] "GET / HTTP/1.0" 200 386 "-" "Mozilla/5.0 (compatible; Nimbostratus-Bot/v1.3.2; http://cloudsystemnetworks.com)"
209.17.96.154 - - [16/May/2020:03:47:56 -0300] "GET / HTTP/1.0" 200 386 "-" "Mozilla/5.0 (compatible; Nimbostratus-Bot/v1.3.2; http://cloudsystemnetworks.com)"
3.12.163.115 - - [15/May/2020:22:13:14 -0300] "GET / HTTP/1.1" 200 10020 "-" "Mozilla/5.0 (Windows NT 10.0; Win64; x64) AppleWebKit/537.36 (KHTML, like Gecko) Chrome/72.0.3626.119 Safari/537.36"
209.17.96.98 - - [15/May/2020:23:41:41 -0300] "GET / HTTP/1.1" 200 10020 "-" "Mozilla/5.0 (compatible; Nimbostratus-Bot/v1.3.2; http://cloudsystemnetworks.com)"
209.17.96.154 - - [16/May/2020:03:47:56 -0300] "GET / HTTP/1.1" 200 10020 "-" "Mozilla/5.0 (compatible; Nimbostratus-Bot/v1.3.2; http://cloudsystemnetworks.com)"
129.144.186.118 - - [16/May/2020:07:02:19 -0300] "GET / HTTP/1.0" 200 386 "-" "Mozilla/5.0 (Windows NT 10.0; Win64; x64; rv:57.0) Gecko/20100101 Firefox/57.0"
129.144.186.118 - - [16/May/2020:07:02:19 -0300] "GET /cgi-bin/test-cgi HTTP/1.0" 404 1461 "-" "Mozilla/5.0 (Windows NT 10.0; Win64; x64; rv:57.0) Gecko/20100101 Firefox/57.0"
129.144.186.118 - - [16/May/2020:07:02:20 -0300] "GET /horde/imp/test.php HTTP/1.0" 404 1461 "-" "Mozilla/5.0 (Windows NT 10.0; Win64; x64; rv:57.0) Gecko/20100101 Firefox/57.0"
129.144.186.118 - - [16/May/2020:07:02:20 -0300] "GET /login?from=0.000000 HTTP/1.0" 404 1461 "-" "Mozilla/5.0 (Windows NT 10.0; Win64; x64; rv:57.0) Gecko/20100101 Firefox/57.0"
129.144.186.118 - - [16/May/2020:07:02:20 -0300] "GET /phpMyAdmin/scripts/setup.php HTTP/1.0" 404 1461 "-" "Mozilla/5.0 (Windows NT 10.0; Win64; x64; rv:57.0) Gecko/20100101 Firefox/57.0"
129.144.186.118 - - [16/May/2020:07:02:20 -0300] "GET /phpmyadmin/scripts/setup.php HTTP/1.0" 404 1461 "-" "Mozilla/5.0 (Windows NT 10.0; Win64; x64; rv:57.0) Gecko/20100101 Firefox/57.0"
129.144.186.118 - - [16/May/2020:07:02:19 -0300] "GET / HTTP/1.1" 200 10020 "-" "Mozilla/5.0 (Windows NT 10.0; Win64; x64; rv:57.0) Gecko/20100101 Firefox/57.0"
129.213.64.179 - - [17/May/2020:20:43:46 -0300] "GET / HTTP/1.0" 200 386 "-" "-"
129.213.64.179 - - [17/May/2020:20:43:46 -0300] "GET / HTTP/1.1" 200 10020 "-" "-"
181.65.158.26 - - [19/May/2020:01:23:52 -0300] "GET / HTTP/1.0" 200 386 "-" "Mozilla/5.0 (Windows NT 10.0; Win64; x64; rv:57.0) Gecko/20100101 Firefox/57.0"
181.65.158.26 - - [19/May/2020:01:23:54 -0300] "GET /cgi-bin/test-cgi HTTP/1.0" 404 1461 "-" "Mozilla/5.0 (Windows NT 10.0; Win64; x64; rv:57.0) Gecko/20100101 Firefox/57.0"
181.65.158.26 - - [19/May/2020:01:23:55 -0300] "GET /horde/imp/test.php HTTP/1.0" 404 1461 "-" "Mozilla/5.0 (Windows NT 10.0; Win64; x64; rv:57.0) Gecko/20100101 Firefox/57.0"
181.65.158.26 - - [19/May/2020:01:23:57 -0300] "GET /phpMyAdmin/scripts/setup.php HTTP/1.0" 404 1461 "-" "Mozilla/5.0 (Windows NT 10.0; Win64; x64; rv:57.0) Gecko/20100101 Firefox/57.0"
181.65.158.26 - - [19/May/2020:01:23:58 -0300] "GET /phpmyadmin/scripts/setup.php HTTP/1.0" 404 1461 "-" "Mozilla/5.0 (Windows NT 10.0; Win64; x64; rv:57.0) Gecko/20100101 Firefox/57.0"
181.65.158.26 - - [19/May/2020:01:23:59 -0300] "GET /login?from=-24487672766705943993242180112842967442152351293718128784242539359630079935374669542978477938017183709885228845573284184404808033119786924060783450791154730816709328896.000000 HTTP/1.0" 404 1461 "-" "Mozilla/5.0 (Windows NT 10.0; Win64; x64; rv:57.0) Gecko/20100101 Firefox/57.0"
34.247.12.81 - - [19/May/2020:03:47:03 -0300] "GET /robots.txt HTTP/1.0" 404 1461 "-" "PleskBot"
34.247.12.81 - - [19/May/2020:03:47:04 -0300] "GET / HTTP/1.0" 200 386 "-" "PleskBot"
181.65.158.26 - - [19/May/2020:01:23:52 -0300] "GET / HTTP/1.1" 200 10020 "-" "Mozilla/5.0 (Windows NT 10.0; Win64; x64; rv:57.0) Gecko/20100101 Firefox/57.0"
34.247.12.81 - - [19/May/2020:03:47:04 -0300] "GET / HTTP/1.1" 200 10020 "-" "PleskBot"
209.17.96.194 - - [20/May/2020:08:50:51 -0300] "GET / HTTP/1.0" 200 386 "-" "Mozilla/5.0 (compatible; Nimbostratus-Bot/v1.3.2; http://cloudsystemnetworks.com)"
66.249.69.127 - - [20/May/2020:10:34:25 -0300] "GET /robots.txt HTTP/1.0" 503 4699 "-" "Mozilla/5.0 (compatible; Googlebot/2.1; +http://www.google.com/bot.html)"
66.249.69.221 - - [20/May/2020:11:02:53 -0300] "GET /robots.txt HTTP/1.0" 503 1544 "-" "Mozilla/5.0 (compatible; Googlebot/2.1; +http://www.google.com/bot.html)"
209.17.96.170 - - [20/May/2020:14:44:08 -0300] "GET / HTTP/1.0" 200 386 "-" "Mozilla/5.0 (compatible; Nimbostratus-Bot/v1.3.2; http://cloudsystemnetworks.com)"
209.17.96.194 - - [20/May/2020:08:50:51 -0300] "GET / HTTP/1.1" 200 10020 "-" "Mozilla/5.0 (compatible; Nimbostratus-Bot/v1.3.2; http://cloudsystemnetworks.com)"
209.17.96.170 - - [20/May/2020:14:44:08 -0300] "GET / HTTP/1.1" 200 10020 "-" "Mozilla/5.0 (compatible; Nimbostratus-Bot/v1.3.2; http://cloudsystemnetworks.com)"
66.249.69.127 - - [21/May/2020:16:09:18 -0300] "GET /robots.txt HTTP/1.0" 404 1461 "-" "Mozilla/5.0 (compatible; Googlebot/2.1; +http://www.google.com/bot.html)"
66.249.69.127 - - [21/May/2020:16:09:19 -0300] "GET /.well-known/assetlinks.json HTTP/1.0" 404 1461 "-" "Mozilla/5.0 (compatible; Googlebot/2.1; +http://www.google.com/bot.html)"
209.17.96.50 - - [22/May/2020:03:49:50 -0300] "GET / HTTP/1.0" 200 386 "-" "Mozilla/5.0 (compatible; Nimbostratus-Bot/v1.3.2; http://cloudsystemnetworks.com)"
209.17.96.50 - - [22/May/2020:03:49:50 -0300] "GET / HTTP/1.1" 200 10020 "-" "Mozilla/5.0 (compatible; Nimbostratus-Bot/v1.3.2; http://cloudsystemnetworks.com)"
183.136.225.46 - - [23/May/2020:14:40:08 -0300] "GET / HTTP/1.0" 503 1544 "-" "Mozilla/5.0 (Macintosh; Intel Mac OS X 10.11; rv:47.0) Gecko/20100101 Firefox/47.0"
209.17.96.66 - - [26/May/2020:08:33:45 -0300] "GET / HTTP/1.0" 200 386 "-" "Mozilla/5.0 (compatible; Nimbostratus-Bot/v1.3.2; http://cloudsystemnetworks.com)"
3.249.52.5 - - [27/May/2020:03:03:47 -0300] "GET /robots.txt HTTP/1.0" 404 1461 "-" "PleskBot"
3.249.52.5 - - [27/May/2020:03:03:48 -0300] "GET / HTTP/1.0" 200 386 "-" "PleskBot"
209.17.96.66 - - [26/May/2020:08:33:45 -0300] "GET / HTTP/1.1" 200 10020 "-" "Mozilla/5.0 (compatible; Nimbostratus-Bot/v1.3.2; http://cloudsystemnetworks.com)"
3.249.52.5 - - [27/May/2020:03:03:48 -0300] "GET / HTTP/1.1" 200 10020 "-" "PleskBot"
209.17.96.50 - - [27/May/2020:06:36:50 -0300] "GET / HTTP/1.0" 200 386 "-" "Mozilla/5.0 (compatible; Nimbostratus-Bot/v1.3.2; http://cloudsystemnetworks.com)"
183.136.225.46 - - [27/May/2020:18:32:17 -0300] "GET /login.php?success_redirect_url=https%3A%2F%2Fcolegiove.com.br%2F HTTP/1.0" 404 375 "-" "Mozilla/5.0 (Macintosh; Intel Mac OS X 10.11; rv:47.0) Gecko/20100101 Firefox/47.0"
66.249.69.193 - - [28/May/2020:00:38:44 -0300] "GET /robots.txt HTTP/1.0" 404 1461 "-" "Mozilla/5.0 (compatible; Googlebot/2.1; +http://www.google.com/bot.html)"
66.249.69.193 - - [28/May/2020:00:38:44 -0300] "GET /.well-known/assetlinks.json HTTP/1.0" 404 1461 "-" "Mozilla/5.0 (compatible; Googlebot/2.1; +http://www.google.com/bot.html)"
209.17.96.50 - - [27/May/2020:06:36:50 -0300] "GET / HTTP/1.1" 200 10020 "-" "Mozilla/5.0 (compatible; Nimbostratus-Bot/v1.3.2; http://cloudsystemnetworks.com)"
66.249.69.252 - - [28/May/2020:12:02:37 -0300] "GET /robots.txt HTTP/1.0" 404 1461 "-" "Mozilla/5.0 (compatible; Googlebot/2.1; +http://www.google.com/bot.html)"
66.249.69.254 - - [28/May/2020:12:02:39 -0300] "GET /.well-known/assetlinks.json HTTP/1.0" 404 1461 "-" "Mozilla/5.0 (compatible; Googlebot/2.1; +http://www.google.com/bot.html)"
209.17.96.130 - - [29/May/2020:04:00:56 -0300] "GET / HTTP/1.0" 200 386 "-" "Mozilla/5.0 (compatible; Nimbostratus-Bot/v1.3.2; http://cloudsystemnetworks.com)"
209.17.96.202 - - [29/May/2020:04:04:59 -0300] "GET / HTTP/1.0" 200 386 "-" "Mozilla/5.0 (compatible; Nimbostratus-Bot/v1.3.2; http://cloudsystemnetworks.com)"
209.17.96.130 - - [29/May/2020:04:00:56 -0300] "GET / HTTP/1.1" 200 10020 "-" "Mozilla/5.0 (compatible; Nimbostratus-Bot/v1.3.2; http://cloudsystemnetworks.com)"
209.17.96.202 - - [29/May/2020:04:04:59 -0300] "GET / HTTP/1.1" 200 10020 "-" "Mozilla/5.0 (compatible; Nimbostratus-Bot/v1.3.2; http://cloudsystemnetworks.com)"
66.249.69.127 - - [31/May/2020:04:00:19 -0300] "GET /robots.txt HTTP/1.0" 404 1461 "-" "Mozilla/5.0 (compatible; Googlebot/2.1; +http://www.google.com/bot.html)"
66.249.69.127 - - [31/May/2020:04:00:19 -0300] "GET /.well-known/assetlinks.json HTTP/1.0" 404 1461 "-" "Mozilla/5.0 (compatible; Googlebot/2.1; +http://www.google.com/bot.html)"
183.136.225.46 - - [31/May/2020:13:11:12 -0300] "GET /login.php?success_redirect_url=https%3A%2F%2Fcolegiove.com.br%2F HTTP/1.0" 404 375 "-" "Mozilla/5.0 (Macintosh; Intel Mac OS X 10.11; rv:47.0) Gecko/20100101 Firefox/47.0"
138.246.253.15 - - [31/May/2020:15:30:04 -0300] "HEAD / HTTP/1.0" 200 137 "-" "Mozilla/5.0 (Windows NT 6.1; Win64; x64) AppleWebKit/537.36 (KHTML, like Gecko) Chrome/40.0.2214.85 Safari/537.36"
138.246.253.15 - - [01/Jun/2020:17:20:01 -0300] "HEAD / HTTP/1.0" 200 137 "-" "Mozilla/5.0 (Windows NT 6.1; Win64; x64) AppleWebKit/537.36 (KHTML, like Gecko) Chrome/40.0.2214.85 Safari/537.36"
209.17.96.146 - - [02/Jun/2020:20:14:40 -0300] "GET / HTTP/1.0" 200 386 "-" "Mozilla/5.0 (compatible; Nimbostratus-Bot/v1.3.2; http://cloudsystemnetworks.com)"
209.17.96.2 - - [03/Jun/2020:00:12:45 -0300] "GET / HTTP/1.0" 200 386 "-" "Mozilla/5.0 (compatible; Nimbostratus-Bot/v1.3.2; http://cloudsystemnetworks.com)"
3.249.56.130 - - [03/Jun/2020:03:14:07 -0300] "GET /robots.txt HTTP/1.0" 404 1461 "-" "PleskBot"
3.249.56.130 - - [03/Jun/2020:03:14:08 -0300] "GET / HTTP/1.0" 200 386 "-" "PleskBot"
209.17.96.146 - - [02/Jun/2020:20:14:40 -0300] "GET / HTTP/1.1" 200 10020 "-" "Mozilla/5.0 (compatible; Nimbostratus-Bot/v1.3.2; http://cloudsystemnetworks.com)"
209.17.96.2 - - [03/Jun/2020:00:12:45 -0300] "GET / HTTP/1.1" 200 10020 "-" "Mozilla/5.0 (compatible; Nimbostratus-Bot/v1.3.2; http://cloudsystemnetworks.com)"
3.249.56.130 - - [03/Jun/2020:03:14:08 -0300] "GET / HTTP/1.1" 200 10020 "-" "PleskBot"
183.136.225.46 - - [04/Jun/2020:12:15:24 -0300] "GET /login.php?success_redirect_url=https%3A%2F%2Fcolegiove.com.br%2F HTTP/1.0" 404 375 "-" "Mozilla/5.0 (Macintosh; Intel Mac OS X 10.11; rv:47.0) Gecko/20100101 Firefox/47.0"
66.249.69.125 - - [04/Jun/2020:22:20:51 -0300] "GET /robots.txt HTTP/1.0" 404 4616 "-" "Mozilla/5.0 (compatible; Googlebot/2.1; +http://www.google.com/bot.html)"
66.249.69.125 - - [04/Jun/2020:22:20:51 -0300] "GET /.well-known/assetlinks.json HTTP/1.0" 404 1461 "-" "Mozilla/5.0 (compatible; Googlebot/2.1; +http://www.google.com/bot.html)"
209.17.97.114 - - [05/Jun/2020:01:23:48 -0300] "GET / HTTP/1.0" 200 386 "-" "Mozilla/5.0 (compatible; Nimbostratus-Bot/v1.3.2; http://cloudsystemnetworks.com)"
209.17.97.114 - - [05/Jun/2020:01:23:48 -0300] "GET / HTTP/1.1" 200 10020 "-" "Mozilla/5.0 (compatible; Nimbostratus-Bot/v1.3.2; http://cloudsystemnetworks.com)"
165.22.42.187 - - [05/Jun/2020:16:13:58 -0300] "GET / HTTP/1.0" 200 386 "-" "Mozilla/5.0 (compatible; NetcraftSurveyAgent/1.0; +info@netcraft.com)"
45.55.57.160 - - [05/Jun/2020:16:54:29 -0300] "GET / HTTP/1.0" 200 386 "-" "Mozilla/5.0 (compatible; NetcraftSurveyAgent/1.0; +info@netcraft.com)"
165.22.42.187 - - [05/Jun/2020:16:13:58 -0300] "GET / HTTP/1.0" 200 10020 "-" "Mozilla/5.0 (compatible; NetcraftSurveyAgent/1.0; +info@netcraft.com)"
45.55.57.160 - - [05/Jun/2020:16:54:29 -0300] "GET / HTTP/1.0" 200 10020 "-" "Mozilla/5.0 (compatible; NetcraftSurveyAgent/1.0; +info@netcraft.com)"
66.249.69.127 - - [07/Jun/2020:04:40:23 -0300] "GET /robots.txt HTTP/1.0" 404 1461 "-" "Mozilla/5.0 (compatible; Googlebot/2.1; +http://www.google.com/bot.html)"
66.249.69.125 - - [07/Jun/2020:04:40:23 -0300] "GET /.well-known/assetlinks.json HTTP/1.0" 404 1461 "-" "Mozilla/5.0 (compatible; Googlebot/2.1; +http://www.google.com/bot.html)"
209.17.96.178 - - [07/Jun/2020:09:03:28 -0300] "GET / HTTP/1.0" 200 386 "-" "Mozilla/5.0 (compatible; Nimbostratus-Bot/v1.3.2; http://cloudsystemnetworks.com)"
209.17.96.178 - - [07/Jun/2020:09:03:28 -0300] "GET / HTTP/1.1" 200 10020 "-" "Mozilla/5.0 (compatible; Nimbostratus-Bot/v1.3.2; http://cloudsystemnetworks.com)"
183.136.225.46 - - [08/Jun/2020:10:37:41 -0300] "GET / HTTP/1.0" 200 386 "-" "Mozilla/5.0 (Macintosh; Intel Mac OS X 10.11; rv:47.0) Gecko/20100101 Firefox/47.0"
183.136.225.46 - - [08/Jun/2020:14:18:24 -0300] "GET /login.php?success_redirect_url=https%3A%2F%2Fcolegiove.com.br%2F HTTP/1.0" 404 375 "-" "Mozilla/5.0 (Macintosh; Intel Mac OS X 10.11; rv:47.0) Gecko/20100101 Firefox/47.0"
66.249.69.125 - - [08/Jun/2020:21:47:25 -0300] "GET /robots.txt HTTP/1.0" 404 1461 "-" "Mozilla/5.0 (compatible; Googlebot/2.1; +http://www.google.com/bot.html)"
66.249.69.127 - - [08/Jun/2020:21:47:26 -0300] "GET /.well-known/assetlinks.json HTTP/1.0" 404 1461 "-" "Mozilla/5.0 (compatible; Googlebot/2.1; +http://www.google.com/bot.html)"
177.68.146.89 - - [08/Jun/2020:23:29:39 -0300] "GET / HTTP/1.0" 200 386 "-" "Mozilla/5.0 (Windows NT 10.0; WOW64) AppleWebKit/537.36 (KHTML, like Gecko) Chrome/53.0.2785.116 Safari/537.36"
183.136.225.46 - - [08/Jun/2020:10:37:41 -0300] "GET / HTTP/1.1" 200 10020 "-" "Mozilla/5.0 (Macintosh; Intel Mac OS X 10.11; rv:47.0) Gecko/20100101 Firefox/47.0"
177.68.146.89 - - [08/Jun/2020:23:29:39 -0300] "GET / HTTP/1.1" 200 10020 "-" "Mozilla/5.0 (Windows NT 10.0; WOW64) AppleWebKit/537.36 (KHTML, like Gecko) Chrome/53.0.2785.116 Safari/537.36"
209.17.96.186 - - [09/Jun/2020:09:22:23 -0300] "GET / HTTP/1.0" 200 386 "-" "Mozilla/5.0 (compatible; Nimbostratus-Bot/v1.3.2; http://cloudsystemnetworks.com)"
209.17.96.106 - - [09/Jun/2020:10:40:27 -0300] "GET / HTTP/1.0" 200 386 "-" "Mozilla/5.0 (compatible; Nimbostratus-Bot/v1.3.2; http://cloudsystemnetworks.com)"
34.247.68.65 - - [10/Jun/2020:00:34:49 -0300] "GET /robots.txt HTTP/1.0" 404 1461 "-" "PleskBot"
34.247.68.65 - - [10/Jun/2020:00:34:50 -0300] "GET / HTTP/1.0" 200 386 "-" "PleskBot"
69.4.87.74 - - [10/Jun/2020:04:59:26 -0300] "GET / HTTP/1.0" 200 386 "-" "Mozilla/5.0 (Windows NT 6.1; Win64; x64) AppleWebKit/537.36 (KHTML, like Gecko) Chrome/64.0.3282.186 Safari/537.36"
69.4.87.74 - - [10/Jun/2020:04:59:26 -0300] "GET / HTTP/1.0" 200 386 "-" "Mozilla/5.0 (iPhone; CPU iPhone OS 10_3_1 like Mac OS X) AppleWebKit/603.1.30 (KHTML, like Gecko) Version/10.0 Mobile/14E304 Safari/602.1"
93.119.227.91 - - [10/Jun/2020:04:59:26 -0300] "GET / HTTP/1.0" 200 386 "-" "Mozilla/5.0 (Windows NT 10.0; Win64; x64) AppleWebKit/537.36 (KHTML, like Gecko) Chrome/58.0.3029.110 Safari/537.36 Edge/16.16299"
93.119.227.91 - - [10/Jun/2020:04:59:27 -0300] "GET / HTTP/1.0" 200 386 "-" "Mozilla/5.0 (Windows NT 6.1; WOW64; Trident/7.0; rv:11.0) like Gecko"
179.43.169.182 - - [10/Jun/2020:05:00:17 -0300] "GET / HTTP/1.0" 200 386 "-" "Mozilla/5.0 (X11; Linux i686; rv:10.0) Gecko/20100101 Firefox/10.0"
179.43.169.182 - - [10/Jun/2020:05:00:17 -0300] "GET / HTTP/1.0" 200 386 "-" "Mozilla/5.0 (X11; Linux i686; rv:10.0) Gecko/20100101 Firefox/10.0"
69.4.89.106 - - [10/Jun/2020:05:01:04 -0300] "GET / HTTP/1.0" 200 386 "-" "Mozilla/5.0 (Macintosh; Intel Mac OS X 10_12_6) AppleWebKit/604.5.6 (KHTML, like Gecko) Version/11.0.3 Safari/604.5.6"
69.4.89.106 - - [10/Jun/2020:05:01:04 -0300] "GET / HTTP/1.0" 200 386 "-" "Mozilla/5.0 (Macintosh; Intel Mac OS X 10_12_6) AppleWebKit/537.36 (KHTML, like Gecko) Chrome/64.0.3282.186 Safari/537.36"
67.205.165.53 - - [10/Jun/2020:05:27:59 -0300] "GET / HTTP/1.0" 200 386 "-" "Go-http-client/1.1"
67.205.165.53 - - [10/Jun/2020:05:30:03 -0300] "GET / HTTP/1.0" 200 386 "-" "Go-http-client/1.1"
179.43.169.182 - - [10/Jun/2020:05:30:04 -0300] "GET / HTTP/1.0" 200 386 "-" "Mozilla/5.0 (X11; Linux i686; rv:10.0) Gecko/20100101 Firefox/10.0"
93.119.227.19 - - [10/Jun/2020:06:22:05 -0300] "GET / HTTP/1.0" 200 386 "-" "Mozilla/5.0 (Linux; U; Android 4.4.2; en-us; SCH-I535 Build/KOT49H) AppleWebKit/534.30 (KHTML, like Gecko) Version/4.0 Mobile Safari/534.30"
93.119.227.19 - - [10/Jun/2020:06:22:05 -0300] "GET / HTTP/1.0" 200 386 "-" "Mozilla/5.0 (Macintosh; Intel Mac OS X 10_12_6) AppleWebKit/604.5.6 (KHTML, like Gecko) Version/11.0.3 Safari/604.5.6"
209.17.96.186 - - [09/Jun/2020:09:22:23 -0300] "GET / HTTP/1.1" 200 10020 "-" "Mozilla/5.0 (compatible; Nimbostratus-Bot/v1.3.2; http://cloudsystemnetworks.com)"
209.17.96.106 - - [09/Jun/2020:10:40:27 -0300] "GET / HTTP/1.1" 200 10020 "-" "Mozilla/5.0 (compatible; Nimbostratus-Bot/v1.3.2; http://cloudsystemnetworks.com)"
34.247.68.65 - - [10/Jun/2020:00:34:50 -0300] "GET / HTTP/1.1" 200 10020 "-" "PleskBot"
69.4.87.74 - - [10/Jun/2020:04:59:26 -0300] "GET / HTTP/1.1" 200 10020 "-" "Mozilla/5.0 (Windows NT 6.1; Win64; x64) AppleWebKit/537.36 (KHTML, like Gecko) Chrome/64.0.3282.186 Safari/537.36"
69.4.87.74 - - [10/Jun/2020:04:59:26 -0300] "GET / HTTP/1.1" 200 10020 "-" "Mozilla/5.0 (iPhone; CPU iPhone OS 10_3_1 like Mac OS X) AppleWebKit/603.1.30 (KHTML, like Gecko) Version/10.0 Mobile/14E304 Safari/602.1"
93.119.227.91 - - [10/Jun/2020:04:59:26 -0300] "GET / HTTP/1.1" 200 10020 "-" "Mozilla/5.0 (Windows NT 10.0; Win64; x64) AppleWebKit/537.36 (KHTML, like Gecko) Chrome/58.0.3029.110 Safari/537.36 Edge/16.16299"
93.119.227.91 - - [10/Jun/2020:04:59:27 -0300] "GET / HTTP/1.1" 200 10020 "-" "Mozilla/5.0 (Windows NT 6.1; WOW64; Trident/7.0; rv:11.0) like Gecko"
179.43.169.182 - - [10/Jun/2020:05:00:17 -0300] "GET / HTTP/1.1" 200 10020 "-" "Mozilla/5.0 (X11; Linux i686; rv:10.0) Gecko/20100101 Firefox/10.0"
179.43.169.182 - - [10/Jun/2020:05:00:17 -0300] "GET / HTTP/1.1" 200 10020 "-" "Mozilla/5.0 (X11; Linux i686; rv:10.0) Gecko/20100101 Firefox/10.0"
69.4.89.106 - - [10/Jun/2020:05:01:04 -0300] "GET / HTTP/1.1" 200 10020 "-" "Mozilla/5.0 (Macintosh; Intel Mac OS X 10_12_6) AppleWebKit/604.5.6 (KHTML, like Gecko) Version/11.0.3 Safari/604.5.6"
69.4.89.106 - - [10/Jun/2020:05:01:04 -0300] "GET / HTTP/1.1" 200 10020 "-" "Mozilla/5.0 (Macintosh; Intel Mac OS X 10_12_6) AppleWebKit/537.36 (KHTML, like Gecko) Chrome/64.0.3282.186 Safari/537.36"
67.205.165.53 - - [10/Jun/2020:05:27:59 -0300] "GET / HTTP/1.1" 200 10020 "-" "Go-http-client/1.1"
67.205.165.53 - - [10/Jun/2020:05:30:03 -0300] "GET / HTTP/1.1" 200 10020 "-" "Go-http-client/1.1"
179.43.169.182 - - [10/Jun/2020:05:30:04 -0300] "GET / HTTP/1.1" 200 10020 "-" "Mozilla/5.0 (X11; Linux i686; rv:10.0) Gecko/20100101 Firefox/10.0"
93.119.227.19 - - [10/Jun/2020:06:22:05 -0300] "GET / HTTP/1.1" 200 10020 "-" "Mozilla/5.0 (Linux; U; Android 4.4.2; en-us; SCH-I535 Build/KOT49H) AppleWebKit/534.30 (KHTML, like Gecko) Version/4.0 Mobile Safari/534.30"
93.119.227.19 - - [10/Jun/2020:06:22:05 -0300] "GET / HTTP/1.1" 200 10020 "-" "Mozilla/5.0 (Macintosh; Intel Mac OS X 10_12_6) AppleWebKit/604.5.6 (KHTML, like Gecko) Version/11.0.3 Safari/604.5.6"
138.197.173.88 - - [10/Jun/2020:09:26:40 -0300] "HEAD / HTTP/1.0" 200 137 "-" "Mozilla/5.0 (Windows NT 6.3; WOW64) AppleWebKit/537.36 (KHTML, like Gecko) Chrome/41.0.2226.0 Safari/537.36"
159.203.44.43 - - [10/Jun/2020:09:26:41 -0300] "HEAD / HTTP/1.0" 200 137 "-" "Mozilla/5.0 (Windows NT 6.4; WOW64) AppleWebKit/537.36 (KHTML, like Gecko) Chrome/41.0.2225.0 Safari/537.36"
185.220.101.19 - - [10/Jun/2020:10:54:12 -0300] "GET / HTTP/1.0" 200 386 "-" "Mozilla/5.0 (Windows NT 10.0; Win64; x64) AppleWebKit/537.36 (KHTML, like Gecko) Chrome/83.0.4103.61 Safari/537.36"
185.220.101.19 - - [10/Jun/2020:10:54:12 -0300] "GET / HTTP/1.0" 200 386 "-" "Mozilla/5.0 (Windows NT 10.0; Win64; x64) AppleWebKit/537.36 (KHTML, like Gecko) Chrome/83.0.4103.61 Safari/537.36"
185.220.101.153 - - [10/Jun/2020:10:59:34 -0300] "GET / HTTP/1.0" 200 386 "-" "Mozilla/5.0 (Windows NT 10.0; Win64; x64) AppleWebKit/537.36 (KHTML, like Gecko) Chrome/83.0.4103.61 Safari/537.36"
185.220.101.153 - - [10/Jun/2020:10:59:34 -0300] "GET / HTTP/1.0" 200 386 "-" "Mozilla/5.0 (Windows NT 10.0; Win64; x64) AppleWebKit/537.36 (KHTML, like Gecko) Chrome/83.0.4103.61 Safari/537.36"
192.95.29.220 - - [11/Jun/2020:00:30:21 -0300] "GET /wp-login.php HTTP/1.0" 404 375 "-" "Mozilla/5.0 (Windows NT 10.0; WOW64) AppleWebKit/537.36 (KHTML, like Gecko) Chrome/46.0.2490.80 Safari/537.36"
192.95.29.220 - - [11/Jun/2020:00:30:21 -0300] "GET /robots.txt HTTP/1.0" 404 1461 "-" "Mozilla/5.0 (Windows NT 10.0; WOW64) AppleWebKit/537.36 (KHTML, like Gecko) Chrome/46.0.2490.80 Safari/537.36"
185.220.101.19 - - [10/Jun/2020:10:54:12 -0300] "GET / HTTP/1.1" 200 10020 "-" "Mozilla/5.0 (Windows NT 10.0; Win64; x64) AppleWebKit/537.36 (KHTML, like Gecko) Chrome/83.0.4103.61 Safari/537.36"
185.220.101.19 - - [10/Jun/2020:10:54:12 -0300] "GET / HTTP/1.1" 200 10020 "-" "Mozilla/5.0 (Windows NT 10.0; Win64; x64) AppleWebKit/537.36 (KHTML, like Gecko) Chrome/83.0.4103.61 Safari/537.36"
185.220.101.153 - - [10/Jun/2020:10:59:34 -0300] "GET / HTTP/1.1" 200 10020 "-" "Mozilla/5.0 (Windows NT 10.0; Win64; x64) AppleWebKit/537.36 (KHTML, like Gecko) Chrome/83.0.4103.61 Safari/537.36"
185.220.101.153 - - [10/Jun/2020:10:59:34 -0300] "GET / HTTP/1.1" 200 10020 "-" "Mozilla/5.0 (Windows NT 10.0; Win64; x64) AppleWebKit/537.36 (KHTML, like Gecko) Chrome/83.0.4103.61 Safari/537.36"
37.59.46.228 - - [11/Jun/2020:07:57:04 -0300] "GET /wp-login.php HTTP/1.0" 404 375 "-" "Mozilla/5.0 (Windows NT 10.0; WOW64) AppleWebKit/537.36 (KHTML, like Gecko) Chrome/46.0.2490.80 Safari/537.36"
37.59.46.228 - - [11/Jun/2020:07:57:38 -0300] "GET /robots.txt HTTP/1.0" 404 1461 "-" "Mozilla/5.0 (Windows NT 10.0; WOW64) AppleWebKit/537.36 (KHTML, like Gecko) Chrome/46.0.2490.80 Safari/537.36"
177.139.118.171 - - [11/Jun/2020:09:31:55 -0300] "GET /infantil/wgc_media/photos/01.jpg HTTP/1.0" 200 409 "https://www.google.com/blank.html" "Mozilla/5.0 (Linux; Android 9; SM-M105M Build/PPR1.180610.011; wv) AppleWebKit/537.36 (KHTML, like Gecko) Version/4.0 Chrome/83.0.4103.83 Mobile Safari/537.36 GSA/11.13.5.21.arm"
209.17.97.42 - - [12/Jun/2020:02:03:22 -0300] "GET / HTTP/1.0" 200 386 "-" "Mozilla/5.0 (compatible; Nimbostratus-Bot/v1.3.2; http://cloudsystemnetworks.com)"
177.139.118.171 - - [11/Jun/2020:09:31:55 -0300] "GET /infantil/wgc_media/photos/01.jpg HTTP/1.1" 200 38033 "https://www.google.com/blank.html" "Mozilla/5.0 (Linux; Android 9; SM-M105M Build/PPR1.180610.011; wv) AppleWebKit/537.36 (KHTML, like Gecko) Version/4.0 Chrome/83.0.4103.83 Mobile Safari/537.36 GSA/11.13.5.21.arm"
209.17.97.42 - - [12/Jun/2020:02:03:22 -0300] "GET / HTTP/1.1" 200 10020 "-" "Mozilla/5.0 (compatible; Nimbostratus-Bot/v1.3.2; http://cloudsystemnetworks.com)"
183.136.225.46 - - [12/Jun/2020:14:01:34 -0300] "GET /login.php?success_redirect_url=https%3A%2F%2Fcolegiove.com.br%2F HTTP/1.0" 404 375 "-" "Mozilla/5.0 (Macintosh; Intel Mac OS X 10.11; rv:47.0) Gecko/20100101 Firefox/47.0"
66.249.69.123 - - [12/Jun/2020:14:16:23 -0300] "GET /robots.txt HTTP/1.0" 404 1461 "-" "Mozilla/5.0 (compatible; Googlebot/2.1; +http://www.google.com/bot.html)"
66.249.69.125 - - [12/Jun/2020:14:16:23 -0300] "GET /.well-known/assetlinks.json HTTP/1.0" 404 1461 "-" "Mozilla/5.0 (compatible; Googlebot/2.1; +http://www.google.com/bot.html)"
183.136.225.46 - - [12/Jun/2020:14:23:19 -0300] "GET / HTTP/1.0" 200 386 "-" "Mozilla/5.0 (Macintosh; Intel Mac OS X 10.11; rv:47.0) Gecko/20100101 Firefox/47.0"
138.246.253.15 - - [12/Jun/2020:15:35:46 -0300] "HEAD / HTTP/1.0" 200 137 "-" "Mozilla/5.0 (Windows NT 6.1; Win64; x64) AppleWebKit/537.36 (KHTML, like Gecko) Chrome/40.0.2214.85 Safari/537.36"
183.136.225.46 - - [12/Jun/2020:14:23:19 -0300] "GET / HTTP/1.1" 200 10020 "-" "Mozilla/5.0 (Macintosh; Intel Mac OS X 10.11; rv:47.0) Gecko/20100101 Firefox/47.0"
209.17.96.58 - - [13/Jun/2020:09:04:12 -0300] "GET / HTTP/1.0" 200 386 "-" "Mozilla/5.0 (compatible; Nimbostratus-Bot/v1.3.2; http://cloudsystemnetworks.com)"
209.17.96.58 - - [13/Jun/2020:09:04:12 -0300] "GET / HTTP/1.1" 200 10020 "-" "Mozilla/5.0 (compatible; Nimbostratus-Bot/v1.3.2; http://cloudsystemnetworks.com)"
187.11.16.183 - - [14/Jun/2020:13:37:25 -0300] "GET /infantil/wgc_media/photos/01.jpg HTTP/1.0" 200 409 "https://www.google.com/" "Mozilla/5.0 (Windows NT 10.0; Win64; x64) AppleWebKit/537.36 (KHTML, like Gecko) Chrome/83.0.4103.97 Safari/537.36"
187.11.16.183 - - [14/Jun/2020:13:37:25 -0300] "GET /infantil/wgc_media/photos/01.jpg HTTP/1.1" 200 38033 "https://www.google.com/" "Mozilla/5.0 (Windows NT 10.0; Win64; x64) AppleWebKit/537.36 (KHTML, like Gecko) Chrome/83.0.4103.97 Safari/537.36"
183.136.225.46 - - [16/Jun/2020:11:04:39 -0300] "GET / HTTP/1.0" 200 386 "-" "Mozilla/5.0 (Macintosh; Intel Mac OS X 10.11; rv:47.0) Gecko/20100101 Firefox/47.0"
183.136.225.46 - - [16/Jun/2020:12:36:46 -0300] "GET /login.php?success_redirect_url=https%3A%2F%2Fcolegiove.com.br%2F HTTP/1.0" 404 375 "-" "Mozilla/5.0 (Macintosh; Intel Mac OS X 10.11; rv:47.0) Gecko/20100101 Firefox/47.0"
138.246.253.15 - - [17/Jun/2020:04:56:33 -0300] "HEAD / HTTP/1.0" 200 137 "-" "Mozilla/5.0 (Windows NT 6.1; Win64; x64) AppleWebKit/537.36 (KHTML, like Gecko) Chrome/40.0.2214.85 Safari/537.36"
129.213.67.237 - - [17/Jun/2020:05:12:31 -0300] "GET / HTTP/1.0" 200 386 "-" "-"
183.136.225.46 - - [16/Jun/2020:11:04:39 -0300] "GET / HTTP/1.1" 200 10020 "-" "Mozilla/5.0 (Macintosh; Intel Mac OS X 10.11; rv:47.0) Gecko/20100101 Firefox/47.0"
129.213.67.237 - - [17/Jun/2020:05:12:31 -0300] "GET / HTTP/1.1" 200 10020 "-" "-"
138.246.253.15 - - [17/Jun/2020:16:28:38 -0300] "HEAD / HTTP/1.0" 200 137 "-" "Mozilla/5.0 (Windows NT 6.1; Win64; x64) AppleWebKit/537.36 (KHTML, like Gecko) Chrome/40.0.2214.85 Safari/537.36"
3.249.51.5 - - [18/Jun/2020:01:18:54 -0300] "GET /robots.txt HTTP/1.0" 404 1461 "-" "PleskBot"
3.249.51.5 - - [18/Jun/2020:01:18:55 -0300] "GET / HTTP/1.0" 200 386 "-" "PleskBot"
3.249.51.5 - - [18/Jun/2020:01:18:55 -0300] "GET / HTTP/1.1" 200 10020 "-" "PleskBot"
83.143.86.62 - - [19/Jun/2020:11:13:11 -0300] "GET / HTTP/1.0" 200 386 "-" "Mozilla/5.0 zgrab/0.x"
66.249.69.125 - - [20/Jun/2020:03:12:56 -0300] "GET /robots.txt HTTP/1.0" 404 1461 "-" "Mozilla/5.0 (compatible; Googlebot/2.1; +http://www.google.com/bot.html)"
66.249.69.125 - - [20/Jun/2020:03:12:56 -0300] "GET /.well-known/assetlinks.json HTTP/1.0" 404 1461 "-" "Mozilla/5.0 (compatible; Googlebot/2.1; +http://www.google.com/bot.html)"
83.143.86.62 - - [19/Jun/2020:11:13:11 -0300] "GET / HTTP/1.1" 200 10020 "-" "Mozilla/5.0 zgrab/0.x"
18.203.153.112 - - [20/Jun/2020:03:47:58 -0300] "" 400 0 "-" "-"
183.136.225.46 - - [20/Jun/2020:07:28:51 -0300] "GET / HTTP/1.0" 200 386 "-" "Mozilla/5.0 (Macintosh; Intel Mac OS X 10.11; rv:47.0) Gecko/20100101 Firefox/47.0"
183.136.225.46 - - [20/Jun/2020:07:28:51 -0300] "GET / HTTP/1.1" 200 10020 "-" "Mozilla/5.0 (Macintosh; Intel Mac OS X 10.11; rv:47.0) Gecko/20100101 Firefox/47.0"
66.249.65.252 - - [22/Jun/2020:21:13:09 -0300] "GET /robots.txt HTTP/1.0" 404 1461 "-" "Mozilla/5.0 (compatible; Googlebot/2.1; +http://www.google.com/bot.html)"
66.249.65.250 - - [22/Jun/2020:21:13:09 -0300] "GET /.well-known/assetlinks.json HTTP/1.0" 404 1461 "-" "Mozilla/5.0 (compatible; Googlebot/2.1; +http://www.google.com/bot.html)"
34.254.159.132 - - [26/Jun/2020:00:25:04 -0300] "GET /robots.txt HTTP/1.0" 404 1461 "-" "PleskBot"
34.254.159.132 - - [26/Jun/2020:00:25:05 -0300] "GET / HTTP/1.0" 200 386 "-" "PleskBot"
34.254.159.132 - - [26/Jun/2020:00:25:05 -0300] "GET / HTTP/1.1" 200 10020 "-" "PleskBot"
66.249.69.240 - - [28/Jun/2020:18:20:51 -0300] "GET /robots.txt HTTP/1.0" 404 1461 "-" "Mozilla/5.0 (compatible; Googlebot/2.1; +http://www.google.com/bot.html)"
66.249.69.238 - - [28/Jun/2020:18:20:51 -0300] "GET /.well-known/assetlinks.json HTTP/1.0" 404 1461 "-" "Mozilla/5.0 (compatible; Googlebot/2.1; +http://www.google.com/bot.html)"
66.249.69.252 - - [30/Jun/2020:15:07:14 -0300] "GET /robots.txt HTTP/1.0" 404 1461 "-" "Mozilla/5.0 (compatible; Googlebot/2.1; +http://www.google.com/bot.html)"
66.249.69.250 - - [30/Jun/2020:15:07:14 -0300] "GET /.well-known/assetlinks.json HTTP/1.0" 404 1461 "-" "Mozilla/5.0 (compatible; Googlebot/2.1; +http://www.google.com/bot.html)"
34.255.182.159 - - [04/Jul/2020:02:02:17 -0300] "GET /robots.txt HTTP/1.0" 404 1461 "-" "PleskBot"
34.255.182.159 - - [04/Jul/2020:02:02:19 -0300] "GET / HTTP/1.0" 200 386 "-" "PleskBot"
34.255.182.159 - - [04/Jul/2020:02:02:19 -0300] "GET / HTTP/1.1" 200 10020 "-" "PleskBot"
138.197.3.20 - - [05/Jul/2020:17:50:27 -0300] "GET / HTTP/1.0" 200 386 "-" "Mozilla/5.0 (compatible; NetcraftSurveyAgent/1.0; +info@netcraft.com)"
68.183.50.15 - - [05/Jul/2020:17:58:32 -0300] "GET / HTTP/1.0" 200 386 "-" "Mozilla/5.0 (compatible; NetcraftSurveyAgent/1.0; +info@netcraft.com)"
138.197.3.20 - - [05/Jul/2020:17:50:27 -0300] "GET / HTTP/1.0" 200 10020 "-" "Mozilla/5.0 (compatible; NetcraftSurveyAgent/1.0; +info@netcraft.com)"
68.183.50.15 - - [05/Jul/2020:17:58:32 -0300] "GET / HTTP/1.0" 200 10020 "-" "Mozilla/5.0 (compatible; NetcraftSurveyAgent/1.0; +info@netcraft.com)"
66.249.69.254 - - [07/Jul/2020:13:42:13 -0300] "GET /robots.txt HTTP/1.0" 404 1461 "-" "Mozilla/5.0 (compatible; Googlebot/2.1; +http://www.google.com/bot.html)"
66.249.69.252 - - [07/Jul/2020:13:42:13 -0300] "GET /.well-known/assetlinks.json HTTP/1.0" 404 1461 "-" "Mozilla/5.0 (compatible; Googlebot/2.1; +http://www.google.com/bot.html)"
66.249.69.252 - - [09/Jul/2020:11:13:49 -0300] "GET /robots.txt HTTP/1.0" 404 1461 "-" "Mozilla/5.0 (compatible; Googlebot/2.1; +http://www.google.com/bot.html)"
66.249.69.250 - - [09/Jul/2020:11:13:49 -0300] "GET /.well-known/assetlinks.json HTTP/1.0" 404 1461 "-" "Mozilla/5.0 (compatible; Googlebot/2.1; +http://www.google.com/bot.html)"
18.190.24.182 - - [09/Jul/2020:12:35:42 -0300] "GET / HTTP/1.0" 200 386 "-" "Mozilla/5.0 (Windows NT 10.0; Win64; x64) AppleWebKit/537.36 (KHTML, like Gecko) Chrome/72.0.3626.119 Safari/537.36"
18.190.24.182 - - [09/Jul/2020:12:35:42 -0300] "GET / HTTP/1.1" 200 10020 "-" "Mozilla/5.0 (Windows NT 10.0; Win64; x64) AppleWebKit/537.36 (KHTML, like Gecko) Chrome/72.0.3626.119 Safari/537.36"
138.197.140.187 - - [10/Jul/2020:17:40:13 -0300] "HEAD / HTTP/1.0" 200 137 "-" "Mozilla/5.0 (Windows NT 6.1; WOW64) AppleWebKit/537.36 (KHTML, like Gecko) Chrome/41.0.2227.0 Safari/537.36"
138.197.170.220 - - [10/Jul/2020:17:40:13 -0300] "HEAD / HTTP/1.0" 200 137 "-" "Mozilla/5.0 (Windows NT 6.1; WOW64) AppleWebKit/537.36 (KHTML, like Gecko) Chrome/41.0.2227.0 Safari/537.36"
176.31.105.112 - - [11/Jul/2020:01:07:03 -0300] "GET /wp-login.php HTTP/1.0" 404 375 "-" "Mozilla/5.0 (Windows NT 10.0; WOW64) AppleWebKit/537.36 (KHTML, like Gecko) Chrome/46.0.2490.80 Safari/537.36"
176.31.105.112 - - [11/Jul/2020:01:07:17 -0300] "GET /robots.txt HTTP/1.0" 404 1461 "-" "Mozilla/5.0 (Windows NT 10.0; WOW64) AppleWebKit/537.36 (KHTML, like Gecko) Chrome/46.0.2490.80 Safari/537.36"
63.35.225.136 - - [12/Jul/2020:05:12:03 -0300] "GET /robots.txt HTTP/1.0" 404 1461 "-" "PleskBot"
